Archive member included to satisfy reference by file (symbol)

C:/ST/STM32CubeIDE_1.15.1/STM32CubeIDE/plugins/com.st.stm32cube.ide.mcu.externaltools.gnu-tools-for-stm32.12.3.rel1.win32_1.0.100.202403111256/tools/bin/../lib/gcc/arm-none-eabi/12.3.1/../../../../arm-none-eabi/lib/thumb/v7e-m+fp/hard\libc_nano.a(libc_a-exit.o)
                              C:/ST/STM32CubeIDE_1.15.1/STM32CubeIDE/plugins/com.st.stm32cube.ide.mcu.externaltools.gnu-tools-for-stm32.12.3.rel1.win32_1.0.100.202403111256/tools/bin/../lib/gcc/arm-none-eabi/12.3.1/../../../../arm-none-eabi/lib/thumb/v7e-m+fp/hard/crt0.o (exit)
C:/ST/STM32CubeIDE_1.15.1/STM32CubeIDE/plugins/com.st.stm32cube.ide.mcu.externaltools.gnu-tools-for-stm32.12.3.rel1.win32_1.0.100.202403111256/tools/bin/../lib/gcc/arm-none-eabi/12.3.1/../../../../arm-none-eabi/lib/thumb/v7e-m+fp/hard\libc_nano.a(libc_a-findfp.o)
                              C:/ST/STM32CubeIDE_1.15.1/STM32CubeIDE/plugins/com.st.stm32cube.ide.mcu.externaltools.gnu-tools-for-stm32.12.3.rel1.win32_1.0.100.202403111256/tools/bin/../lib/gcc/arm-none-eabi/12.3.1/../../../../arm-none-eabi/lib/thumb/v7e-m+fp/hard\libc_nano.a(libc_a-exit.o) (__stdio_exit_handler)
C:/ST/STM32CubeIDE_1.15.1/STM32CubeIDE/plugins/com.st.stm32cube.ide.mcu.externaltools.gnu-tools-for-stm32.12.3.rel1.win32_1.0.100.202403111256/tools/bin/../lib/gcc/arm-none-eabi/12.3.1/../../../../arm-none-eabi/lib/thumb/v7e-m+fp/hard\libc_nano.a(libc_a-fwalk.o)
                              C:/ST/STM32CubeIDE_1.15.1/STM32CubeIDE/plugins/com.st.stm32cube.ide.mcu.externaltools.gnu-tools-for-stm32.12.3.rel1.win32_1.0.100.202403111256/tools/bin/../lib/gcc/arm-none-eabi/12.3.1/../../../../arm-none-eabi/lib/thumb/v7e-m+fp/hard\libc_nano.a(libc_a-findfp.o) (_fwalk_sglue)
C:/ST/STM32CubeIDE_1.15.1/STM32CubeIDE/plugins/com.st.stm32cube.ide.mcu.externaltools.gnu-tools-for-stm32.12.3.rel1.win32_1.0.100.202403111256/tools/bin/../lib/gcc/arm-none-eabi/12.3.1/../../../../arm-none-eabi/lib/thumb/v7e-m+fp/hard\libc_nano.a(libc_a-stdio.o)
                              C:/ST/STM32CubeIDE_1.15.1/STM32CubeIDE/plugins/com.st.stm32cube.ide.mcu.externaltools.gnu-tools-for-stm32.12.3.rel1.win32_1.0.100.202403111256/tools/bin/../lib/gcc/arm-none-eabi/12.3.1/../../../../arm-none-eabi/lib/thumb/v7e-m+fp/hard\libc_nano.a(libc_a-findfp.o) (__sread)
C:/ST/STM32CubeIDE_1.15.1/STM32CubeIDE/plugins/com.st.stm32cube.ide.mcu.externaltools.gnu-tools-for-stm32.12.3.rel1.win32_1.0.100.202403111256/tools/bin/../lib/gcc/arm-none-eabi/12.3.1/../../../../arm-none-eabi/lib/thumb/v7e-m+fp/hard\libc_nano.a(libc_a-memset.o)
                              C:/ST/STM32CubeIDE_1.15.1/STM32CubeIDE/plugins/com.st.stm32cube.ide.mcu.externaltools.gnu-tools-for-stm32.12.3.rel1.win32_1.0.100.202403111256/tools/bin/../lib/gcc/arm-none-eabi/12.3.1/../../../../arm-none-eabi/lib/thumb/v7e-m+fp/hard/crt0.o (memset)
C:/ST/STM32CubeIDE_1.15.1/STM32CubeIDE/plugins/com.st.stm32cube.ide.mcu.externaltools.gnu-tools-for-stm32.12.3.rel1.win32_1.0.100.202403111256/tools/bin/../lib/gcc/arm-none-eabi/12.3.1/../../../../arm-none-eabi/lib/thumb/v7e-m+fp/hard\libc_nano.a(libc_a-closer.o)
                              C:/ST/STM32CubeIDE_1.15.1/STM32CubeIDE/plugins/com.st.stm32cube.ide.mcu.externaltools.gnu-tools-for-stm32.12.3.rel1.win32_1.0.100.202403111256/tools/bin/../lib/gcc/arm-none-eabi/12.3.1/../../../../arm-none-eabi/lib/thumb/v7e-m+fp/hard\libc_nano.a(libc_a-stdio.o) (_close_r)
C:/ST/STM32CubeIDE_1.15.1/STM32CubeIDE/plugins/com.st.stm32cube.ide.mcu.externaltools.gnu-tools-for-stm32.12.3.rel1.win32_1.0.100.202403111256/tools/bin/../lib/gcc/arm-none-eabi/12.3.1/../../../../arm-none-eabi/lib/thumb/v7e-m+fp/hard\libc_nano.a(libc_a-reent.o)
                              C:/ST/STM32CubeIDE_1.15.1/STM32CubeIDE/plugins/com.st.stm32cube.ide.mcu.externaltools.gnu-tools-for-stm32.12.3.rel1.win32_1.0.100.202403111256/tools/bin/../lib/gcc/arm-none-eabi/12.3.1/../../../../arm-none-eabi/lib/thumb/v7e-m+fp/hard\libc_nano.a(libc_a-closer.o) (errno)
C:/ST/STM32CubeIDE_1.15.1/STM32CubeIDE/plugins/com.st.stm32cube.ide.mcu.externaltools.gnu-tools-for-stm32.12.3.rel1.win32_1.0.100.202403111256/tools/bin/../lib/gcc/arm-none-eabi/12.3.1/../../../../arm-none-eabi/lib/thumb/v7e-m+fp/hard\libc_nano.a(libc_a-impure.o)
                              C:/ST/STM32CubeIDE_1.15.1/STM32CubeIDE/plugins/com.st.stm32cube.ide.mcu.externaltools.gnu-tools-for-stm32.12.3.rel1.win32_1.0.100.202403111256/tools/bin/../lib/gcc/arm-none-eabi/12.3.1/../../../../arm-none-eabi/lib/thumb/v7e-m+fp/hard\libc_nano.a(libc_a-reent.o) (_impure_ptr)
C:/ST/STM32CubeIDE_1.15.1/STM32CubeIDE/plugins/com.st.stm32cube.ide.mcu.externaltools.gnu-tools-for-stm32.12.3.rel1.win32_1.0.100.202403111256/tools/bin/../lib/gcc/arm-none-eabi/12.3.1/../../../../arm-none-eabi/lib/thumb/v7e-m+fp/hard\libc_nano.a(libc_a-lseekr.o)
[...]
Memory Configuration

Name             Origin             Length             Attributes
RAM              0x20000000         0x00018000         xrw
RAM2             0x10000000         0x00008000         xrw
FLASH            0x08000000         0x00100000         xr
*default*        0x00000000         0xffffffff

Linker script and memory map

LOAD C:/ST/STM32CubeIDE_1.15.1/STM32CubeIDE/plugins/com.st.stm32cube.ide.mcu.externaltools.gnu-tools-for-stm32.12.3.rel1.win32_1.0.100.202403111256/tools/bin/../lib/gcc/arm-none-eabi/12.3.1/thumb/v7e-m+fp/hard/crti.o
LOAD C:/ST/STM32CubeIDE_1.15.1/STM32CubeIDE/plugins/com.st.stm32cube.ide.mcu.externaltools.gnu-tools-for-stm32.12.3.rel1.win32_1.0.100.202403111256/tools/bin/../lib/gcc/arm-none-eabi/12.3.1/thumb/v7e-m+fp/hard/crtbegin.o
LOAD C:/ST/STM32CubeIDE_1.15.1/STM32CubeIDE/plugins/com.st.stm32cube.ide.mcu.externaltools.gnu-tools-for-stm32.12.3.rel1.win32_1.0.100.202403111256/tools/bin/../lib/gcc/arm-none-eabi/12.3.1/../../../../arm-none-eabi/lib/thumb/v7e-m+fp/hard/crt0.o
LOAD ./Core/Src/c64/basic.o
LOAD ./Core/Src/c64/characters.o
LOAD ./Core/Src/c64/cia.o
LOAD ./Core/Src/c64/cpu.o
LOAD ./Core/Src/c64/display.o
LOAD ./Core/Src/c64/kernal.o
LOAD ./Core/Src/c64/memory.o
LOAD ./Core/Src/c64/vic.o
LOAD ./Core/Src/main.o
LOAD ./Core/Src/pal.o
LOAD ./Core/Src/stm32l4xx_hal_msp.o
LOAD ./Core/Src/stm32l4xx_it.o
LOAD ./Core/Src/syscalls.o
LOAD ./Core/Src/sysmem.o
LOAD ./Core/Src/system_stm32l4xx.o
LOAD ./Core/Startup/startup_stm32l476rgtx.o
LOAD ./Drivers/STM32L4xx_HAL_Driver/Src/stm32l4xx_hal.o
LOAD ./Drivers/STM32L4xx_HAL_Driver/Src/stm32l4xx_hal_cortex.o
LOAD ./Drivers/STM32L4xx_HAL_Driver/Src/stm32l4xx_hal_dac.o
LOAD ./Drivers/STM32L4xx_HAL_Driver/Src/stm32l4xx_hal_dac_ex.o
LOAD ./Drivers/STM32L4xx_HAL_Driver/Src/stm32l4xx_hal_dma.o
LOAD ./Drivers/STM32L4xx_HAL_Driver/Src/stm32l4xx_hal_dma_ex.o
LOAD ./Drivers/STM32L4xx_HAL_Driver/Src/stm32l4xx_hal_exti.o
LOAD ./Drivers/STM32L4xx_HAL_Driver/Src/stm32l4xx_hal_flash.o
LOAD ./Drivers/STM32L4xx_HAL_Driver/Src/stm32l4xx_hal_flash_ex.o
LOAD ./Drivers/STM32L4xx_HAL_Driver/Src/stm32l4xx_hal_flash_ramfunc.o
LOAD ./Drivers/STM32L4xx_HAL_Driver/Src/stm32l4xx_hal_gpio.o
LOAD ./Drivers/STM32L4xx_HAL_Driver/Src/stm32l4xx_hal_i2c.o
LOAD ./Drivers/STM32L4xx_HAL_Driver/Src/stm32l4xx_hal_i2c_ex.o
LOAD ./Drivers/STM32L4xx_HAL_Driver/Src/stm32l4xx_hal_pwr.o
LOAD ./Drivers/STM32L4xx_HAL_Driver/Src/stm32l4xx_hal_pwr_ex.o
LOAD ./Drivers/STM32L4xx_HAL_Driver/Src/stm32l4xx_hal_rcc.o
LOAD ./Drivers/STM32L4xx_HAL_Driver/Src/stm32l4xx_hal_rcc_ex.o
LOAD ./Drivers/STM32L4xx_HAL_Driver/Src/stm32l4xx_hal_tim.o
LOAD ./Drivers/STM32L4xx_HAL_Driver/Src/stm32l4xx_hal_tim_ex.o
LOAD ./Drivers/STM32L4xx_HAL_Driver/Src/stm32l4xx_hal_uart.o
LOAD ./Drivers/STM32L4xx_HAL_Driver/Src/stm32l4xx_hal_uart_ex.o
START GROUP
LOAD C:/ST/STM32CubeIDE_1.15.1/STM32CubeIDE/plugins/com.st.stm32cube.ide.mcu.externaltools.gnu-tools-for-stm32.12.3.rel1.win32_1.0.100.202403111256/tools/bin/../lib/gcc/arm-none-eabi/12.3.1/../../../../arm-none-eabi/lib/thumb/v7e-m+fp/hard\libc_nano.a
LOAD C:/ST/STM32CubeIDE_1.15.1/STM32CubeIDE/plugins/com.st.stm32cube.ide.mcu.externaltools.gnu-tools-for-stm32.12.3.rel1.win32_1.0.100.202403111256/tools/bin/../lib/gcc/arm-none-eabi/12.3.1/../../../../arm-none-eabi/lib/thumb/v7e-m+fp/hard\libm.a
END GROUP
START GROUP
LOAD C:/ST/STM32CubeIDE_1.15.1/STM32CubeIDE/plugins/com.st.stm32cube.ide.mcu.externaltools.gnu-tools-for-stm32.12.3.rel1.win32_1.0.100.202403111256/tools/bin/../lib/gcc/arm-none-eabi/12.3.1/thumb/v7e-m+fp/hard\libgcc.a
LOAD C:/ST/STM32CubeIDE_1.15.1/STM32CubeIDE/plugins/com.st.stm32cube.ide.mcu.externaltools.gnu-tools-for-stm32.12.3.rel1.win32_1.0.100.202403111256/tools/bin/../lib/gcc/arm-none-eabi/12.3.1/../../../../arm-none-eabi/lib/thumb/v7e-m+fp/hard\libc_nano.a
END GROUP
START GROUP
LOAD C:/ST/STM32CubeIDE_1.15.1/STM32CubeIDE/plugins/com.st.stm32cube.ide.mcu.externaltools.gnu-tools-for-stm32.12.3.rel1.win32_1.0.100.202403111256/tools/bin/../lib/gcc/arm-none-eabi/12.3.1/thumb/v7e-m+fp/hard\libgcc.a
LOAD C:/ST/STM32CubeIDE_1.15.1/STM32CubeIDE/plugins/com.st.stm32cube.ide.mcu.externaltools.gnu-tools-for-stm32.12.3.rel1.win32_1.0.100.202403111256/tools/bin/../lib/gcc/arm-none-eabi/12.3.1/../../../../arm-none-eabi/lib/thumb/v7e-m+fp/hard\libc_nano.a
LOAD C:/ST/STM32CubeIDE_1.15.1/STM32CubeIDE/plugins/com.st.stm32cube.ide.mcu.externaltools.gnu-tools-for-stm32.12.3.rel1.win32_1.0.100.202403111256/tools/bin/../lib/gcc/arm-none-eabi/12.3.1/../../../../arm-none-eabi/lib/thumb/v7e-m+fp/hard\libnosys.a
END GROUP
START GROUP
LOAD C:/ST/STM32CubeIDE_1.15.1/STM32CubeIDE/plugins/com.st.stm32cube.ide.mcu.externaltools.gnu-tools-for-stm32.12.3.rel1.win32_1.0.100.202403111256/tools/bin/../lib/gcc/arm-none-eabi/12.3.1/thumb/v7e-m+fp/hard\libgcc.a
LOAD C:/ST/STM32CubeIDE_1.15.1/STM32CubeIDE/plugins/com.st.stm32cube.ide.mcu.externaltools.gnu-tools-for-stm32.12.3.rel1.win32_1.0.100.202403111256/tools/bin/../lib/gcc/arm-none-eabi/12.3.1/../../../../arm-none-eabi/lib/thumb/v7e-m+fp/hard\libc_nano.a
LOAD C:/ST/STM32CubeIDE_1.15.1/STM32CubeIDE/plugins/com.st.stm32cube.ide.mcu.externaltools.gnu-tools-for-stm32.12.3.rel1.win32_1.0.100.202403111256/tools/bin/../lib/gcc/arm-none-eabi/12.3.1/../../../../arm-none-eabi/lib/thumb/v7e-m+fp/hard\libnosys.a
END GROUP
LOAD C:/ST/STM32CubeIDE_1.15.1/STM32CubeIDE/plugins/com.st.stm32cube.ide.mcu.externaltools.gnu-tools-for-stm32.12.3.rel1.win32_1.0.100.202403111256/tools/bin/../lib/gcc/arm-none-eabi/12.3.1/thumb/v7e-m+fp/hard/crtend.o
LOAD C:/ST/STM32CubeIDE_1.15.1/STM32CubeIDE/plugins/com.st.stm32cube.ide.mcu.externaltools.gnu-tools-for-stm32.12.3.rel1.win32_1.0.100.202403111256/tools/bin/../lib/gcc/arm-none-eabi/12.3.1/thumb/v7e-m+fp/hard/crtn.o
                0x20018000                        _estack = (ORIGIN (RAM) + LENGTH (RAM))
                0x00000200                        _Min_Heap_Size = 0x200
                0x00000400                        _Min_Stack_Size = 0x400

.isr_vector     0x08000000      0x188
                0x08000000                        . = ALIGN (0x4)
 *(.isr_vector)
 .isr_vector    0x08000000      0x188 ./Core/Startup/startup_stm32l476rgtx.o
                0x08000000                g_pfnVectors
                0x08000188                        . = ALIGN (0x4)

.text           0x08000188     0x811c
                0x08000188                        . = ALIGN (0x4)
 *(.text)
 .text          0x08000188       0x40 C:/ST/STM32CubeIDE_1.15.1/STM32CubeIDE/plugins/com.st.stm32cube.ide.mcu.externaltools.gnu-tools-for-stm32.12.3.rel1.win32_1.0.100.202403111256/tools/bin/../lib/gcc/arm-none-eabi/12.3.1/thumb/v7e-m+fp/hard/crtbegin.o
 .text          0x080001c8       0x30 C:/ST/STM32CubeIDE_1.15.1/STM32CubeIDE/plugins/com.st.stm32cube.ide.mcu.externaltools.gnu-tools-for-stm32.12.3.rel1.win32_1.0.100.202403111256/tools/bin/../lib/gcc/arm-none-eabi/12.3.1/thumb/v7e-m+fp/hard\libgcc.a(_aeabi_uldivmod.o)
                0x080001c8                __aeabi_uldivmod
 .text          0x080001f8      0x2bc C:/ST/STM32CubeIDE_1.15.1/STM32CubeIDE/plugins/com.st.stm32cube.ide.mcu.externaltools.gnu-tools-for-stm32.12.3.rel1.win32_1.0.100.202403111256/tools/bin/../lib/gcc/arm-none-eabi/12.3.1/thumb/v7e-m+fp/hard\libgcc.a(_udivmoddi4.o)
                0x080001f8                __udivmoddi4
 .text          0x080004b4        0x4 C:/ST/STM32CubeIDE_1.15.1/STM32CubeIDE/plugins/com.st.stm32cube.ide.mcu.externaltools.gnu-tools-for-stm32.12.3.rel1.win32_1.0.100.202403111256/tools/bin/../lib/gcc/arm-none-eabi/12.3.1/thumb/v7e-m+fp/hard\libgcc.a(_dvmd_tls.o)
                0x080004b4                __aeabi_idiv0
                0x080004b4                __aeabi_ldiv0
 *(.text*)
 .text.cia_read
                0x080004b8       0xfc ./Core/Src/c64/cia.o
                0x080004b8                cia_read
 .text.cia_write
                0x080005b4       0xd0 ./Core/Src/c64/cia.o
                0x080005b4                cia_write
 .text.reset    0x08000684       0x9c ./Core/Src/c64/cpu.o
                0x08000684                reset
 .text.irq      0x08000720       0xb8 ./Core/Src/c64/cpu.o
                0x08000720                irq
 .text.nmi      0x080007d8       0xa4 ./Core/Src/c64/cpu.o
                0x080007d8                nmi
 .text.s_pop    0x0800087c       0x30 ./Core/Src/c64/cpu.o
                0x0800087c                s_pop
 .text.s_push   0x080008ac       0x34 ./Core/Src/c64/cpu.o
                0x080008ac                s_push
 .text.s_pop16  0x080008e0       0x2e ./Core/Src/c64/cpu.o
                0x080008e0                s_pop16
 .text.s_push16
                0x0800090e       0x2a ./Core/Src/c64/cpu.o
                0x0800090e                s_push16
 .text.load_ins_buf
                0x08000938       0x5c ./Core/Src/c64/cpu.o
                0x08000938                load_ins_buf
 .text.get_operand
                0x08000994      0x274 ./Core/Src/c64/cpu.o
                0x08000994                get_operand
 .text.exec_ora
                0x08000c08       0x5c ./Core/Src/c64/cpu.o
                0x08000c08                exec_ora
 .text.exec_and
                0x08000c64       0x5c ./Core/Src/c64/cpu.o
                0x08000c64                exec_and
 .text.exec_eor
                0x08000cc0       0x5c ./Core/Src/c64/cpu.o
                0x08000cc0                exec_eor
 .text.setCV    0x08000d1c       0xb4 ./Core/Src/c64/cpu.o
                0x08000d1c                setCV
 .text.exec_adc
                0x08000dd0       0x64 ./Core/Src/c64/cpu.o
                0x08000dd0                exec_adc
 .text.exec_sbc
                0x08000e34       0x64 ./Core/Src/c64/cpu.o
                0x08000e34                exec_sbc
 .text.exec_cmp
                0x08000e98       0x78 ./Core/Src/c64/cpu.o
                0x08000e98                exec_cmp
 .text.exec_cpx
                0x08000f10       0x78 ./Core/Src/c64/cpu.o
                0x08000f10                exec_cpx
 .text.exec_cpy
                0x08000f88       0x78 ./Core/Src/c64/cpu.o
                0x08000f88                exec_cpy
 .text.exec_dec
                0x08001000       0x5c ./Core/Src/c64/cpu.o
                0x08001000                exec_dec
 .text.exec_inc
                0x0800105c       0x5c ./Core/Src/c64/cpu.o
                0x0800105c                exec_inc
 .text.exec_asl
                0x080010b8       0x74 ./Core/Src/c64/cpu.o
                0x080010b8                exec_asl
 .text.exec_rol
                0x0800112c       0x80 ./Core/Src/c64/cpu.o
                0x0800112c                exec_rol
 .text.exec_lsr
                0x080011ac       0x78 ./Core/Src/c64/cpu.o
                0x080011ac                exec_lsr
 .text.exec_ror
                0x08001224       0x88 ./Core/Src/c64/cpu.o
                0x08001224                exec_ror
 .text.exec_lda
                0x080012ac       0x50 ./Core/Src/c64/cpu.o
                0x080012ac                exec_lda
 .text.exec_sta
                0x080012fc       0x50 ./Core/Src/c64/cpu.o
                0x080012fc                exec_sta
 .text.exec_ldx
                0x0800134c       0x50 ./Core/Src/c64/cpu.o
                0x0800134c                exec_ldx
 .text.exec_stx
                0x0800139c       0x50 ./Core/Src/c64/cpu.o
                0x0800139c                exec_stx
 .text.exec_ldy
                0x080013ec       0x50 ./Core/Src/c64/cpu.o
                0x080013ec                exec_ldy
 .text.exec_sty
                0x0800143c       0x50 ./Core/Src/c64/cpu.o
                0x0800143c                exec_sty
 .text.exec_ins
                0x0800148c      0xc60 ./Core/Src/c64/cpu.o
                0x0800148c                exec_ins
 .text.display_clear
                0x080020ec       0x44 ./Core/Src/c64/display.o
                0x080020ec                display_clear
 .text.mem_read
                0x08002130      0x184 ./Core/Src/c64/memory.o
                0x08002130                mem_read
 .text.mem_read16
                0x080022b4       0x3a ./Core/Src/c64/memory.o
                0x080022b4                mem_read16
 *fill*         0x080022ee        0x2 
 .text.mem_write
                0x080022f0      0x24c ./Core/Src/c64/memory.o
                0x080022f0                mem_write
 .text.vic_read
                0x0800253c       0x80 ./Core/Src/c64/vic.o
                0x0800253c                vic_read
 .text.vic_write
                0x080025bc       0x44 ./Core/Src/c64/vic.o
                0x080025bc                vic_write
 .text.vic_write_screen
                0x08002600       0xf0 ./Core/Src/c64/vic.o
                0x08002600                vic_write_screen
 .text.main     0x080026f0      0x280 ./Core/Src/main.o
                0x080026f0                main
 .text.SystemClock_Config
                0x08002970       0xa2 ./Core/Src/main.o
                0x08002970                SystemClock_Config
 *fill*         0x08002a12        0x2 
 .text.MX_DAC1_Init
                0x08002a14       0x64 ./Core/Src/main.o
 .text.MX_TIM2_Init
                0x08002a78       0xf0 ./Core/Src/main.o
 .text.MX_TIM4_Init
                0x08002b68       0x9c ./Core/Src/main.o
 .text.MX_TIM15_Init
                0x08002c04      0x13c ./Core/Src/main.o
 .text.MX_USART2_UART_Init
                0x08002d40       0x60 ./Core/Src/main.o
 .text.MX_DMA_Init
                0x08002da0       0x3c ./Core/Src/main.o
 .text.MX_GPIO_Init
                0x08002ddc      0x174 ./Core/Src/main.o
 .text.HAL_DAC_ConvHalfCpltCallbackCh1
                0x08002f50       0x30 ./Core/Src/main.o
                0x08002f50                HAL_DAC_ConvHalfCpltCallbackCh1
 .text.HAL_DAC_ConvCpltCallbackCh1
                0x08002f80       0x30 ./Core/Src/main.o
                0x08002f80                HAL_DAC_ConvCpltCallbackCh1
 .text.HAL_TIM_PeriodElapsedCallback
                0x08002fb0       0x2c ./Core/Src/main.o
                0x08002fb0                HAL_TIM_PeriodElapsedCallback
 .text.gpio_read_row
                0x08002fdc       0x40 ./Core/Src/main.o
                0x08002fdc                gpio_read_row
 .text.gpio_write_col
                0x0800301c       0x44 ./Core/Src/main.o
                0x0800301c                gpio_write_col
 .text.display_set_pixel
                0x08003060       0x84 ./Core/Src/main.o
                0x08003060                display_set_pixel
 .text.Error_Handler
                0x080030e4        0xc ./Core/Src/main.o
                0x080030e4                Error_Handler
 .text.PAL_Init
                0x080030f0      0x22c ./Core/Src/pal.o
                0x080030f0                PAL_Init
 .text.PAL_Start
                0x0800331c       0x32 ./Core/Src/pal.o
                0x0800331c                PAL_Start
 *fill*         0x0800334e        0x2 
 .text.PAL_IntHalfCplt
                0x08003350      0x1ac ./Core/Src/pal.o
                0x08003350                PAL_IntHalfCplt
 .text.PAL_IntCplt
                0x080034fc      0x1c4 ./Core/Src/pal.o
                0x080034fc                PAL_IntCplt
 .text.HAL_MspInit
                0x080036c0       0x48 ./Core/Src/stm32l4xx_hal_msp.o
                0x080036c0                HAL_MspInit
 .text.HAL_DAC_MspInit
                0x08003708       0xe8 ./Core/Src/stm32l4xx_hal_msp.o
                0x08003708                HAL_DAC_MspInit
 .text.HAL_TIM_Base_MspInit
                0x080037f0       0x98 ./Core/Src/stm32l4xx_hal_msp.o
                0x080037f0                HAL_TIM_Base_MspInit
 .text.HAL_TIM_MspPostInit
                0x08003888       0x6c ./Core/Src/stm32l4xx_hal_msp.o
                0x08003888                HAL_TIM_MspPostInit
 .text.HAL_UART_MspInit
                0x080038f4       0xb8 ./Core/Src/stm32l4xx_hal_msp.o
                0x080038f4                HAL_UART_MspInit
 .text.NMI_Handler
                0x080039ac        0x8 ./Core/Src/stm32l4xx_it.o
                0x080039ac                NMI_Handler
 .text.HardFault_Handler
                0x080039b4        0x8 ./Core/Src/stm32l4xx_it.o
                0x080039b4                HardFault_Handler
 .text.MemManage_Handler
                0x080039bc        0x8 ./Core/Src/stm32l4xx_it.o
                0x080039bc                MemManage_Handler
 .text.BusFault_Handler
                0x080039c4        0x8 ./Core/Src/stm32l4xx_it.o
                0x080039c4                BusFault_Handler
 .text.UsageFault_Handler
                0x080039cc        0x8 ./Core/Src/stm32l4xx_it.o
                0x080039cc                UsageFault_Handler
 .text.SVC_Handler
                0x080039d4        0xe ./Core/Src/stm32l4xx_it.o
                0x080039d4                SVC_Handler
 .text.DebugMon_Handler
                0x080039e2        0xe ./Core/Src/stm32l4xx_it.o
                0x080039e2                DebugMon_Handler
 .text.PendSV_Handler
                0x080039f0        0xe ./Core/Src/stm32l4xx_it.o
                0x080039f0                PendSV_Handler
 .text.SysTick_Handler
                0x080039fe        0xc ./Core/Src/stm32l4xx_it.o
                0x080039fe                SysTick_Handler
 *fill*         0x08003a0a        0x2 
 .text.DMA1_Channel3_IRQHandler
                0x08003a0c       0x14 ./Core/Src/stm32l4xx_it.o
                0x08003a0c                DMA1_Channel3_IRQHandler
 .text.TIM1_BRK_TIM15_IRQHandler
                0x08003a20       0x14 ./Core/Src/stm32l4xx_it.o
                0x08003a20                TIM1_BRK_TIM15_IRQHandler
 .text.TIM6_DAC_IRQHandler
                0x08003a34       0x14 ./Core/Src/stm32l4xx_it.o
                0x08003a34                TIM6_DAC_IRQHandler
 .text.SystemInit
                0x08003a48       0x24 ./Core/Src/system_stm32l4xx.o
                0x08003a48                SystemInit
 .text.Reset_Handler
                0x08003a6c       0x50 ./Core/Startup/startup_stm32l476rgtx.o
                0x08003a6c                Reset_Handler
 .text.Default_Handler
                0x08003abc        0x2 ./Core/Startup/startup_stm32l476rgtx.o
                0x08003abc                RTC_Alarm_IRQHandler
                0x08003abc                EXTI2_IRQHandler
                0x08003abc                TIM8_TRG_COM_IRQHandler
                0x08003abc                TIM8_CC_IRQHandler
                0x08003abc                TIM1_CC_IRQHandler
                0x08003abc                TSC_IRQHandler
                0x08003abc                TAMP_STAMP_IRQHandler
                0x08003abc                EXTI3_IRQHandler
                0x08003abc                LPTIM2_IRQHandler
                0x08003abc                DFSDM1_FLT1_IRQHandler
                0x08003abc                I2C3_ER_IRQHandler
                0x08003abc                DFSDM1_FLT2_IRQHandler
                0x08003abc                EXTI0_IRQHandler
                0x08003abc                I2C2_EV_IRQHandler
                0x08003abc                CAN1_RX0_IRQHandler
                0x08003abc                FPU_IRQHandler
                0x08003abc                TIM1_UP_TIM16_IRQHandler
                0x08003abc                ADC1_2_IRQHandler
                0x08003abc                SPI1_IRQHandler
                0x08003abc                TIM8_UP_IRQHandler
                0x08003abc                DMA2_Channel2_IRQHandler
                0x08003abc                DMA1_Channel4_IRQHandler
                0x08003abc                SAI2_IRQHandler
                0x08003abc                DFSDM1_FLT3_IRQHandler
                0x08003abc                USART3_IRQHandler
                0x08003abc                DMA1_Channel7_IRQHandler
                0x08003abc                CAN1_RX1_IRQHandler
                0x08003abc                LCD_IRQHandler
                0x08003abc                UART5_IRQHandler
                0x08003abc                ADC3_IRQHandler
                0x08003abc                TIM4_IRQHandler
                0x08003abc                DMA2_Channel1_IRQHandler
                0x08003abc                QUADSPI_IRQHandler
                0x08003abc                I2C1_EV_IRQHandler
                0x08003abc                DMA1_Channel6_IRQHandler
                0x08003abc                UART4_IRQHandler
                0x08003abc                DMA2_Channel4_IRQHandler
                0x08003abc                TIM3_IRQHandler
                0x08003abc                RCC_IRQHandler
                0x08003abc                DMA1_Channel1_IRQHandler
                0x08003abc                Default_Handler
                0x08003abc                DMA2_Channel7_IRQHandler
                0x08003abc                EXTI15_10_IRQHandler
                0x08003abc                TIM7_IRQHandler
                0x08003abc                SDMMC1_IRQHandler
                0x08003abc                TIM5_IRQHandler
                0x08003abc                I2C3_EV_IRQHandler
                0x08003abc                EXTI9_5_IRQHandler
                0x08003abc                RTC_WKUP_IRQHandler
                0x08003abc                PVD_PVM_IRQHandler
                0x08003abc                SPI2_IRQHandler
                0x08003abc                CAN1_TX_IRQHandler
                0x08003abc                DMA2_Channel5_IRQHandler
                0x08003abc                DMA1_Channel5_IRQHandler
                0x08003abc                EXTI4_IRQHandler
                0x08003abc                RNG_IRQHandler
                0x08003abc                TIM1_TRG_COM_TIM17_IRQHandler
                0x08003abc                COMP_IRQHandler
                0x08003abc                WWDG_IRQHandler
                0x08003abc                LPUART1_IRQHandler
                0x08003abc                DMA2_Channel6_IRQHandler
                0x08003abc                TIM2_IRQHandler
                0x08003abc                EXTI1_IRQHandler
                0x08003abc                USART2_IRQHandler
                0x08003abc                DFSDM1_FLT0_IRQHandler
                0x08003abc                I2C2_ER_IRQHandler
                0x08003abc                DMA1_Channel2_IRQHandler
                0x08003abc                TIM8_BRK_IRQHandler
                0x08003abc                CAN1_SCE_IRQHandler
                0x08003abc                FLASH_IRQHandler
                0x08003abc                USART1_IRQHandler
                0x08003abc                OTG_FS_IRQHandler
                0x08003abc                SPI3_IRQHandler
                0x08003abc                I2C1_ER_IRQHandler
                0x08003abc                FMC_IRQHandler
                0x08003abc                SWPMI1_IRQHandler
                0x08003abc                LPTIM1_IRQHandler
                0x08003abc                SAI1_IRQHandler
                0x08003abc                DMA2_Channel3_IRQHandler
 *fill*         0x08003abe        0x2 
 .text.HAL_Init
                0x08003ac0       0x40 ./Drivers/STM32L4xx_HAL_Driver/Src/stm32l4xx_hal.o
                0x08003ac0                HAL_Init
 .text.HAL_InitTick
                0x08003b00       0x78 ./Drivers/STM32L4xx_HAL_Driver/Src/stm32l4xx_hal.o
                0x08003b00                HAL_InitTick
 .text.HAL_IncTick
                0x08003b78       0x28 ./Drivers/STM32L4xx_HAL_Driver/Src/stm32l4xx_hal.o
                0x08003b78                HAL_IncTick
 .text.HAL_GetTick
                0x08003ba0       0x18 ./Drivers/STM32L4xx_HAL_Driver/Src/stm32l4xx_hal.o
                0x08003ba0                HAL_GetTick
 .text.HAL_Delay
                0x08003bb8       0x48 ./Drivers/STM32L4xx_HAL_Driver/Src/stm32l4xx_hal.o
                0x08003bb8                HAL_Delay
 .text.__NVIC_SetPriorityGrouping
                0x08003c00       0x48 ./Drivers/STM32L4xx_HAL_Driver/Src/stm32l4xx_hal_cortex.o
 .text.__NVIC_GetPriorityGrouping
                0x08003c48       0x1c ./Drivers/STM32L4xx_HAL_Driver/Src/stm32l4xx_hal_cortex.o
 .text.__NVIC_EnableIRQ
                0x08003c64       0x3c ./Drivers/STM32L4xx_HAL_Driver/Src/stm32l4xx_hal_cortex.o
 .text.__NVIC_SetPriority
                0x08003ca0       0x54 ./Drivers/STM32L4xx_HAL_Driver/Src/stm32l4xx_hal_cortex.o
 .text.NVIC_EncodePriority
                0x08003cf4       0x66 ./Drivers/STM32L4xx_HAL_Driver/Src/stm32l4xx_hal_cortex.o
 *fill*         0x08003d5a        0x2 
 .text.SysTick_Config
                0x08003d5c       0x44 ./Drivers/STM32L4xx_HAL_Driver/Src/stm32l4xx_hal_cortex.o
 .text.HAL_NVIC_SetPriorityGrouping
                0x08003da0       0x16 ./Drivers/STM32L4xx_HAL_Driver/Src/stm32l4xx_hal_cortex.o
                0x08003da0                HAL_NVIC_SetPriorityGrouping
 .text.HAL_NVIC_SetPriority
                0x08003db6       0x38 ./Drivers/STM32L4xx_HAL_Driver/Src/stm32l4xx_hal_cortex.o
                0x08003db6                HAL_NVIC_SetPriority
 .text.HAL_NVIC_EnableIRQ
                0x08003dee       0x1c ./Drivers/STM32L4xx_HAL_Driver/Src/stm32l4xx_hal_cortex.o
                0x08003dee                HAL_NVIC_EnableIRQ
 .text.HAL_SYSTICK_Config
                0x08003e0a       0x18 ./Drivers/STM32L4xx_HAL_Driver/Src/stm32l4xx_hal_cortex.o
                0x08003e0a                HAL_SYSTICK_Config
 .text.HAL_DAC_Init
                0x08003e22       0x44 ./Drivers/STM32L4xx_HAL_Driver/Src/stm32l4xx_hal_dac.o
                0x08003e22                HAL_DAC_Init
 *fill*         0x08003e66        0x2 
 .text.HAL_DAC_Start_DMA
                0x08003e68      0x198 ./Drivers/STM32L4xx_HAL_Driver/Src/stm32l4xx_hal_dac.o
                0x08003e68                HAL_DAC_Start_DMA
 .text.HAL_DAC_IRQHandler
                0x08004000       0xb4 ./Drivers/STM32L4xx_HAL_Driver/Src/stm32l4xx_hal_dac.o
                0x08004000                HAL_DAC_IRQHandler
 .text.HAL_DAC_ErrorCallbackCh1
                0x080040b4       0x14 ./Drivers/STM32L4xx_HAL_Driver/Src/stm32l4xx_hal_dac.o
                0x080040b4                HAL_DAC_ErrorCallbackCh1
 .text.HAL_DAC_DMAUnderrunCallbackCh1
                0x080040c8       0x14 ./Drivers/STM32L4xx_HAL_Driver/Src/stm32l4xx_hal_dac.o
                0x080040c8                HAL_DAC_DMAUnderrunCallbackCh1
 .text.HAL_DAC_ConfigChannel
                0x080040dc      0x24e ./Drivers/STM32L4xx_HAL_Driver/Src/stm32l4xx_hal_dac.o
                0x080040dc                HAL_DAC_ConfigChannel
 .text.DAC_DMAConvCpltCh1
                0x0800432a       0x22 ./Drivers/STM32L4xx_HAL_Driver/Src/stm32l4xx_hal_dac.o
                0x0800432a                DAC_DMAConvCpltCh1
 .text.DAC_DMAHalfConvCpltCh1
                0x0800434c       0x1c ./Drivers/STM32L4xx_HAL_Driver/Src/stm32l4xx_hal_dac.o
                0x0800434c                DAC_DMAHalfConvCpltCh1
 .text.DAC_DMAErrorCh1
                0x08004368       0x2e ./Drivers/STM32L4xx_HAL_Driver/Src/stm32l4xx_hal_dac.o
                0x08004368                DAC_DMAErrorCh1
 .text.HAL_DACEx_ConvCpltCallbackCh2
                0x08004396       0x14 ./Drivers/STM32L4xx_HAL_Driver/Src/stm32l4xx_hal_dac_ex.o
                0x08004396                HAL_DACEx_ConvCpltCallbackCh2
 .text.HAL_DACEx_ConvHalfCpltCallbackCh2
                0x080043aa       0x14 ./Drivers/STM32L4xx_HAL_Driver/Src/stm32l4xx_hal_dac_ex.o
                0x080043aa                HAL_DACEx_ConvHalfCpltCallbackCh2
 .text.HAL_DACEx_ErrorCallbackCh2
                0x080043be       0x14 ./Drivers/STM32L4xx_HAL_Driver/Src/stm32l4xx_hal_dac_ex.o
                0x080043be                HAL_DACEx_ErrorCallbackCh2
 .text.HAL_DACEx_DMAUnderrunCallbackCh2
                0x080043d2       0x14 ./Drivers/STM32L4xx_HAL_Driver/Src/stm32l4xx_hal_dac_ex.o
                0x080043d2                HAL_DACEx_DMAUnderrunCallbackCh2
 .text.DAC_DMAConvCpltCh2
                0x080043e6       0x22 ./Drivers/STM32L4xx_HAL_Driver/Src/stm32l4xx_hal_dac_ex.o
                0x080043e6                DAC_DMAConvCpltCh2
 .text.DAC_DMAHalfConvCpltCh2
                0x08004408       0x1c ./Drivers/STM32L4xx_HAL_Driver/Src/stm32l4xx_hal_dac_ex.o
                0x08004408                DAC_DMAHalfConvCpltCh2
 .text.DAC_DMAErrorCh2
                0x08004424       0x2e ./Drivers/STM32L4xx_HAL_Driver/Src/stm32l4xx_hal_dac_ex.o
                0x08004424                DAC_DMAErrorCh2
 *fill*         0x08004452        0x2 
 .text.HAL_DMA_Init
                0x08004454      0x170 ./Drivers/STM32L4xx_HAL_Driver/Src/stm32l4xx_hal_dma.o
                0x08004454                HAL_DMA_Init
 .text.HAL_DMA_Start_IT
                0x080045c4       0xc0 ./Drivers/STM32L4xx_HAL_Driver/Src/stm32l4xx_hal_dma.o
                0x080045c4                HAL_DMA_Start_IT
 .text.HAL_DMA_IRQHandler
                0x08004684      0x15e ./Drivers/STM32L4xx_HAL_Driver/Src/stm32l4xx_hal_dma.o
                0x08004684                HAL_DMA_IRQHandler
 .text.DMA_SetConfig
                0x080047e2       0x60 ./Drivers/STM32L4xx_HAL_Driver/Src/stm32l4xx_hal_dma.o
 *fill*         0x08004842        0x2 
 .text.HAL_GPIO_Init
                0x08004844      0x354 ./Drivers/STM32L4xx_HAL_Driver/Src/stm32l4xx_hal_gpio.o
                0x08004844                HAL_GPIO_Init
 .text.HAL_GPIO_ReadPin
                0x08004b98       0x30 ./Drivers/STM32L4xx_HAL_Driver/Src/stm32l4xx_hal_gpio.o
                0x08004b98                HAL_GPIO_ReadPin
 .text.HAL_GPIO_WritePin
                0x08004bc8       0x30 ./Drivers/STM32L4xx_HAL_Driver/Src/stm32l4xx_hal_gpio.o
                0x08004bc8                HAL_GPIO_WritePin
 .text.HAL_GPIO_TogglePin
                0x08004bf8       0x34 ./Drivers/STM32L4xx_HAL_Driver/Src/stm32l4xx_hal_gpio.o
                0x08004bf8                HAL_GPIO_TogglePin
 .text.HAL_PWREx_GetVoltageRange
                0x08004c2c       0x1c ./Drivers/STM32L4xx_HAL_Driver/Src/stm32l4xx_hal_pwr_ex.o
                0x08004c2c                HAL_PWREx_GetVoltageRange
 .text.HAL_PWREx_ControlVoltageScaling
                0x08004c48       0xac ./Drivers/STM32L4xx_HAL_Driver/Src/stm32l4xx_hal_pwr_ex.o
                0x08004c48                HAL_PWREx_ControlVoltageScaling
 .text.HAL_RCC_OscConfig
                0x08004cf4      0x7b8 ./Drivers/STM32L4xx_HAL_Driver/Src/stm32l4xx_hal_rcc.o
                0x08004cf4                HAL_RCC_OscConfig
 .text.HAL_RCC_ClockConfig
                0x080054ac      0x200 ./Drivers/STM32L4xx_HAL_Driver/Src/stm32l4xx_hal_rcc.o
                0x080054ac                HAL_RCC_ClockConfig
 .text.HAL_RCC_GetSysClockFreq
                0x080056ac      0x118 ./Drivers/STM32L4xx_HAL_Driver/Src/stm32l4xx_hal_rcc.o
                0x080056ac                HAL_RCC_GetSysClockFreq
 .text.HAL_RCC_GetHCLKFreq
                0x080057c4       0x18 ./Drivers/STM32L4xx_HAL_Driver/Src/stm32l4xx_hal_rcc.o
                0x080057c4                HAL_RCC_GetHCLKFreq
 .text.HAL_RCC_GetPCLK1Freq
                0x080057dc       0x2c ./Drivers/STM32L4xx_HAL_Driver/Src/stm32l4xx_hal_rcc.o
                0x080057dc                HAL_RCC_GetPCLK1Freq
 .text.HAL_RCC_GetPCLK2Freq
                0x08005808       0x2c ./Drivers/STM32L4xx_HAL_Driver/Src/stm32l4xx_hal_rcc.o
                0x08005808                HAL_RCC_GetPCLK2Freq
 .text.RCC_SetFlashLatencyFromMSIRange
                0x08005834       0xc0 ./Drivers/STM32L4xx_HAL_Driver/Src/stm32l4xx_hal_rcc.o
 .text.HAL_RCCEx_PeriphCLKConfig
                0x080058f4      0x5d4 ./Drivers/STM32L4xx_HAL_Driver/Src/stm32l4xx_hal_rcc_ex.o
                0x080058f4                HAL_RCCEx_PeriphCLKConfig
 .text.RCCEx_PLLSAI1_Config
                0x08005ec8      0x1e8 ./Drivers/STM32L4xx_HAL_Driver/Src/stm32l4xx_hal_rcc_ex.o
 .text.RCCEx_PLLSAI2_Config
                0x080060b0      0x1bc ./Drivers/STM32L4xx_HAL_Driver/Src/stm32l4xx_hal_rcc_ex.o
 .text.HAL_TIM_Base_Init
                0x0800626c       0xae ./Drivers/STM32L4xx_HAL_Driver/Src/stm32l4xx_hal_tim.o
                0x0800626c                HAL_TIM_Base_Init
 *fill*         0x0800631a        0x2 
 .text.HAL_TIM_Base_Start
                0x0800631c       0xd0 ./Drivers/STM32L4xx_HAL_Driver/Src/stm32l4xx_hal_tim.o
                0x0800631c                HAL_TIM_Base_Start
 .text.HAL_TIM_Base_Start_IT
                0x080063ec       0xe0 ./Drivers/STM32L4xx_HAL_Driver/Src/stm32l4xx_hal_tim.o
                0x080063ec                HAL_TIM_Base_Start_IT
 .text.HAL_TIM_OC_Init
                0x080064cc       0xae ./Drivers/STM32L4xx_HAL_Driver/Src/stm32l4xx_hal_tim.o
                0x080064cc                HAL_TIM_OC_Init
 .text.HAL_TIM_OC_MspInit
                0x0800657a       0x14 ./Drivers/STM32L4xx_HAL_Driver/Src/stm32l4xx_hal_tim.o
                0x0800657a                HAL_TIM_OC_MspInit
 .text.HAL_TIM_PWM_Init
                0x0800658e       0xae ./Drivers/STM32L4xx_HAL_Driver/Src/stm32l4xx_hal_tim.o
                0x0800658e                HAL_TIM_PWM_Init
 .text.HAL_TIM_PWM_MspInit
                0x0800663c       0x14 ./Drivers/STM32L4xx_HAL_Driver/Src/stm32l4xx_hal_tim.o
                0x0800663c                HAL_TIM_PWM_MspInit
 .text.HAL_TIM_IRQHandler
                0x08006650      0x20e ./Drivers/STM32L4xx_HAL_Driver/Src/stm32l4xx_hal_tim.o
                0x08006650                HAL_TIM_IRQHandler
 *fill*         0x0800685e        0x2 
 .text.HAL_TIM_OC_ConfigChannel
                0x08006860       0xf4 ./Drivers/STM32L4xx_HAL_Driver/Src/stm32l4xx_hal_tim.o
                0x08006860                HAL_TIM_OC_ConfigChannel
 .text.HAL_TIM_PWM_ConfigChannel
                0x08006954      0x228 ./Drivers/STM32L4xx_HAL_Driver/Src/stm32l4xx_hal_tim.o
                0x08006954                HAL_TIM_PWM_ConfigChannel
 .text.HAL_TIM_ConfigClockSource
                0x08006b7c      0x192 ./Drivers/STM32L4xx_HAL_Driver/Src/stm32l4xx_hal_tim.o
                0x08006b7c                HAL_TIM_ConfigClockSource
 .text.HAL_TIM_OC_DelayElapsedCallback
                0x08006d0e       0x14 ./Drivers/STM32L4xx_HAL_Driver/Src/stm32l4xx_hal_tim.o
                0x08006d0e                HAL_TIM_OC_DelayElapsedCallback
 .text.HAL_TIM_IC_CaptureCallback
                0x08006d22       0x14 ./Drivers/STM32L4xx_HAL_Driver/Src/stm32l4xx_hal_tim.o
                0x08006d22                HAL_TIM_IC_CaptureCallback
 .text.HAL_TIM_PWM_PulseFinishedCallback
                0x08006d36       0x14 ./Drivers/STM32L4xx_HAL_Driver/Src/stm32l4xx_hal_tim.o
                0x08006d36                HAL_TIM_PWM_PulseFinishedCallback
 .text.HAL_TIM_TriggerCallback
                0x08006d4a       0x14 ./Drivers/STM32L4xx_HAL_Driver/Src/stm32l4xx_hal_tim.o
                0x08006d4a                HAL_TIM_TriggerCallback
 *fill*         0x08006d5e        0x2 
 .text.TIM_Base_SetConfig
                0x08006d60      0x14c ./Drivers/STM32L4xx_HAL_Driver/Src/stm32l4xx_hal_tim.o
                0x08006d60                TIM_Base_SetConfig
 .text.TIM_OC1_SetConfig
                0x08006eac      0x120 ./Drivers/STM32L4xx_HAL_Driver/Src/stm32l4xx_hal_tim.o
 .text.TIM_OC2_SetConfig
                0x08006fcc      0x114 ./Drivers/STM32L4xx_HAL_Driver/Src/stm32l4xx_hal_tim.o
                0x08006fcc                TIM_OC2_SetConfig
 .text.TIM_OC3_SetConfig
                0x080070e0      0x110 ./Drivers/STM32L4xx_HAL_Driver/Src/stm32l4xx_hal_tim.o
 .text.TIM_OC4_SetConfig
                0x080071f0       0xd4 ./Drivers/STM32L4xx_HAL_Driver/Src/stm32l4xx_hal_tim.o
 .text.TIM_OC5_SetConfig
                0x080072c4       0xc8 ./Drivers/STM32L4xx_HAL_Driver/Src/stm32l4xx_hal_tim.o
 .text.TIM_OC6_SetConfig
                0x0800738c       0xcc ./Drivers/STM32L4xx_HAL_Driver/Src/stm32l4xx_hal_tim.o
 .text.TIM_TI1_ConfigInputStage
                0x08007458       0x5e ./Drivers/STM32L4xx_HAL_Driver/Src/stm32l4xx_hal_tim.o
 .text.TIM_TI2_ConfigInputStage
                0x080074b6       0x60 ./Drivers/STM32L4xx_HAL_Driver/Src/stm32l4xx_hal_tim.o
 .text.TIM_ITRx_SetConfig
                0x08007516       0x36 ./Drivers/STM32L4xx_HAL_Driver/Src/stm32l4xx_hal_tim.o
 .text.TIM_ETR_SetConfig
                0x0800754c       0x40 ./Drivers/STM32L4xx_HAL_Driver/Src/stm32l4xx_hal_tim.o
                0x0800754c                TIM_ETR_SetConfig
 .text.HAL_TIMEx_MasterConfigSynchronization
                0x0800758c      0x110 ./Drivers/STM32L4xx_HAL_Driver/Src/stm32l4xx_hal_tim_ex.o
                0x0800758c                HAL_TIMEx_MasterConfigSynchronization
 .text.HAL_TIMEx_ConfigBreakDeadTime
                0x0800769c       0xfc ./Drivers/STM32L4xx_HAL_Driver/Src/stm32l4xx_hal_tim_ex.o
                0x0800769c                HAL_TIMEx_ConfigBreakDeadTime
 .text.HAL_TIMEx_CommutCallback
                0x08007798       0x14 ./Drivers/STM32L4xx_HAL_Driver/Src/stm32l4xx_hal_tim_ex.o
                0x08007798                HAL_TIMEx_CommutCallback
 .text.HAL_TIMEx_BreakCallback
                0x080077ac       0x14 ./Drivers/STM32L4xx_HAL_Driver/Src/stm32l4xx_hal_tim_ex.o
                0x080077ac                HAL_TIMEx_BreakCallback
 .text.HAL_TIMEx_Break2Callback
                0x080077c0       0x14 ./Drivers/STM32L4xx_HAL_Driver/Src/stm32l4xx_hal_tim_ex.o
                0x080077c0                HAL_TIMEx_Break2Callback
 .text.HAL_UART_Init
                0x080077d4       0x9c ./Drivers/STM32L4xx_HAL_Driver/Src/stm32l4xx_hal_uart.o
                0x080077d4                HAL_UART_Init
 .text.UART_SetConfig
                0x08007870      0x570 ./Drivers/STM32L4xx_HAL_Driver/Src/stm32l4xx_hal_uart.o
                0x08007870                UART_SetConfig
 .text.UART_AdvFeatureConfig
                0x08007de0      0x144 ./Drivers/STM32L4xx_HAL_Driver/Src/stm32l4xx_hal_uart.o
                0x08007de0                UART_AdvFeatureConfig
 .text.UART_CheckIdleState
                0x08007f24      0x150 ./Drivers/STM32L4xx_HAL_Driver/Src/stm32l4xx_hal_uart.o
                0x08007f24                UART_CheckIdleState
 .text.UART_WaitOnFlagUntilTimeout
                0x08008074       0xda ./Drivers/STM32L4xx_HAL_Driver/Src/stm32l4xx_hal_uart.o
                0x08008074                UART_WaitOnFlagUntilTimeout
 .text.UART_EndRxTransfer
                0x0800814e       0xc8 ./Drivers/STM32L4xx_HAL_Driver/Src/stm32l4xx_hal_uart.o
 .text.memset   0x08008216       0x10 C:/ST/STM32CubeIDE_1.15.1/STM32CubeIDE/plugins/com.st.stm32cube.ide.mcu.externaltools.gnu-tools-for-stm32.12.3.rel1.win32_1.0.100.202403111256/tools/bin/../lib/gcc/arm-none-eabi/12.3.1/../../../../arm-none-eabi/lib/thumb/v7e-m+fp/hard\libc_nano.a(libc_a-memset.o)
                0x08008216                memset
 *fill*         0x08008226        0x2 
 .text.__libc_init_array
                0x08008228       0x48 C:/ST/STM32CubeIDE_1.15.1/STM32CubeIDE/plugins/com.st.stm32cube.ide.mcu.externaltools.gnu-tools-for-stm32.12.3.rel1.win32_1.0.100.202403111256/tools/bin/../lib/gcc/arm-none-eabi/12.3.1/../../../../arm-none-eabi/lib/thumb/v7e-m+fp/hard\libc_nano.a(libc_a-init.o)
                0x08008228                __libc_init_array
 .text.memcpy   0x08008270       0x1c C:/ST/STM32CubeIDE_1.15.1/STM32CubeIDE/plugins/com.st.stm32cube.ide.mcu.externaltools.gnu-tools-for-stm32.12.3.rel1.win32_1.0.100.202403111256/tools/bin/../lib/gcc/arm-none-eabi/12.3.1/../../../../arm-none-eabi/lib/thumb/v7e-m+fp/hard\libc_nano.a(libc_a-memcpy-stub.o)
                0x08008270                memcpy
 *(.glue_7)
 .glue_7        0x0800828c        0x0 linker stubs
 *(.glue_7t)
 .glue_7t       0x0800828c        0x0 linker stubs
 *(.eh_frame)
 .eh_frame      0x0800828c        0x0 C:/ST/STM32CubeIDE_1.15.1/STM32CubeIDE/plugins/com.st.stm32cube.ide.mcu.externaltools.gnu-tools-for-stm32.12.3.rel1.win32_1.0.100.202403111256/tools/bin/../lib/gcc/arm-none-eabi/12.3.1/thumb/v7e-m+fp/hard/crtbegin.o
 *(.init)
 .init          0x0800828c        0x4 C:/ST/STM32CubeIDE_1.15.1/STM32CubeIDE/plugins/com.st.stm32cube.ide.mcu.externaltools.gnu-tools-for-stm32.12.3.rel1.win32_1.0.100.202403111256/tools/bin/../lib/gcc/arm-none-eabi/12.3.1/thumb/v7e-m+fp/hard/crti.o
                0x0800828c                _init
 .init          0x08008290        0x8 C:/ST/STM32CubeIDE_1.15.1/STM32CubeIDE/plugins/com.st.stm32cube.ide.mcu.externaltools.gnu-tools-for-stm32.12.3.rel1.win32_1.0.100.202403111256/tools/bin/../lib/gcc/arm-none-eabi/12.3.1/thumb/v7e-m+fp/hard/crtn.o
 *(.fini)
 .fini          0x08008298        0x4 C:/ST/STM32CubeIDE_1.15.1/STM32CubeIDE/plugins/com.st.stm32cube.ide.mcu.externaltools.gnu-tools-for-stm32.12.3.rel1.win32_1.0.100.202403111256/tools/bin/../lib/gcc/arm-none-eabi/12.3.1/thumb/v7e-m+fp/hard/crti.o
                0x08008298                _fini
 .fini          0x0800829c        0x8 C:/ST/STM32CubeIDE_1.15.1/STM32CubeIDE/plugins/com.st.stm32cube.ide.mcu.externaltools.gnu-tools-for-stm32.12.3.rel1.win32_1.0.100.202403111256/tools/bin/../lib/gcc/arm-none-eabi/12.3.1/thumb/v7e-m+fp/hard/crtn.o
                0x080082a4                        . = ALIGN (0x4)
                0x080082a4                        _etext = .

.vfp11_veneer   0x080082a4        0x0
 .vfp11_veneer  0x080082a4        0x0 linker stubs

.v4_bx          0x080082a4        0x0
 .v4_bx         0x080082a4        0x0 linker stubs

.iplt           0x080082a4        0x0
 .iplt          0x080082a4        0x0 C:/ST/STM32CubeIDE_1.15.1/STM32CubeIDE/plugins/com.st.stm32cube.ide.mcu.externaltools.gnu-tools-for-stm32.12.3.rel1.win32_1.0.100.202403111256/tools/bin/../lib/gcc/arm-none-eabi/12.3.1/thumb/v7e-m+fp/hard/crtbegin.o

.rodata         0x080082a4     0x5048
                0x080082a4                        . = ALIGN (0x4)
 *(.rodata)
 *(.rodata*)
 .rodata.basic  0x080082a4     0x2000 ./Core/Src/c64/basic.o
                0x080082a4                basic
 .rodata.characters
                0x0800a2a4     0x1000 ./Core/Src/c64/characters.o
                0x0800a2a4                characters
 .rodata.kernal
                0x0800b2a4     0x2000 ./Core/Src/c64/kernal.o
                0x0800b2a4                kernal
 .rodata.AHBPrescTable
                0x0800d2a4       0x10 ./Core/Src/system_stm32l4xx.o
                0x0800d2a4                AHBPrescTable
 .rodata.APBPrescTable
                0x0800d2b4        0x8 ./Core/Src/system_stm32l4xx.o
                0x0800d2b4                APBPrescTable
 .rodata.MSIRangeTable
                0x0800d2bc       0x30 ./Core/Src/system_stm32l4xx.o
                0x0800d2bc                MSIRangeTable
                0x0800d2ec                        . = ALIGN (0x4)

.ARM.extab      0x0800d2ec        0x0
                0x0800d2ec                        . = ALIGN (0x4)
 *(.ARM.extab* .gnu.linkonce.armextab.*)
                0x0800d2ec                        . = ALIGN (0x4)

.ARM            0x0800d2ec        0x8
                0x0800d2ec                        . = ALIGN (0x4)
                0x0800d2ec                        __exidx_start = .
 *(.ARM.exidx*)
 .ARM.exidx     0x0800d2ec        0x8 C:/ST/STM32CubeIDE_1.15.1/STM32CubeIDE/plugins/com.st.stm32cube.ide.mcu.externaltools.gnu-tools-for-stm32.12.3.rel1.win32_1.0.100.202403111256/tools/bin/../lib/gcc/arm-none-eabi/12.3.1/thumb/v7e-m+fp/hard\libgcc.a(_udivmoddi4.o)
                0x0800d2f4                        __exidx_end = .
                0x0800d2f4                        . = ALIGN (0x4)

.preinit_array  0x0800d2f4        0x0
                0x0800d2f4                        . = ALIGN (0x4)
                0x0800d2f4                        PROVIDE (__preinit_array_start = .)
 *(.preinit_array*)
                0x0800d2f4                        PROVIDE (__preinit_array_end = .)
                0x0800d2f4                        . = ALIGN (0x4)

.init_array     0x0800d2f4        0x4
                0x0800d2f4                        . = ALIGN (0x4)
                0x0800d2f4                        PROVIDE (__init_array_start = .)
 *(SORT_BY_NAME(.init_array.*))
 *(.init_array*)
 .init_array    0x0800d2f4        0x4 C:/ST/STM32CubeIDE_1.15.1/STM32CubeIDE/plugins/com.st.stm32cube.ide.mcu.externaltools.gnu-tools-for-stm32.12.3.rel1.win32_1.0.100.202403111256/tools/bin/../lib/gcc/arm-none-eabi/12.3.1/thumb/v7e-m+fp/hard/crtbegin.o
                0x0800d2f8                        PROVIDE (__init_array_end = .)
                0x0800d2f8                        . = ALIGN (0x4)

.fini_array     0x0800d2f8        0x4
                0x0800d2f8                        . = ALIGN (0x4)
                [!provide]                        PROVIDE (__fini_array_start = .)
 *(SORT_BY_NAME(.fini_array.*))
 *(.fini_array*)
 .fini_array    0x0800d2f8        0x4 C:/ST/STM32CubeIDE_1.15.1/STM32CubeIDE/plugins/com.st.stm32cube.ide.mcu.externaltools.gnu-tools-for-stm32.12.3.rel1.win32_1.0.100.202403111256/tools/bin/../lib/gcc/arm-none-eabi/12.3.1/thumb/v7e-m+fp/hard/crtbegin.o
                [!provide]                        PROVIDE (__fini_array_end = .)
                0x0800d2fc                        . = ALIGN (0x4)
                0x0800d2fc                        _sidata = LOADADDR (.data)

.rel.dyn        0x0800d2fc        0x0
 .rel.iplt      0x0800d2fc        0x0 C:/ST/STM32CubeIDE_1.15.1/STM32CubeIDE/plugins/com.st.stm32cube.ide.mcu.externaltools.gnu-tools-for-stm32.12.3.rel1.win32_1.0.100.202403111256/tools/bin/../lib/gcc/arm-none-eabi/12.3.1/thumb/v7e-m+fp/hard/crtbegin.o

.data           0x20000000     0x1100 load address 0x0800d2fc
                0x20000000                        . = ALIGN (0x4)
                0x20000000                        _sdata = .
 *(.data)
 *(.data*)
 .data.v_ora    0x20000000        0xb ./Core/Src/c64/cpu.o
                0x20000000                v_ora
 *fill*         0x2000000b        0x1 
 .data.v_and    0x2000000c        0xb ./Core/Src/c64/cpu.o
                0x2000000c                v_and
 *fill*         0x20000017        0x1 
 .data.v_eor    0x20000018        0xb ./Core/Src/c64/cpu.o
                0x20000018                v_eor
 *fill*         0x20000023        0x1 
 .data.v_adc    0x20000024        0xb ./Core/Src/c64/cpu.o
                0x20000024                v_adc
 *fill*         0x2000002f        0x1 
 .data.v_sbc    0x20000030        0xb ./Core/Src/c64/cpu.o
                0x20000030                v_sbc
 *fill*         0x2000003b        0x1 
 .data.v_cmp    0x2000003c        0xb ./Core/Src/c64/cpu.o
                0x2000003c                v_cmp
 *fill*         0x20000047        0x1 
 .data.v_cpx    0x20000048        0xb ./Core/Src/c64/cpu.o
                0x20000048                v_cpx
 *fill*         0x20000053        0x1 
 .data.v_cpy    0x20000054        0xb ./Core/Src/c64/cpu.o
                0x20000054                v_cpy
 *fill*         0x2000005f        0x1 
 .data.v_dec    0x20000060        0xb ./Core/Src/c64/cpu.o
                0x20000060                v_dec
 *fill*         0x2000006b        0x1 
 .data.v_inc    0x2000006c        0xb ./Core/Src/c64/cpu.o
                0x2000006c                v_inc
 *fill*         0x20000077        0x1 
 .data.v_asl    0x20000078        0xb ./Core/Src/c64/cpu.o
                0x20000078                v_asl
 *fill*         0x20000083        0x1 
 .data.v_rol    0x20000084        0xb ./Core/Src/c64/cpu.o
                0x20000084                v_rol
 *fill*         0x2000008f        0x1 
 .data.v_lsr    0x20000090        0xb ./Core/Src/c64/cpu.o
                0x20000090                v_lsr
 *fill*         0x2000009b        0x1 
 .data.v_ror    0x2000009c        0xb ./Core/Src/c64/cpu.o
                0x2000009c                v_ror
 *fill*         0x200000a7        0x1 
 .data.v_lda    0x200000a8        0xb ./Core/Src/c64/cpu.o
                0x200000a8                v_lda
 *fill*         0x200000b3        0x1 
 .data.v_sta    0x200000b4        0xb ./Core/Src/c64/cpu.o
                0x200000b4                v_sta
 *fill*         0x200000bf        0x1 
 .data.v_ldx    0x200000c0        0xb ./Core/Src/c64/cpu.o
                0x200000c0                v_ldx
 *fill*         0x200000cb        0x1 
 .data.v_stx    0x200000cc        0xb ./Core/Src/c64/cpu.o
                0x200000cc                v_stx
 *fill*         0x200000d7        0x1 
 .data.v_ldy    0x200000d8        0xb ./Core/Src/c64/cpu.o
                0x200000d8                v_ldy
 *fill*         0x200000e3        0x1 
 .data.v_sty    0x200000e4        0xb ./Core/Src/c64/cpu.o
                0x200000e4                v_sty
 *fill*         0x200000ef        0x1 
 .data.color_bright
                0x200000f0        0x2 ./Core/Src/c64/display.o
                0x200000f0                color_bright
 .data.color_dark
                0x200000f2        0x2 ./Core/Src/c64/display.o
                0x200000f2                color_dark
 .data.ram      0x200000f4     0x1000 ./Core/Src/c64/memory.o
                0x200000f4                ram
 .data.SystemCoreClock
                0x200010f4        0x4 ./Core/Src/system_stm32l4xx.o
                0x200010f4                SystemCoreClock
 .data.uwTickPrio
                0x200010f8        0x4 ./Drivers/STM32L4xx_HAL_Driver/Src/stm32l4xx_hal.o
                0x200010f8                uwTickPrio
 .data.uwTickFreq
                0x200010fc        0x1 ./Drivers/STM32L4xx_HAL_Driver/Src/stm32l4xx_hal.o
                0x200010fc                uwTickFreq
 *(.RamFunc)
 *(.RamFunc*)
                0x20001100                        . = ALIGN (0x4)
 *fill*         0x200010fd        0x3 
                0x20001100                        _edata = .

.igot.plt       0x20001100        0x0 load address 0x0800e3fc
 .igot.plt      0x20001100        0x0 C:/ST/STM32CubeIDE_1.15.1/STM32CubeIDE/plugins/com.st.stm32cube.ide.mcu.externaltools.gnu-tools-for-stm32.12.3.rel1.win32_1.0.100.202403111256/tools/bin/../lib/gcc/arm-none-eabi/12.3.1/thumb/v7e-m+fp/hard/crtbegin.o
                0x20001100                        . = ALIGN (0x4)

.bss            0x20001100    0x14b70 load address 0x0800e3fc
                0x20001100                        _sbss = .
                0x20001100                        __bss_start__ = _sbss
 *(.bss)
 .bss           0x20001100       0x1c C:/ST/STM32CubeIDE_1.15.1/STM32CubeIDE/plugins/com.st.stm32cube.ide.mcu.externaltools.gnu-tools-for-stm32.12.3.rel1.win32_1.0.100.202403111256/tools/bin/../lib/gcc/arm-none-eabi/12.3.1/thumb/v7e-m+fp/hard/crtbegin.o
 *(.bss*)
 .bss.port_a    0x2000111c        0x1 ./Core/Src/c64/cia.o
                0x2000111c                port_a
 *fill*         0x2000111d        0x1 
 .bss.pc        0x2000111e        0x2 ./Core/Src/c64/cpu.o
                0x2000111e                pc
 .bss.a         0x20001120        0x1 ./Core/Src/c64/cpu.o
                0x20001120                a
 .bss.x         0x20001121        0x1 ./Core/Src/c64/cpu.o
                0x20001121                x
 .bss.y         0x20001122        0x1 ./Core/Src/c64/cpu.o
                0x20001122                y
 .bss.fN        0x20001123        0x1 ./Core/Src/c64/cpu.o
                0x20001123                fN
 .bss.fV        0x20001124        0x1 ./Core/Src/c64/cpu.o
                0x20001124                fV
 .bss.fB        0x20001125        0x1 ./Core/Src/c64/cpu.o
                0x20001125                fB
 .bss.fD        0x20001126        0x1 ./Core/Src/c64/cpu.o
                0x20001126                fD
 .bss.fI        0x20001127        0x1 ./Core/Src/c64/cpu.o
                0x20001127                fI
 .bss.fZ        0x20001128        0x1 ./Core/Src/c64/cpu.o
                0x20001128                fZ
 .bss.fC        0x20001129        0x1 ./Core/Src/c64/cpu.o
                0x20001129                fC
 .bss.stack_pointer
                0x2000112a        0x1 ./Core/Src/c64/cpu.o
                0x2000112a                stack_pointer
 *fill*         0x2000112b        0x1 
 .bss.ins_buf   0x2000112c        0x3 ./Core/Src/c64/cpu.o
                0x2000112c                ins_buf
 *fill*         0x2000112f        0x1 
 .bss.useless_addr
                0x20001130        0x2 ./Core/Src/c64/cpu.o
                0x20001130                useless_addr
 .bss.display_zoom
                0x20001132        0x1 ./Core/Src/c64/display.o
                0x20001132                display_zoom
 *fill*         0x20001133        0x1 
 .bss.zeropage  0x20001134      0x100 ./Core/Src/c64/memory.o
                0x20001134                zeropage
 .bss.stack     0x20001234      0x100 ./Core/Src/c64/memory.o
                0x20001234                stack
 .bss.sysvar    0x20001334      0x200 ./Core/Src/c64/memory.o
                0x20001334                sysvar
 .bss.screen    0x20001534      0x400 ./Core/Src/c64/memory.o
                0x20001534                screen
 .bss.cia2_reg  0x20001934       0x10 ./Core/Src/c64/memory.o
                0x20001934                cia2_reg
 .bss.basicram  0x20001944     0x60fb ./Core/Src/c64/memory.o
                0x20001944                basicram
 *fill*         0x20007a3f        0x1 
 .bss.vic_reg   0x20007a40       0x30 ./Core/Src/c64/vic.o
                0x20007a40                vic_reg
 .bss.vic_line  0x20007a70        0x1 ./Core/Src/c64/vic.o
                0x20007a70                vic_line
 *fill*         0x20007a71        0x3 
 .bss.hdac1     0x20007a74       0x14 ./Core/Src/main.o
                0x20007a74                hdac1
 .bss.hdma_dac_ch1
                0x20007a88       0x48 ./Core/Src/main.o
                0x20007a88                hdma_dac_ch1
 .bss.htim2     0x20007ad0       0x4c ./Core/Src/main.o
                0x20007ad0                htim2
 .bss.htim4     0x20007b1c       0x4c ./Core/Src/main.o
                0x20007b1c                htim4
 .bss.htim15    0x20007b68       0x4c ./Core/Src/main.o
                0x20007b68                htim15
 .bss.huart2    0x20007bb4       0x88 ./Core/Src/main.o
                0x20007bb4                huart2
 .bss.hpal1     0x20007c3c     0xdadc ./Core/Src/main.o
                0x20007c3c                hpal1
 .bss.cia_row_ports
                0x20015718       0x40 ./Core/Src/main.o
                0x20015718                cia_row_ports
 .bss.cia_row_pins
                0x20015758       0x20 ./Core/Src/main.o
                0x20015758                cia_row_pins
 .bss.cia_col_ports
                0x20015778       0x40 ./Core/Src/main.o
                0x20015778                cia_col_ports
 .bss.cia_col_pins
                0x200157b8       0x20 ./Core/Src/main.o
                0x200157b8                cia_col_pins
 .bss.c64_irq   0x200157d8        0x1 ./Core/Src/main.o
                0x200157d8                c64_irq
 *fill*         0x200157d9        0x3 
 .bss.pal_line_buffers
                0x200157dc      0x48d ./Core/Src/pal.o
                0x200157dc                pal_line_buffers
 *fill*         0x20015c69        0x3 
 .bss.uwTick    0x20015c6c        0x4 ./Drivers/STM32L4xx_HAL_Driver/Src/stm32l4xx_hal.o
                0x20015c6c                uwTick
 *(COMMON)
                0x20015c70                        . = ALIGN (0x4)
                0x20015c70                        _ebss = .
                0x20015c70                        __bss_end__ = _ebss

._user_heap_stack
                0x20015c70      0x600 load address 0x0800e3fc
                0x20015c70                        . = ALIGN (0x8)
                [!provide]                        PROVIDE (end = .)
                0x20015c70                        PROVIDE (_end = .)
                0x20015e70                        . = (. + _Min_Heap_Size)
 *fill*         0x20015c70      0x200 
                0x20016270                        . = (. + _Min_Stack_Size)
 *fill*         0x20015e70      0x400 
                0x20016270                        . = ALIGN (0x8)

/DISCARD/
 libc.a(*)
 libm.a(*)
 libgcc.a(*)

.ARM.attributes
                0x00000000       0x30
 *(.ARM.attributes)
 .ARM.attributes
                0x00000000       0x22 C:/ST/STM32CubeIDE_1.15.1/STM32CubeIDE/plugins/com.st.stm32cube.ide.mcu.externaltools.gnu-tools-for-stm32.12.3.rel1.win32_1.0.100.202403111256/tools/bin/../lib/gcc/arm-none-eabi/12.3.1/thumb/v7e-m+fp/hard/crti.o
 .ARM.attributes
                0x00000022       0x34 C:/ST/STM32CubeIDE_1.15.1/STM32CubeIDE/plugins/com.st.stm32cube.ide.mcu.externaltools.gnu-tools-for-stm32.12.3.rel1.win32_1.0.100.202403111256/tools/bin/../lib/gcc/arm-none-eabi/12.3.1/thumb/v7e-m+fp/hard/crtbegin.o
 .ARM.attributes
                0x00000056       0x34 ./Core/Src/c64/basic.o
 .ARM.attributes
                0x0000008a       0x34 ./Core/Src/c64/characters.o
 .ARM.attributes
                0x000000be       0x34 ./Core/Src/c64/cia.o
 .ARM.attributes
                0x000000f2       0x34 ./Core/Src/c64/cpu.o
 .ARM.attributes
                0x00000126       0x34 ./Core/Src/c64/display.o
 .ARM.attributes
                0x0000015a       0x34 ./Core/Src/c64/kernal.o
 .ARM.attributes
                0x0000018e       0x34 ./Core/Src/c64/memory.o
 .ARM.attributes
                0x000001c2       0x34 ./Core/Src/c64/vic.o
 .ARM.attributes
                0x000001f6       0x34 ./Core/Src/main.o
 .ARM.attributes
                0x0000022a       0x34 ./Core/Src/pal.o
 .ARM.attributes
                0x0000025e       0x34 ./Core/Src/stm32l4xx_hal_msp.o
 .ARM.attributes
                0x00000292       0x34 ./Core/Src/stm32l4xx_it.o
 .ARM.attributes
                0x000002c6       0x34 ./Core/Src/system_stm32l4xx.o
 .ARM.attributes
                0x000002fa       0x21 ./Core/Startup/startup_stm32l476rgtx.o
 .ARM.attributes
                0x0000031b       0x34 ./Drivers/STM32L4xx_HAL_Driver/Src/stm32l4xx_hal.o
 .ARM.attributes
                0x0000034f       0x34 ./Drivers/STM32L4xx_HAL_Driver/Src/stm32l4xx_hal_cortex.o
 .ARM.attributes
                0x00000383       0x34 ./Drivers/STM32L4xx_HAL_Driver/Src/stm32l4xx_hal_dac.o
 .ARM.attributes
                0x000003b7       0x34 ./Drivers/STM32L4xx_HAL_Driver/Src/stm32l4xx_hal_dac_ex.o
 .ARM.attributes
                0x000003eb       0x34 ./Drivers/STM32L4xx_HAL_Driver/Src/stm32l4xx_hal_dma.o
 .ARM.attributes
                0x0000041f       0x34 ./Drivers/STM32L4xx_HAL_Driver/Src/stm32l4xx_hal_gpio.o
 .ARM.attributes
                0x00000453       0x34 ./Drivers/STM32L4xx_HAL_Driver/Src/stm32l4xx_hal_pwr_ex.o
 .ARM.attributes
                0x00000487       0x34 ./Drivers/STM32L4xx_HAL_Driver/Src/stm32l4xx_hal_rcc.o
 .ARM.attributes
                0x000004bb       0x34 ./Drivers/STM32L4xx_HAL_Driver/Src/stm32l4xx_hal_rcc_ex.o
 .ARM.attributes
                0x000004ef       0x34 ./Drivers/STM32L4xx_HAL_Driver/Src/stm32l4xx_hal_tim.o
 .ARM.attributes
                0x00000523       0x34 ./Drivers/STM32L4xx_HAL_Driver/Src/stm32l4xx_hal_tim_ex.o
 .ARM.attributes
                0x00000557       0x34 ./Drivers/STM32L4xx_HAL_Driver/Src/stm32l4xx_hal_uart.o
 .ARM.attributes
                0x0000058b       0x34 C:/ST/STM32CubeIDE_1.15.1/STM32CubeIDE/plugins/com.st.stm32cube.ide.mcu.externaltools.gnu-tools-for-stm32.12.3.rel1.win32_1.0.100.202403111256/tools/bin/../lib/gcc/arm-none-eabi/12.3.1/../../../../arm-none-eabi/lib/thumb/v7e-m+fp/hard\libc_nano.a(libc_a-memset.o)
 .ARM.attributes
                0x000005bf       0x34 C:/ST/STM32CubeIDE_1.15.1/STM32CubeIDE/plugins/com.st.stm32cube.ide.mcu.externaltools.gnu-tools-for-stm32.12.3.rel1.win32_1.0.100.202403111256/tools/bin/../lib/gcc/arm-none-eabi/12.3.1/../../../../arm-none-eabi/lib/thumb/v7e-m+fp/hard\libc_nano.a(libc_a-init.o)
 .ARM.attributes
                0x000005f3       0x34 C:/ST/STM32CubeIDE_1.15.1/STM32CubeIDE/plugins/com.st.stm32cube.ide.mcu.externaltools.gnu-tools-for-stm32.12.3.rel1.win32_1.0.100.202403111256/tools/bin/../lib/gcc/arm-none-eabi/12.3.1/../../../../arm-none-eabi/lib/thumb/v7e-m+fp/hard\libc_nano.a(libc_a-memcpy-stub.o)
 .ARM.attributes
                0x00000627       0x22 C:/ST/STM32CubeIDE_1.15.1/STM32CubeIDE/plugins/com.st.stm32cube.ide.mcu.externaltools.gnu-tools-for-stm32.12.3.rel1.win32_1.0.100.202403111256/tools/bin/../lib/gcc/arm-none-eabi/12.3.1/thumb/v7e-m+fp/hard\libgcc.a(_aeabi_uldivmod.o)
 .ARM.attributes
                0x00000649       0x34 C:/ST/STM32CubeIDE_1.15.1/STM32CubeIDE/plugins/com.st.stm32cube.ide.mcu.externaltools.gnu-tools-for-stm32.12.3.rel1.win32_1.0.100.202403111256/tools/bin/../lib/gcc/arm-none-eabi/12.3.1/thumb/v7e-m+fp/hard\libgcc.a(_udivmoddi4.o)
 .ARM.attributes
                0x0000067d       0x22 C:/ST/STM32CubeIDE_1.15.1/STM32CubeIDE/plugins/com.st.stm32cube.ide.mcu.externaltools.gnu-tools-for-stm32.12.3.rel1.win32_1.0.100.202403111256/tools/bin/../lib/gcc/arm-none-eabi/12.3.1/thumb/v7e-m+fp/hard\libgcc.a(_dvmd_tls.o)
 .ARM.attributes
                0x0000069f       0x22 C:/ST/STM32CubeIDE_1.15.1/STM32CubeIDE/plugins/com.st.stm32cube.ide.mcu.externaltools.gnu-tools-for-stm32.12.3.rel1.win32_1.0.100.202403111256/tools/bin/../lib/gcc/arm-none-eabi/12.3.1/thumb/v7e-m+fp/hard/crtn.o
OUTPUT(esc_pwm_gen.elf elf32-littlearm)
LOAD linker stubs
LOAD C:/ST/STM32CubeIDE_1.15.1/STM32CubeIDE/plugins/com.st.stm32cube.ide.mcu.externaltools.gnu-tools-for-stm32.12.3.rel1.win32_1.0.100.202403111256/tools/bin/../lib/gcc/arm-none-eabi/12.3.1/../../../../arm-none-eabi/lib/thumb/v7e-m+fp/hard\libc.a
LOAD C:/ST/STM32CubeIDE_1.15.1/STM32CubeIDE/plugins/com.st.stm32cube.ide.mcu.externaltools.gnu-tools-for-stm32.12.3.rel1.win32_1.0.100.202403111256/tools/bin/../lib/gcc/arm-none-eabi/12.3.1/../../../../arm-none-eabi/lib/thumb/v7e-m+fp/hard\libm.a
LOAD C:/ST/STM32CubeIDE_1.15.1/STM32CubeIDE/plugins/com.st.stm32cube.ide.mcu.externaltools.gnu-tools-for-stm32.12.3.rel1.win32_1.0.100.202403111256/tools/bin/../lib/gcc/arm-none-eabi/12.3.1/thumb/v7e-m+fp/hard\libgcc.a

.debug_info     0x00000000    0x1429f
 .debug_info    0x00000000       0xb6 ./Core/Src/c64/basic.o
 .debug_info    0x000000b6       0xb6 ./Core/Src/c64/characters.o
 .debug_info    0x0000016c      0x1b3 ./Core/Src/c64/cia.o
 .debug_info    0x0000031f      0xd03 ./Core/Src/c64/cpu.o
 .debug_info    0x00001022      0x179 ./Core/Src/c64/display.o
 .debug_info    0x0000119b       0xb6 ./Core/Src/c64/kernal.o
 .debug_info    0x00001251      0x337 ./Core/Src/c64/memory.o
 .debug_info    0x00001588      0x286 ./Core/Src/c64/vic.o
 .debug_info    0x0000180e     0x1e10 ./Core/Src/main.o
 .debug_info    0x0000361e      0xb4b ./Core/Src/pal.o
 .debug_info    0x00004169     0x169e ./Core/Src/stm32l4xx_hal_msp.o
 .debug_info    0x00005807      0x92b ./Core/Src/stm32l4xx_it.o
 .debug_info    0x00006132      0x5b1 ./Core/Src/system_stm32l4xx.o
 .debug_info    0x000066e3       0x30 ./Core/Startup/startup_stm32l476rgtx.o
 .debug_info    0x00006713      0xc09 ./Drivers/STM32L4xx_HAL_Driver/Src/stm32l4xx_hal.o
 .debug_info    0x0000731c      0xd81 ./Drivers/STM32L4xx_HAL_Driver/Src/stm32l4xx_hal_cortex.o
 .debug_info    0x0000809d      0xa6f ./Drivers/STM32L4xx_HAL_Driver/Src/stm32l4xx_hal_dac.o
 .debug_info    0x00008b0c      0x8e4 ./Drivers/STM32L4xx_HAL_Driver/Src/stm32l4xx_hal_dac_ex.o
 .debug_info    0x000093f0      0x6f4 ./Drivers/STM32L4xx_HAL_Driver/Src/stm32l4xx_hal_dma.o
 .debug_info    0x00009ae4      0x757 ./Drivers/STM32L4xx_HAL_Driver/Src/stm32l4xx_hal_gpio.o
 .debug_info    0x0000a23b      0x99e ./Drivers/STM32L4xx_HAL_Driver/Src/stm32l4xx_hal_pwr_ex.o
 .debug_info    0x0000abd9      0xc14 ./Drivers/STM32L4xx_HAL_Driver/Src/stm32l4xx_hal_rcc.o
 .debug_info    0x0000b7ed      0xe11 ./Drivers/STM32L4xx_HAL_Driver/Src/stm32l4xx_hal_rcc_ex.o
 .debug_info    0x0000c5fe     0x2a9a ./Drivers/STM32L4xx_HAL_Driver/Src/stm32l4xx_hal_tim.o
 .debug_info    0x0000f098     0x169e ./Drivers/STM32L4xx_HAL_Driver/Src/stm32l4xx_hal_tim_ex.o
 .debug_info    0x00010736     0x3b69 ./Drivers/STM32L4xx_HAL_Driver/Src/stm32l4xx_hal_uart.o

.debug_abbrev   0x00000000     0x2f98
 .debug_abbrev  0x00000000       0x72 ./Core/Src/c64/basic.o
 .debug_abbrev  0x00000072       0x72 ./Core/Src/c64/characters.o
 .debug_abbrev  0x000000e4      0x13c ./Core/Src/c64/cia.o
 .debug_abbrev  0x00000220      0x278 ./Core/Src/c64/cpu.o
 .debug_abbrev  0x00000498       0xd0 ./Core/Src/c64/display.o
 .debug_abbrev  0x00000568       0x72 ./Core/Src/c64/kernal.o
 .debug_abbrev  0x000005da      0x151 ./Core/Src/c64/memory.o
 .debug_abbrev  0x0000072b      0x12d ./Core/Src/c64/vic.o
 .debug_abbrev  0x00000858      0x370 ./Core/Src/main.o
 .debug_abbrev  0x00000bc8      0x217 ./Core/Src/pal.o
 .debug_abbrev  0x00000ddf      0x243 ./Core/Src/stm32l4xx_hal_msp.o
 .debug_abbrev  0x00001022      0x195 ./Core/Src/stm32l4xx_it.o
 .debug_abbrev  0x000011b7      0x11a ./Core/Src/system_stm32l4xx.o
 .debug_abbrev  0x000012d1       0x24 ./Core/Startup/startup_stm32l476rgtx.o
 .debug_abbrev  0x000012f5      0x243 ./Drivers/STM32L4xx_HAL_Driver/Src/stm32l4xx_hal.o
 .debug_abbrev  0x00001538      0x31c ./Drivers/STM32L4xx_HAL_Driver/Src/stm32l4xx_hal_cortex.o
 .debug_abbrev  0x00001854      0x21b ./Drivers/STM32L4xx_HAL_Driver/Src/stm32l4xx_hal_dac.o
 .debug_abbrev  0x00001a6f      0x245 ./Drivers/STM32L4xx_HAL_Driver/Src/stm32l4xx_hal_dac_ex.o
 .debug_abbrev  0x00001cb4      0x1e4 ./Drivers/STM32L4xx_HAL_Driver/Src/stm32l4xx_hal_dma.o
 .debug_abbrev  0x00001e98      0x1cb ./Drivers/STM32L4xx_HAL_Driver/Src/stm32l4xx_hal_gpio.o
 .debug_abbrev  0x00002063      0x1f9 ./Drivers/STM32L4xx_HAL_Driver/Src/stm32l4xx_hal_pwr_ex.o
 .debug_abbrev  0x0000225c      0x2cb ./Drivers/STM32L4xx_HAL_Driver/Src/stm32l4xx_hal_rcc.o
 .debug_abbrev  0x00002527      0x2a6 ./Drivers/STM32L4xx_HAL_Driver/Src/stm32l4xx_hal_rcc_ex.o
 .debug_abbrev  0x000027cd      0x278 ./Drivers/STM32L4xx_HAL_Driver/Src/stm32l4xx_hal_tim.o
 .debug_abbrev  0x00002a45      0x283 ./Drivers/STM32L4xx_HAL_Driver/Src/stm32l4xx_hal_tim_ex.o
 .debug_abbrev  0x00002cc8      0x2d0 ./Drivers/STM32L4xx_HAL_Driver/Src/stm32l4xx_hal_uart.o

.debug_aranges  0x00000000     0x12c0
 .debug_aranges
                0x00000000       0x18 ./Core/Src/c64/basic.o
 .debug_aranges
                0x00000018       0x18 ./Core/Src/c64/characters.o
 .debug_aranges
                0x00000030       0x38 ./Core/Src/c64/cia.o
 .debug_aranges
                0x00000068      0x110 ./Core/Src/c64/cpu.o
 .debug_aranges
                0x00000178       0x28 ./Core/Src/c64/display.o
 .debug_aranges
                0x000001a0       0x18 ./Core/Src/c64/kernal.o
 .debug_aranges
                0x000001b8       0x30 ./Core/Src/c64/memory.o
 .debug_aranges
                0x000001e8       0x30 ./Core/Src/c64/vic.o
 .debug_aranges
                0x00000218       0xa0 ./Core/Src/main.o
 .debug_aranges
                0x000002b8       0x38 ./Core/Src/pal.o
 .debug_aranges
                0x000002f0       0x58 ./Core/Src/stm32l4xx_hal_msp.o
 .debug_aranges
                0x00000348       0x78 ./Core/Src/stm32l4xx_it.o
 .debug_aranges
                0x000003c0       0x28 ./Core/Src/system_stm32l4xx.o
 .debug_aranges
                0x000003e8       0x28 ./Core/Startup/startup_stm32l476rgtx.o
 .debug_aranges
                0x00000410      0x130 ./Drivers/STM32L4xx_HAL_Driver/Src/stm32l4xx_hal.o
 .debug_aranges
                0x00000540      0x128 ./Drivers/STM32L4xx_HAL_Driver/Src/stm32l4xx_hal_cortex.o
 .debug_aranges
                0x00000668       0xc0 ./Drivers/STM32L4xx_HAL_Driver/Src/stm32l4xx_hal_dac.o
 .debug_aranges
                0x00000728       0x88 ./Drivers/STM32L4xx_HAL_Driver/Src/stm32l4xx_hal_dac_ex.o
 .debug_aranges
                0x000007b0       0x80 ./Drivers/STM32L4xx_HAL_Driver/Src/stm32l4xx_hal_dma.o
 .debug_aranges
                0x00000830       0x58 ./Drivers/STM32L4xx_HAL_Driver/Src/stm32l4xx_hal_gpio.o
 .debug_aranges
                0x00000888      0x160 ./Drivers/STM32L4xx_HAL_Driver/Src/stm32l4xx_hal_pwr_ex.o
 .debug_aranges
                0x000009e8       0x90 ./Drivers/STM32L4xx_HAL_Driver/Src/stm32l4xx_hal_rcc.o
 .debug_aranges
                0x00000a78       0xc0 ./Drivers/STM32L4xx_HAL_Driver/Src/stm32l4xx_hal_rcc_ex.o
 .debug_aranges
                0x00000b38      0x3e0 ./Drivers/STM32L4xx_HAL_Driver/Src/stm32l4xx_hal_tim.o
 .debug_aranges
                0x00000f18      0x180 ./Drivers/STM32L4xx_HAL_Driver/Src/stm32l4xx_hal_tim_ex.o
 .debug_aranges
                0x00001098      0x228 ./Drivers/STM32L4xx_HAL_Driver/Src/stm32l4xx_hal_uart.o

.debug_macro    0x00000000    0x27e08
 .debug_macro   0x00000000       0x67 ./Core/Src/c64/basic.o
 .debug_macro   0x00000067      0xab4 ./Core/Src/c64/basic.o
 .debug_macro   0x00000b1b       0x22 ./Core/Src/c64/basic.o
 .debug_macro   0x00000b3d       0x8e ./Core/Src/c64/basic.o
 .debug_macro   0x00000bcb       0x51 ./Core/Src/c64/basic.o
 .debug_macro   0x00000c1c      0x103 ./Core/Src/c64/basic.o
 .debug_macro   0x00000d1f       0x6a ./Core/Src/c64/basic.o
 .debug_macro   0x00000d89      0x1df ./Core/Src/c64/basic.o
 .debug_macro   0x00000f68       0x67 ./Core/Src/c64/characters.o
 .debug_macro   0x00000fcf       0x70 ./Core/Src/c64/cia.o
 .debug_macro   0x0000103f       0x22 ./Core/Src/c64/cia.o
 .debug_macro   0x00001061      0x15f ./Core/Src/c64/cpu.o
 .debug_macro   0x000011c0       0x61 ./Core/Src/c64/cpu.o
 .debug_macro   0x00001221       0x2a ./Core/Src/c64/cpu.o
 .debug_macro   0x0000124b       0x43 ./Core/Src/c64/cpu.o
 .debug_macro   0x0000128e       0x34 ./Core/Src/c64/cpu.o
 .debug_macro   0x000012c2      0x189 ./Core/Src/c64/cpu.o
 .debug_macro   0x0000144b       0x16 ./Core/Src/c64/cpu.o
 .debug_macro   0x00001461       0x43 ./Core/Src/c64/cpu.o
 .debug_macro   0x000014a4       0x34 ./Core/Src/c64/cpu.o
 .debug_macro   0x000014d8       0x10 ./Core/Src/c64/cpu.o
 .debug_macro   0x000014e8       0x58 ./Core/Src/c64/cpu.o
 .debug_macro   0x00001540       0x8e ./Core/Src/c64/cpu.o
 .debug_macro   0x000015ce       0x1c ./Core/Src/c64/cpu.o
 .debug_macro   0x000015ea      0x177 ./Core/Src/c64/cpu.o
 .debug_macro   0x00001761      0x369 ./Core/Src/c64/cpu.o
 .debug_macro   0x00001aca       0x10 ./Core/Src/c64/cpu.o
 .debug_macro   0x00001ada       0x35 ./Core/Src/c64/cpu.o
 .debug_macro   0x00001b0f       0x20 ./Core/Src/c64/cpu.o
 .debug_macro   0x00001b2f      0x143 ./Core/Src/c64/display.o
 .debug_macro   0x00001c72       0x67 ./Core/Src/c64/kernal.o
 .debug_macro   0x00001cd9      0x15b ./Core/Src/c64/memory.o
 .debug_macro   0x00001e34      0x14b ./Core/Src/c64/vic.o
 .debug_macro   0x00001f7f      0x308 ./Core/Src/main.o
 .debug_macro   0x00002287      0x1ad ./Core/Src/main.o
 .debug_macro   0x00002434       0x2e ./Core/Src/main.o
 .debug_macro   0x00002462       0x28 ./Core/Src/main.o
 .debug_macro   0x0000248a       0x1c ./Core/Src/main.o
 .debug_macro   0x000024a6       0x22 ./Core/Src/main.o
 .debug_macro   0x000024c8       0xfb ./Core/Src/main.o
 .debug_macro   0x000025c3     0x1011 ./Core/Src/main.o
 .debug_macro   0x000035d4      0x11f ./Core/Src/main.o
 .debug_macro   0x000036f3    0x1a17a ./Core/Src/main.o
 .debug_macro   0x0001d86d       0x6d ./Core/Src/main.o
 .debug_macro   0x0001d8da     0x38fb ./Core/Src/main.o
 .debug_macro   0x000211d5       0x5c ./Core/Src/main.o
 .debug_macro   0x00021231     0x159e ./Core/Src/main.o
 .debug_macro   0x000227cf      0x5a5 ./Core/Src/main.o
 .debug_macro   0x00022d74      0x1b9 ./Core/Src/main.o
 .debug_macro   0x00022f2d      0x18b ./Core/Src/main.o
 .debug_macro   0x000230b8      0x26b ./Core/Src/main.o
 .debug_macro   0x00023323      0x23d ./Core/Src/main.o
 .debug_macro   0x00023560      0x153 ./Core/Src/main.o
 .debug_macro   0x000236b3       0xd8 ./Core/Src/main.o
 .debug_macro   0x0002378b      0x241 ./Core/Src/main.o
 .debug_macro   0x000239cc      0x37c ./Core/Src/main.o
 .debug_macro   0x00023d48       0xd6 ./Core/Src/main.o
 .debug_macro   0x00023e1e      0x122 ./Core/Src/main.o
 .debug_macro   0x00023f40      0x3ef ./Core/Src/main.o
 .debug_macro   0x0002432f      0xa98 ./Core/Src/main.o
 .debug_macro   0x00024dc7      0x1e6 ./Core/Src/main.o
 .debug_macro   0x00024fad      0x5cf ./Core/Src/main.o
 .debug_macro   0x0002557c       0x44 ./Core/Src/main.o
 .debug_macro   0x000255c0      0x330 ./Core/Src/main.o
 .debug_macro   0x000258f0      0x118 ./Core/Src/main.o
 .debug_macro   0x00025a08      0x19b ./Core/Src/main.o
 .debug_macro   0x00025ba3       0xb2 ./Core/Src/main.o
 .debug_macro   0x00025c55      0x2ab ./Core/Src/pal.o
 .debug_macro   0x00025f00       0x5b ./Core/Src/pal.o
 .debug_macro   0x00025f5b       0x94 ./Core/Src/pal.o
 .debug_macro   0x00025fef       0x57 ./Core/Src/pal.o
 .debug_macro   0x00026046       0x56 ./Core/Src/pal.o
 .debug_macro   0x0002609c       0xac ./Core/Src/pal.o
 .debug_macro   0x00026148      0x1e3 ./Core/Src/stm32l4xx_hal_msp.o
 .debug_macro   0x0002632b      0x1ed ./Core/Src/stm32l4xx_it.o
 .debug_macro   0x00026518      0x1d4 ./Core/Src/system_stm32l4xx.o
 .debug_macro   0x000266ec      0x222 ./Drivers/STM32L4xx_HAL_Driver/Src/stm32l4xx_hal.o
 .debug_macro   0x0002690e      0x1d4 ./Drivers/STM32L4xx_HAL_Driver/Src/stm32l4xx_hal_cortex.o
 .debug_macro   0x00026ae2      0x1e3 ./Drivers/STM32L4xx_HAL_Driver/Src/stm32l4xx_hal_dac.o
 .debug_macro   0x00026cc5      0x1d4 ./Drivers/STM32L4xx_HAL_Driver/Src/stm32l4xx_hal_dac_ex.o
 .debug_macro   0x00026e99      0x1d4 ./Drivers/STM32L4xx_HAL_Driver/Src/stm32l4xx_hal_dma.o
 .debug_macro   0x0002706d      0x1db ./Drivers/STM32L4xx_HAL_Driver/Src/stm32l4xx_hal_gpio.o
 .debug_macro   0x00027248      0x1f8 ./Drivers/STM32L4xx_HAL_Driver/Src/stm32l4xx_hal_pwr_ex.o
 .debug_macro   0x00027440      0x216 ./Drivers/STM32L4xx_HAL_Driver/Src/stm32l4xx_hal_rcc.o
 .debug_macro   0x00027656      0x20a ./Drivers/STM32L4xx_HAL_Driver/Src/stm32l4xx_hal_rcc_ex.o
 .debug_macro   0x00027860      0x1d5 ./Drivers/STM32L4xx_HAL_Driver/Src/stm32l4xx_hal_tim.o
 .debug_macro   0x00027a35      0x1d4 ./Drivers/STM32L4xx_HAL_Driver/Src/stm32l4xx_hal_tim_ex.o
 .debug_macro   0x00027c09      0x1ff ./Drivers/STM32L4xx_HAL_Driver/Src/stm32l4xx_hal_uart.o

.debug_line     0x00000000    0x17504
 .debug_line    0x00000000      0x41a ./Core/Src/c64/basic.o
 .debug_line    0x0000041a      0x424 ./Core/Src/c64/characters.o
 .debug_line    0x0000083e      0x4f2 ./Core/Src/c64/cia.o
 .debug_line    0x00000d30     0x1170 ./Core/Src/c64/cpu.o
 .debug_line    0x00001ea0      0x5ed ./Core/Src/c64/display.o
 .debug_line    0x0000248d      0x41c ./Core/Src/c64/kernal.o
 .debug_line    0x000028a9      0x7f5 ./Core/Src/c64/memory.o
 .debug_line    0x0000309e      0x6e2 ./Core/Src/c64/vic.o
 .debug_line    0x00003780      0xe48 ./Core/Src/main.o
 .debug_line    0x000045c8      0xbe3 ./Core/Src/pal.o
 .debug_line    0x000051ab      0x8fa ./Core/Src/stm32l4xx_hal_msp.o
 .debug_line    0x00005aa5      0x88b ./Core/Src/stm32l4xx_it.o
 .debug_line    0x00006330      0x81b ./Core/Src/system_stm32l4xx.o
 .debug_line    0x00006b4b       0x7a ./Core/Startup/startup_stm32l476rgtx.o
 .debug_line    0x00006bc5      0xb77 ./Drivers/STM32L4xx_HAL_Driver/Src/stm32l4xx_hal.o
 .debug_line    0x0000773c      0xd3f ./Drivers/STM32L4xx_HAL_Driver/Src/stm32l4xx_hal_cortex.o
 .debug_line    0x0000847b      0xc5c ./Drivers/STM32L4xx_HAL_Driver/Src/stm32l4xx_hal_dac.o
 .debug_line    0x000090d7      0xa7c ./Drivers/STM32L4xx_HAL_Driver/Src/stm32l4xx_hal_dac_ex.o
 .debug_line    0x00009b53      0xd7b ./Drivers/STM32L4xx_HAL_Driver/Src/stm32l4xx_hal_dma.o
 .debug_line    0x0000a8ce      0xc02 ./Drivers/STM32L4xx_HAL_Driver/Src/stm32l4xx_hal_gpio.o
 .debug_line    0x0000b4d0      0xd68 ./Drivers/STM32L4xx_HAL_Driver/Src/stm32l4xx_hal_pwr_ex.o
 .debug_line    0x0000c238      0xfef ./Drivers/STM32L4xx_HAL_Driver/Src/stm32l4xx_hal_rcc.o
 .debug_line    0x0000d227     0x1561 ./Drivers/STM32L4xx_HAL_Driver/Src/stm32l4xx_hal_rcc_ex.o
 .debug_line    0x0000e788     0x3e85 ./Drivers/STM32L4xx_HAL_Driver/Src/stm32l4xx_hal_tim.o
 .debug_line    0x0001260d     0x1c6f ./Drivers/STM32L4xx_HAL_Driver/Src/stm32l4xx_hal_tim_ex.o
 .debug_line    0x0001427c     0x3288 ./Drivers/STM32L4xx_HAL_Driver/Src/stm32l4xx_hal_uart.o

.debug_str      0x00000000    0xf4f1a
 .debug_str     0x00000000     0x3bb8 ./Core/Src/c64/basic.o
                               0x3d20 (size before relaxing)
 .debug_str     0x00003bb8       0x28 ./Core/Src/c64/characters.o
                               0x3d2a (size before relaxing)
 .debug_str     0x00003be0       0xc1 ./Core/Src/c64/cia.o
                               0x3dd0 (size before relaxing)
 .debug_str     0x00003ca1     0x364d ./Core/Src/c64/cpu.o
                               0x7445 (size before relaxing)
 .debug_str     0x000072ee       0x5f ./Core/Src/c64/display.o
                               0x7294 (size before relaxing)
 .debug_str     0x0000734d       0x20 ./Core/Src/c64/kernal.o
                               0x3d22 (size before relaxing)
 .debug_str     0x0000736d       0x65 ./Core/Src/c64/memory.o
                               0x731c (size before relaxing)
 .debug_str     0x000073d2       0x6d ./Core/Src/c64/vic.o
                               0x7303 (size before relaxing)
 .debug_str     0x0000743f    0xe9dd5 ./Core/Src/main.o
                              0xf12d3 (size before relaxing)
 .debug_str     0x000f1214       0x54 ./Core/Src/pal.o
                              0xef55d (size before relaxing)
 .debug_str     0x000f1268      0x362 ./Core/Src/stm32l4xx_hal_msp.o
                              0xecf0e (size before relaxing)
 .debug_str     0x000f15ca      0x135 ./Core/Src/stm32l4xx_it.o
                              0xec337 (size before relaxing)
 .debug_str     0x000f16ff       0xf2 ./Core/Src/system_stm32l4xx.o
                              0xeb9d4 (size before relaxing)
 .debug_str     0x000f17f1       0x44 ./Core/Startup/startup_stm32l476rgtx.o
                                 0x75 (size before relaxing)
 .debug_str     0x000f1835      0x6a3 ./Drivers/STM32L4xx_HAL_Driver/Src/stm32l4xx_hal.o
                              0xec5d3 (size before relaxing)
 .debug_str     0x000f1ed8      0x355 ./Drivers/STM32L4xx_HAL_Driver/Src/stm32l4xx_hal_cortex.o
                              0xec24d (size before relaxing)
 .debug_str     0x000f222d      0x1fb ./Drivers/STM32L4xx_HAL_Driver/Src/stm32l4xx_hal_dac.o
                              0xebea0 (size before relaxing)
 .debug_str     0x000f2428      0x18d ./Drivers/STM32L4xx_HAL_Driver/Src/stm32l4xx_hal_dac_ex.o
                              0xebdcf (size before relaxing)
 .debug_str     0x000f25b5      0x205 ./Drivers/STM32L4xx_HAL_Driver/Src/stm32l4xx_hal_dma.o
                              0xebc3e (size before relaxing)
 .debug_str     0x000f27ba       0xff ./Drivers/STM32L4xx_HAL_Driver/Src/stm32l4xx_hal_gpio.o
                              0xebb4d (size before relaxing)
 .debug_str     0x000f28b9      0x4e3 ./Drivers/STM32L4xx_HAL_Driver/Src/stm32l4xx_hal_pwr_ex.o
                              0xebf2f (size before relaxing)
 .debug_str     0x000f2d9c      0x33f ./Drivers/STM32L4xx_HAL_Driver/Src/stm32l4xx_hal_rcc.o
                              0xec01a (size before relaxing)
 .debug_str     0x000f30db      0x3bf ./Drivers/STM32L4xx_HAL_Driver/Src/stm32l4xx_hal_rcc_ex.o
                              0xec193 (size before relaxing)
 .debug_str     0x000f349a      0xd20 ./Drivers/STM32L4xx_HAL_Driver/Src/stm32l4xx_hal_tim.o
                              0xecd14 (size before relaxing)
 .debug_str     0x000f41ba      0x4ae ./Drivers/STM32L4xx_HAL_Driver/Src/stm32l4xx_hal_tim_ex.o
                              0xec628 (size before relaxing)
 .debug_str     0x000f4668      0x8b2 ./Drivers/STM32L4xx_HAL_Driver/Src/stm32l4xx_hal_uart.o
                              0xec72c (size before relaxing)

.comment        0x00000000       0x43
 .comment       0x00000000       0x43 ./Core/Src/c64/basic.o
                                 0x44 (size before relaxing)
 .comment       0x00000043       0x44 ./Core/Src/c64/characters.o
 .comment       0x00000043       0x44 ./Core/Src/c64/cia.o
 .comment       0x00000043       0x44 ./Core/Src/c64/cpu.o
 .comment       0x00000043       0x44 ./Core/Src/c64/display.o
 .comment       0x00000043       0x44 ./Core/Src/c64/kernal.o
 .comment       0x00000043       0x44 ./Core/Src/c64/memory.o
 .comment       0x00000043       0x44 ./Core/Src/c64/vic.o
 .comment       0x00000043       0x44 ./Core/Src/main.o
 .comment       0x00000043       0x44 ./Core/Src/pal.o
 .comment       0x00000043       0x44 ./Core/Src/stm32l4xx_hal_msp.o
 .comment       0x00000043       0x44 ./Core/Src/stm32l4xx_it.o
 .comment       0x00000043       0x44 ./Core/Src/system_stm32l4xx.o
 .comment       0x00000043       0x44 ./Drivers/STM32L4xx_HAL_Driver/Src/stm32l4xx_hal.o
 .comment       0x00000043       0x44 ./Drivers/STM32L4xx_HAL_Driver/Src/stm32l4xx_hal_cortex.o
 .comment       0x00000043       0x44 ./Drivers/STM32L4xx_HAL_Driver/Src/stm32l4xx_hal_dac.o
 .comment       0x00000043       0x44 ./Drivers/STM32L4xx_HAL_Driver/Src/stm32l4xx_hal_dac_ex.o
 .comment       0x00000043       0x44 ./Drivers/STM32L4xx_HAL_Driver/Src/stm32l4xx_hal_dma.o
 .comment       0x00000043       0x44 ./Drivers/STM32L4xx_HAL_Driver/Src/stm32l4xx_hal_gpio.o
 .comment       0x00000043       0x44 ./Drivers/STM32L4xx_HAL_Driver/Src/stm32l4xx_hal_pwr_ex.o
 .comment       0x00000043       0x44 ./Drivers/STM32L4xx_HAL_Driver/Src/stm32l4xx_hal_rcc.o
 .comment       0x00000043       0x44 ./Drivers/STM32L4xx_HAL_Driver/Src/stm32l4xx_hal_rcc_ex.o
 .comment       0x00000043       0x44 ./Drivers/STM32L4xx_HAL_Driver/Src/stm32l4xx_hal_tim.o
 .comment       0x00000043       0x44 ./Drivers/STM32L4xx_HAL_Driver/Src/stm32l4xx_hal_tim_ex.o
 .comment       0x00000043       0x44 ./Drivers/STM32L4xx_HAL_Driver/Src/stm32l4xx_hal_uart.o

.debug_rnglists
                0x00000000      0xe50
 .debug_rnglists
                0x00000000       0x27 ./Core/Src/c64/cia.o
 .debug_rnglists
                0x00000027       0xcf ./Core/Src/c64/cpu.o
 .debug_rnglists
                0x000000f6       0x19 ./Core/Src/c64/display.o
 .debug_rnglists
                0x0000010f       0x21 ./Core/Src/c64/memory.o
 .debug_rnglists
                0x00000130       0x21 ./Core/Src/c64/vic.o
 .debug_rnglists
                0x00000151       0x7a ./Core/Src/main.o
 .debug_rnglists
                0x000001cb       0x28 ./Core/Src/pal.o
 .debug_rnglists
                0x000001f3       0x40 ./Core/Src/stm32l4xx_hal_msp.o
 .debug_rnglists
                0x00000233       0x55 ./Core/Src/stm32l4xx_it.o
 .debug_rnglists
                0x00000288       0x1a ./Core/Src/system_stm32l4xx.o
 .debug_rnglists
                0x000002a2       0x19 ./Core/Startup/startup_stm32l476rgtx.o
 .debug_rnglists
                0x000002bb       0xdf ./Drivers/STM32L4xx_HAL_Driver/Src/stm32l4xx_hal.o
 .debug_rnglists
                0x0000039a       0xda ./Drivers/STM32L4xx_HAL_Driver/Src/stm32l4xx_hal_cortex.o
 .debug_rnglists
                0x00000474       0x90 ./Drivers/STM32L4xx_HAL_Driver/Src/stm32l4xx_hal_dac.o
 .debug_rnglists
                0x00000504       0x62 ./Drivers/STM32L4xx_HAL_Driver/Src/stm32l4xx_hal_dac_ex.o
 .debug_rnglists
                0x00000566       0x64 ./Drivers/STM32L4xx_HAL_Driver/Src/stm32l4xx_hal_dma.o
 .debug_rnglists
                0x000005ca       0x3f ./Drivers/STM32L4xx_HAL_Driver/Src/stm32l4xx_hal_gpio.o
 .debug_rnglists
                0x00000609      0x109 ./Drivers/STM32L4xx_HAL_Driver/Src/stm32l4xx_hal_pwr_ex.o
 .debug_rnglists
                0x00000712       0x6d ./Drivers/STM32L4xx_HAL_Driver/Src/stm32l4xx_hal_rcc.o
 .debug_rnglists
                0x0000077f       0x95 ./Drivers/STM32L4xx_HAL_Driver/Src/stm32l4xx_hal_rcc_ex.o
 .debug_rnglists
                0x00000814      0x328 ./Drivers/STM32L4xx_HAL_Driver/Src/stm32l4xx_hal_tim.o
 .debug_rnglists
                0x00000b3c      0x139 ./Drivers/STM32L4xx_HAL_Driver/Src/stm32l4xx_hal_tim_ex.o
 .debug_rnglists
                0x00000c75      0x1db ./Drivers/STM32L4xx_HAL_Driver/Src/stm32l4xx_hal_uart.o

.debug_frame    0x00000000     0x4cd0
 .debug_frame   0x00000000       0xa8 ./Core/Src/c64/cia.o
 .debug_frame   0x000000a8      0x464 ./Core/Src/c64/cpu.o
 .debug_frame   0x0000050c       0x5c ./Core/Src/c64/display.o
 .debug_frame   0x00000568       0x84 ./Core/Src/c64/memory.o
 .debug_frame   0x000005ec       0x84 ./Core/Src/c64/vic.o
 .debug_frame   0x00000670      0x268 ./Core/Src/main.o
 .debug_frame   0x000008d8       0xa4 ./Core/Src/pal.o
 .debug_frame   0x0000097c      0x138 ./Core/Src/stm32l4xx_hal_msp.o
 .debug_frame   0x00000ab4      0x158 ./Core/Src/stm32l4xx_it.o
 .debug_frame   0x00000c0c       0x58 ./Core/Src/system_stm32l4xx.o
 .debug_frame   0x00000c64      0x498 ./Drivers/STM32L4xx_HAL_Driver/Src/stm32l4xx_hal.o
 .debug_frame   0x000010fc      0x4e8 ./Drivers/STM32L4xx_HAL_Driver/Src/stm32l4xx_hal_cortex.o
 .debug_frame   0x000015e4      0x338 ./Drivers/STM32L4xx_HAL_Driver/Src/stm32l4xx_hal_dac.o
 .debug_frame   0x0000191c      0x234 ./Drivers/STM32L4xx_HAL_Driver/Src/stm32l4xx_hal_dac_ex.o
 .debug_frame   0x00001b50      0x204 ./Drivers/STM32L4xx_HAL_Driver/Src/stm32l4xx_hal_dma.o
 .debug_frame   0x00001d54      0x14c ./Drivers/STM32L4xx_HAL_Driver/Src/stm32l4xx_hal_gpio.o
 .debug_frame   0x00001ea0      0x584 ./Drivers/STM32L4xx_HAL_Driver/Src/stm32l4xx_hal_pwr_ex.o
 .debug_frame   0x00002424      0x21c ./Drivers/STM32L4xx_HAL_Driver/Src/stm32l4xx_hal_rcc.o
 .debug_frame   0x00002640      0x2fc ./Drivers/STM32L4xx_HAL_Driver/Src/stm32l4xx_hal_rcc_ex.o
 .debug_frame   0x0000293c     0x121c ./Drivers/STM32L4xx_HAL_Driver/Src/stm32l4xx_hal_tim.o
 .debug_frame   0x00003b58      0x6b0 ./Drivers/STM32L4xx_HAL_Driver/Src/stm32l4xx_hal_tim_ex.o
 .debug_frame   0x00004208      0x9f4 ./Drivers/STM32L4xx_HAL_Driver/Src/stm32l4xx_hal_uart.o
 .debug_frame   0x00004bfc       0x20 C:/ST/STM32CubeIDE_1.15.1/STM32CubeIDE/plugins/com.st.stm32cube.ide.mcu.externaltools.gnu-tools-for-stm32.12.3.rel1.win32_1.0.100.202403111256/tools/bin/../lib/gcc/arm-none-eabi/12.3.1/../../../../arm-none-eabi/lib/thumb/v7e-m+fp/hard\libc_nano.a(libc_a-memset.o)
 .debug_frame   0x00004c1c       0x2c C:/ST/STM32CubeIDE_1.15.1/STM32CubeIDE/plugins/com.st.stm32cube.ide.mcu.externaltools.gnu-tools-for-stm32.12.3.rel1.win32_1.0.100.202403111256/tools/bin/../lib/gcc/arm-none-eabi/12.3.1/../../../../arm-none-eabi/lib/thumb/v7e-m+fp/hard\libc_nano.a(libc_a-init.o)
 .debug_frame   0x00004c48       0x28 C:/ST/STM32CubeIDE_1.15.1/STM32CubeIDE/plugins/com.st.stm32cube.ide.mcu.externaltools.gnu-tools-for-stm32.12.3.rel1.win32_1.0.100.202403111256/tools/bin/../lib/gcc/arm-none-eabi/12.3.1/../../../../arm-none-eabi/lib/thumb/v7e-m+fp/hard\libc_nano.a(libc_a-memcpy-stub.o)
 .debug_frame   0x00004c70       0x2c C:/ST/STM32CubeIDE_1.15.1/STM32CubeIDE/plugins/com.st.stm32cube.ide.mcu.externaltools.gnu-tools-for-stm32.12.3.rel1.win32_1.0.100.202403111256/tools/bin/../lib/gcc/arm-none-eabi/12.3.1/thumb/v7e-m+fp/hard\libgcc.a(_aeabi_uldivmod.o)
 .debug_frame   0x00004c9c       0x34 C:/ST/STM32CubeIDE_1.15.1/STM32CubeIDE/plugins/com.st.stm32cube.ide.mcu.externaltools.gnu-tools-for-stm32.12.3.rel1.win32_1.0.100.202403111256/tools/bin/../lib/gcc/arm-none-eabi/12.3.1/thumb/v7e-m+fp/hard\libgcc.a(_udivmoddi4.o)

.debug_line_str
                0x00000000       0x59
 .debug_line_str
                0x00000000       0x59 ./Core/Startup/startup_stm32l476rgtx.o
