Archive member included to satisfy reference by file (symbol)

C:/ST/STM32CubeIDE_1.15.1/STM32CubeIDE/plugins/com.st.stm32cube.ide.mcu.externaltools.gnu-tools-for-stm32.12.3.rel1.win32_1.0.100.202403111256/tools/bin/../lib/gcc/arm-none-eabi/12.3.1/../../../../arm-none-eabi/lib/thumb/v7e-m+fp/hard\libc_nano.a(libc_a-exit.o)
                              C:/ST/STM32CubeIDE_1.15.1/STM32CubeIDE/plugins/com.st.stm32cube.ide.mcu.externaltools.gnu-tools-for-stm32.12.3.rel1.win32_1.0.100.202403111256/tools/bin/../lib/gcc/arm-none-eabi/12.3.1/../../../../arm-none-eabi/lib/thumb/v7e-m+fp/hard/crt0.o (exit)
C:/ST/STM32CubeIDE_1.15.1/STM32CubeIDE/plugins/com.st.stm32cube.ide.mcu.externaltools.gnu-tools-for-stm32.12.3.rel1.win32_1.0.100.202403111256/tools/bin/../lib/gcc/arm-none-eabi/12.3.1/../../../../arm-none-eabi/lib/thumb/v7e-m+fp/hard\libc_nano.a(libc_a-findfp.o)
                              C:/ST/STM32CubeIDE_1.15.1/STM32CubeIDE/plugins/com.st.stm32cube.ide.mcu.externaltools.gnu-tools-for-stm32.12.3.rel1.win32_1.0.100.202403111256/tools/bin/../lib/gcc/arm-none-eabi/12.3.1/../../../../arm-none-eabi/lib/thumb/v7e-m+fp/hard\libc_nano.a(libc_a-exit.o) (__stdio_exit_handler)
C:/ST/STM32CubeIDE_1.15.1/STM32CubeIDE/plugins/com.st.stm32cube.ide.mcu.externaltools.gnu-tools-for-stm32.12.3.rel1.win32_1.0.100.202403111256/tools/bin/../lib/gcc/arm-none-eabi/12.3.1/../../../../arm-none-eabi/lib/thumb/v7e-m+fp/hard\libc_nano.a(libc_a-fwalk.o)
                              C:/ST/STM32CubeIDE_1.15.1/STM32CubeIDE/plugins/com.st.stm32cube.ide.mcu.externaltools.gnu-tools-for-stm32.12.3.rel1.win32_1.0.100.202403111256/tools/bin/../lib/gcc/arm-none-eabi/12.3.1/../../../../arm-none-eabi/lib/thumb/v7e-m+fp/hard\libc_nano.a(libc_a-findfp.o) (_fwalk_sglue)
C:/ST/STM32CubeIDE_1.15.1/STM32CubeIDE/plugins/com.st.stm32cube.ide.mcu.externaltools.gnu-tools-for-stm32.12.3.rel1.win32_1.0.100.202403111256/tools/bin/../lib/gcc/arm-none-eabi/12.3.1/../../../../arm-none-eabi/lib/thumb/v7e-m+fp/hard\libc_nano.a(libc_a-stdio.o)
                              C:/ST/STM32CubeIDE_1.15.1/STM32CubeIDE/plugins/com.st.stm32cube.ide.mcu.externaltools.gnu-tools-for-stm32.12.3.rel1.win32_1.0.100.202403111256/tools/bin/../lib/gcc/arm-none-eabi/12.3.1/../../../../arm-none-eabi/lib/thumb/v7e-m+fp/hard\libc_nano.a(libc_a-findfp.o) (__sread)
C:/ST/STM32CubeIDE_1.15.1/STM32CubeIDE/plugins/com.st.stm32cube.ide.mcu.externaltools.gnu-tools-for-stm32.12.3.rel1.win32_1.0.100.202403111256/tools/bin/../lib/gcc/arm-none-eabi/12.3.1/../../../../arm-none-eabi/lib/thumb/v7e-m+fp/hard\libc_nano.a(libc_a-memset.o)
                              C:/ST/STM32CubeIDE_1.15.1/STM32CubeIDE/plugins/com.st.stm32cube.ide.mcu.externaltools.gnu-tools-for-stm32.12.3.rel1.win32_1.0.100.202403111256/tools/bin/../lib/gcc/arm-none-eabi/12.3.1/../../../../arm-none-eabi/lib/thumb/v7e-m+fp/hard/crt0.o (memset)
C:/ST/STM32CubeIDE_1.15.1/STM32CubeIDE/plugins/com.st.stm32cube.ide.mcu.externaltools.gnu-tools-for-stm32.12.3.rel1.win32_1.0.100.202403111256/tools/bin/../lib/gcc/arm-none-eabi/12.3.1/../../../../arm-none-eabi/lib/thumb/v7e-m+fp/hard\libc_nano.a(libc_a-closer.o)
                              C:/ST/STM32CubeIDE_1.15.1/STM32CubeIDE/plugins/com.st.stm32cube.ide.mcu.externaltools.gnu-tools-for-stm32.12.3.rel1.win32_1.0.100.202403111256/tools/bin/../lib/gcc/arm-none-eabi/12.3.1/../../../../arm-none-eabi/lib/thumb/v7e-m+fp/hard\libc_nano.a(libc_a-stdio.o) (_close_r)
C:/ST/STM32CubeIDE_1.15.1/STM32CubeIDE/plugins/com.st.stm32cube.ide.mcu.externaltools.gnu-tools-for-stm32.12.3.rel1.win32_1.0.100.202403111256/tools/bin/../lib/gcc/arm-none-eabi/12.3.1/../../../../arm-none-eabi/lib/thumb/v7e-m+fp/hard\libc_nano.a(libc_a-reent.o)
                              C:/ST/STM32CubeIDE_1.15.1/STM32CubeIDE/plugins/com.st.stm32cube.ide.mcu.externaltools.gnu-tools-for-stm32.12.3.rel1.win32_1.0.100.202403111256/tools/bin/../lib/gcc/arm-none-eabi/12.3.1/../../../../arm-none-eabi/lib/thumb/v7e-m+fp/hard\libc_nano.a(libc_a-closer.o) (errno)
C:/ST/STM32CubeIDE_1.15.1/STM32CubeIDE/plugins/com.st.stm32cube.ide.mcu.externaltools.gnu-tools-for-stm32.12.3.rel1.win32_1.0.100.202403111256/tools/bin/../lib/gcc/arm-none-eabi/12.3.1/../../../../arm-none-eabi/lib/thumb/v7e-m+fp/hard\libc_nano.a(libc_a-impure.o)
                              C:/ST/STM32CubeIDE_1.15.1/STM32CubeIDE/plugins/com.st.stm32cube.ide.mcu.externaltools.gnu-tools-for-stm32.12.3.rel1.win32_1.0.100.202403111256/tools/bin/../lib/gcc/arm-none-eabi/12.3.1/../../../../arm-none-eabi/lib/thumb/v7e-m+fp/hard\libc_nano.a(libc_a-reent.o) (_impure_ptr)
C:/ST/STM32CubeIDE_1.15.1/STM32CubeIDE/plugins/com.st.stm32cube.ide.mcu.externaltools.gnu-tools-for-stm32.12.3.rel1.win32_1.0.100.202403111256/tools/bin/../lib/gcc/arm-none-eabi/12.3.1/../../../../arm-none-eabi/lib/thumb/v7e-m+fp/hard\libc_nano.a(libc_a-lseekr.o)
[...]
Memory Configuration

Name             Origin             Length             Attributes
RAM              0x20000000         0x00018000         xrw
RAM2             0x10000000         0x00008000         xrw
FLASH            0x08000000         0x00100000         xr
*default*        0x00000000         0xffffffff

Linker script and memory map

LOAD C:/ST/STM32CubeIDE_1.15.1/STM32CubeIDE/plugins/com.st.stm32cube.ide.mcu.externaltools.gnu-tools-for-stm32.12.3.rel1.win32_1.0.100.202403111256/tools/bin/../lib/gcc/arm-none-eabi/12.3.1/thumb/v7e-m+fp/hard/crti.o
LOAD C:/ST/STM32CubeIDE_1.15.1/STM32CubeIDE/plugins/com.st.stm32cube.ide.mcu.externaltools.gnu-tools-for-stm32.12.3.rel1.win32_1.0.100.202403111256/tools/bin/../lib/gcc/arm-none-eabi/12.3.1/thumb/v7e-m+fp/hard/crtbegin.o
LOAD C:/ST/STM32CubeIDE_1.15.1/STM32CubeIDE/plugins/com.st.stm32cube.ide.mcu.externaltools.gnu-tools-for-stm32.12.3.rel1.win32_1.0.100.202403111256/tools/bin/../lib/gcc/arm-none-eabi/12.3.1/../../../../arm-none-eabi/lib/thumb/v7e-m+fp/hard/crt0.o
LOAD ./Core/Src/c64/basic.o
LOAD ./Core/Src/c64/characters.o
LOAD ./Core/Src/c64/cia.o
LOAD ./Core/Src/c64/cpu.o
LOAD ./Core/Src/c64/display.o
LOAD ./Core/Src/c64/kernal.o
LOAD ./Core/Src/c64/memory.o
LOAD ./Core/Src/c64/vic.o
LOAD ./Core/Src/main.o
LOAD ./Core/Src/stm32l4xx_hal_msp.o
LOAD ./Core/Src/stm32l4xx_it.o
LOAD ./Core/Src/syscalls.o
LOAD ./Core/Src/sysmem.o
LOAD ./Core/Src/system_stm32l4xx.o
LOAD ./Core/Startup/startup_stm32l476rgtx.o
LOAD ./Drivers/STM32L4xx_HAL_Driver/Src/stm32l4xx_hal.o
LOAD ./Drivers/STM32L4xx_HAL_Driver/Src/stm32l4xx_hal_cortex.o
LOAD ./Drivers/STM32L4xx_HAL_Driver/Src/stm32l4xx_hal_dac.o
LOAD ./Drivers/STM32L4xx_HAL_Driver/Src/stm32l4xx_hal_dac_ex.o
LOAD ./Drivers/STM32L4xx_HAL_Driver/Src/stm32l4xx_hal_dma.o
LOAD ./Drivers/STM32L4xx_HAL_Driver/Src/stm32l4xx_hal_dma_ex.o
LOAD ./Drivers/STM32L4xx_HAL_Driver/Src/stm32l4xx_hal_exti.o
LOAD ./Drivers/STM32L4xx_HAL_Driver/Src/stm32l4xx_hal_flash.o
LOAD ./Drivers/STM32L4xx_HAL_Driver/Src/stm32l4xx_hal_flash_ex.o
LOAD ./Drivers/STM32L4xx_HAL_Driver/Src/stm32l4xx_hal_flash_ramfunc.o
LOAD ./Drivers/STM32L4xx_HAL_Driver/Src/stm32l4xx_hal_gpio.o
LOAD ./Drivers/STM32L4xx_HAL_Driver/Src/stm32l4xx_hal_i2c.o
LOAD ./Drivers/STM32L4xx_HAL_Driver/Src/stm32l4xx_hal_i2c_ex.o
LOAD ./Drivers/STM32L4xx_HAL_Driver/Src/stm32l4xx_hal_pwr.o
LOAD ./Drivers/STM32L4xx_HAL_Driver/Src/stm32l4xx_hal_pwr_ex.o
LOAD ./Drivers/STM32L4xx_HAL_Driver/Src/stm32l4xx_hal_rcc.o
LOAD ./Drivers/STM32L4xx_HAL_Driver/Src/stm32l4xx_hal_rcc_ex.o
LOAD ./Drivers/STM32L4xx_HAL_Driver/Src/stm32l4xx_hal_tim.o
LOAD ./Drivers/STM32L4xx_HAL_Driver/Src/stm32l4xx_hal_tim_ex.o
LOAD ./Drivers/STM32L4xx_HAL_Driver/Src/stm32l4xx_hal_uart.o
LOAD ./Drivers/STM32L4xx_HAL_Driver/Src/stm32l4xx_hal_uart_ex.o
START GROUP
LOAD C:/ST/STM32CubeIDE_1.15.1/STM32CubeIDE/plugins/com.st.stm32cube.ide.mcu.externaltools.gnu-tools-for-stm32.12.3.rel1.win32_1.0.100.202403111256/tools/bin/../lib/gcc/arm-none-eabi/12.3.1/../../../../arm-none-eabi/lib/thumb/v7e-m+fp/hard\libc_nano.a
LOAD C:/ST/STM32CubeIDE_1.15.1/STM32CubeIDE/plugins/com.st.stm32cube.ide.mcu.externaltools.gnu-tools-for-stm32.12.3.rel1.win32_1.0.100.202403111256/tools/bin/../lib/gcc/arm-none-eabi/12.3.1/../../../../arm-none-eabi/lib/thumb/v7e-m+fp/hard\libm.a
END GROUP
START GROUP
LOAD C:/ST/STM32CubeIDE_1.15.1/STM32CubeIDE/plugins/com.st.stm32cube.ide.mcu.externaltools.gnu-tools-for-stm32.12.3.rel1.win32_1.0.100.202403111256/tools/bin/../lib/gcc/arm-none-eabi/12.3.1/thumb/v7e-m+fp/hard\libgcc.a
LOAD C:/ST/STM32CubeIDE_1.15.1/STM32CubeIDE/plugins/com.st.stm32cube.ide.mcu.externaltools.gnu-tools-for-stm32.12.3.rel1.win32_1.0.100.202403111256/tools/bin/../lib/gcc/arm-none-eabi/12.3.1/../../../../arm-none-eabi/lib/thumb/v7e-m+fp/hard\libc_nano.a
END GROUP
START GROUP
LOAD C:/ST/STM32CubeIDE_1.15.1/STM32CubeIDE/plugins/com.st.stm32cube.ide.mcu.externaltools.gnu-tools-for-stm32.12.3.rel1.win32_1.0.100.202403111256/tools/bin/../lib/gcc/arm-none-eabi/12.3.1/thumb/v7e-m+fp/hard\libgcc.a
LOAD C:/ST/STM32CubeIDE_1.15.1/STM32CubeIDE/plugins/com.st.stm32cube.ide.mcu.externaltools.gnu-tools-for-stm32.12.3.rel1.win32_1.0.100.202403111256/tools/bin/../lib/gcc/arm-none-eabi/12.3.1/../../../../arm-none-eabi/lib/thumb/v7e-m+fp/hard\libc_nano.a
LOAD C:/ST/STM32CubeIDE_1.15.1/STM32CubeIDE/plugins/com.st.stm32cube.ide.mcu.externaltools.gnu-tools-for-stm32.12.3.rel1.win32_1.0.100.202403111256/tools/bin/../lib/gcc/arm-none-eabi/12.3.1/../../../../arm-none-eabi/lib/thumb/v7e-m+fp/hard\libnosys.a
END GROUP
START GROUP
LOAD C:/ST/STM32CubeIDE_1.15.1/STM32CubeIDE/plugins/com.st.stm32cube.ide.mcu.externaltools.gnu-tools-for-stm32.12.3.rel1.win32_1.0.100.202403111256/tools/bin/../lib/gcc/arm-none-eabi/12.3.1/thumb/v7e-m+fp/hard\libgcc.a
LOAD C:/ST/STM32CubeIDE_1.15.1/STM32CubeIDE/plugins/com.st.stm32cube.ide.mcu.externaltools.gnu-tools-for-stm32.12.3.rel1.win32_1.0.100.202403111256/tools/bin/../lib/gcc/arm-none-eabi/12.3.1/../../../../arm-none-eabi/lib/thumb/v7e-m+fp/hard\libc_nano.a
LOAD C:/ST/STM32CubeIDE_1.15.1/STM32CubeIDE/plugins/com.st.stm32cube.ide.mcu.externaltools.gnu-tools-for-stm32.12.3.rel1.win32_1.0.100.202403111256/tools/bin/../lib/gcc/arm-none-eabi/12.3.1/../../../../arm-none-eabi/lib/thumb/v7e-m+fp/hard\libnosys.a
END GROUP
LOAD C:/ST/STM32CubeIDE_1.15.1/STM32CubeIDE/plugins/com.st.stm32cube.ide.mcu.externaltools.gnu-tools-for-stm32.12.3.rel1.win32_1.0.100.202403111256/tools/bin/../lib/gcc/arm-none-eabi/12.3.1/thumb/v7e-m+fp/hard/crtend.o
LOAD C:/ST/STM32CubeIDE_1.15.1/STM32CubeIDE/plugins/com.st.stm32cube.ide.mcu.externaltools.gnu-tools-for-stm32.12.3.rel1.win32_1.0.100.202403111256/tools/bin/../lib/gcc/arm-none-eabi/12.3.1/thumb/v7e-m+fp/hard/crtn.o
                0x20018000                        _estack = (ORIGIN (RAM) + LENGTH (RAM))
                0x00000200                        _Min_Heap_Size = 0x200
                0x00000400                        _Min_Stack_Size = 0x400

.isr_vector     0x08000000      0x188
                0x08000000                        . = ALIGN (0x4)
 *(.isr_vector)
 .isr_vector    0x08000000      0x188 ./Core/Startup/startup_stm32l476rgtx.o
                0x08000000                g_pfnVectors
                0x08000188                        . = ALIGN (0x4)

.text           0x08000188     0x90e0
                0x08000188                        . = ALIGN (0x4)
 *(.text)
 .text          0x08000188       0x40 C:/ST/STM32CubeIDE_1.15.1/STM32CubeIDE/plugins/com.st.stm32cube.ide.mcu.externaltools.gnu-tools-for-stm32.12.3.rel1.win32_1.0.100.202403111256/tools/bin/../lib/gcc/arm-none-eabi/12.3.1/thumb/v7e-m+fp/hard/crtbegin.o
 .text          0x080001c8      0x378 C:/ST/STM32CubeIDE_1.15.1/STM32CubeIDE/plugins/com.st.stm32cube.ide.mcu.externaltools.gnu-tools-for-stm32.12.3.rel1.win32_1.0.100.202403111256/tools/bin/../lib/gcc/arm-none-eabi/12.3.1/thumb/v7e-m+fp/hard\libgcc.a(_arm_addsubdf3.o)
                0x080001c8                __aeabi_drsub
                0x080001d0                __aeabi_dsub
                0x080001d0                __subdf3
                0x080001d4                __aeabi_dadd
                0x080001d4                __adddf3
                0x0800044c                __floatunsidf
                0x0800044c                __aeabi_ui2d
                0x0800046c                __floatsidf
                0x0800046c                __aeabi_i2d
                0x08000490                __aeabi_f2d
                0x08000490                __extendsfdf2
                0x080004d4                __floatundidf
                0x080004d4                __aeabi_ul2d
                0x080004e4                __floatdidf
                0x080004e4                __aeabi_l2d
 .text          0x08000540      0x424 C:/ST/STM32CubeIDE_1.15.1/STM32CubeIDE/plugins/com.st.stm32cube.ide.mcu.externaltools.gnu-tools-for-stm32.12.3.rel1.win32_1.0.100.202403111256/tools/bin/../lib/gcc/arm-none-eabi/12.3.1/thumb/v7e-m+fp/hard\libgcc.a(_arm_muldivdf3.o)
                0x08000540                __aeabi_dmul
                0x08000540                __muldf3
                0x08000794                __divdf3
                0x08000794                __aeabi_ddiv
 .text          0x08000964      0x110 C:/ST/STM32CubeIDE_1.15.1/STM32CubeIDE/plugins/com.st.stm32cube.ide.mcu.externaltools.gnu-tools-for-stm32.12.3.rel1.win32_1.0.100.202403111256/tools/bin/../lib/gcc/arm-none-eabi/12.3.1/thumb/v7e-m+fp/hard\libgcc.a(_arm_cmpdf2.o)
                0x08000964                __gtdf2
                0x08000964                __gedf2
                0x0800096c                __ltdf2
                0x0800096c                __ledf2
                0x08000974                __nedf2
                0x08000974                __eqdf2
                0x08000974                __cmpdf2
                0x080009f0                __aeabi_cdrcmple
                0x08000a00                __aeabi_cdcmpeq
                0x08000a00                __aeabi_cdcmple
                0x08000a10                __aeabi_dcmpeq
                0x08000a24                __aeabi_dcmplt
                0x08000a38                __aeabi_dcmple
                0x08000a4c                __aeabi_dcmpge
                0x08000a60                __aeabi_dcmpgt
 .text          0x08000a74       0x50 C:/ST/STM32CubeIDE_1.15.1/STM32CubeIDE/plugins/com.st.stm32cube.ide.mcu.externaltools.gnu-tools-for-stm32.12.3.rel1.win32_1.0.100.202403111256/tools/bin/../lib/gcc/arm-none-eabi/12.3.1/thumb/v7e-m+fp/hard\libgcc.a(_arm_fixdfsi.o)
                0x08000a74                __aeabi_d2iz
                0x08000a74                __fixdfsi
 .text          0x08000ac4       0x40 C:/ST/STM32CubeIDE_1.15.1/STM32CubeIDE/plugins/com.st.stm32cube.ide.mcu.externaltools.gnu-tools-for-stm32.12.3.rel1.win32_1.0.100.202403111256/tools/bin/../lib/gcc/arm-none-eabi/12.3.1/thumb/v7e-m+fp/hard\libgcc.a(_arm_fixunsdfsi.o)
                0x08000ac4                __aeabi_d2uiz
                0x08000ac4                __fixunsdfsi
 .text          0x08000b04       0x30 C:/ST/STM32CubeIDE_1.15.1/STM32CubeIDE/plugins/com.st.stm32cube.ide.mcu.externaltools.gnu-tools-for-stm32.12.3.rel1.win32_1.0.100.202403111256/tools/bin/../lib/gcc/arm-none-eabi/12.3.1/thumb/v7e-m+fp/hard\libgcc.a(_aeabi_uldivmod.o)
                0x08000b04                __aeabi_uldivmod
 .text          0x08000b34      0x2bc C:/ST/STM32CubeIDE_1.15.1/STM32CubeIDE/plugins/com.st.stm32cube.ide.mcu.externaltools.gnu-tools-for-stm32.12.3.rel1.win32_1.0.100.202403111256/tools/bin/../lib/gcc/arm-none-eabi/12.3.1/thumb/v7e-m+fp/hard\libgcc.a(_udivmoddi4.o)
                0x08000b34                __udivmoddi4
 .text          0x08000df0        0x4 C:/ST/STM32CubeIDE_1.15.1/STM32CubeIDE/plugins/com.st.stm32cube.ide.mcu.externaltools.gnu-tools-for-stm32.12.3.rel1.win32_1.0.100.202403111256/tools/bin/../lib/gcc/arm-none-eabi/12.3.1/thumb/v7e-m+fp/hard\libgcc.a(_dvmd_tls.o)
                0x08000df0                __aeabi_idiv0
                0x08000df0                __aeabi_ldiv0
 *(.text*)
 .text.pin_mode
                0x08000df4       0x1c ./Core/Src/c64/cia.o
                0x08000df4                pin_mode
 .text.cia_read
                0x08000e10       0x50 ./Core/Src/c64/cia.o
                0x08000e10                cia_read
 .text.cia_write
                0x08000e60       0x4c ./Core/Src/c64/cia.o
                0x08000e60                cia_write
 .text.reset    0x08000eac       0x9c ./Core/Src/c64/cpu.o
                0x08000eac                reset
 .text.s_pop    0x08000f48       0x30 ./Core/Src/c64/cpu.o
                0x08000f48                s_pop
 .text.s_push   0x08000f78       0x34 ./Core/Src/c64/cpu.o
                0x08000f78                s_push
 .text.s_pop16  0x08000fac       0x2e ./Core/Src/c64/cpu.o
                0x08000fac                s_pop16
 .text.s_push16
                0x08000fda       0x2a ./Core/Src/c64/cpu.o
                0x08000fda                s_push16
 .text.load_ins_buf
                0x08001004       0x5c ./Core/Src/c64/cpu.o
                0x08001004                load_ins_buf
 .text.get_operand
                0x08001060      0x274 ./Core/Src/c64/cpu.o
                0x08001060                get_operand
 .text.exec_ora
                0x080012d4       0x5c ./Core/Src/c64/cpu.o
                0x080012d4                exec_ora
 .text.exec_and
                0x08001330       0x5c ./Core/Src/c64/cpu.o
                0x08001330                exec_and
 .text.exec_eor
                0x0800138c       0x5c ./Core/Src/c64/cpu.o
                0x0800138c                exec_eor
 .text.setCV    0x080013e8       0xb4 ./Core/Src/c64/cpu.o
                0x080013e8                setCV
 .text.exec_adc
                0x0800149c       0x64 ./Core/Src/c64/cpu.o
                0x0800149c                exec_adc
 .text.exec_sbc
                0x08001500       0x64 ./Core/Src/c64/cpu.o
                0x08001500                exec_sbc
 .text.exec_cmp
                0x08001564       0x78 ./Core/Src/c64/cpu.o
                0x08001564                exec_cmp
 .text.exec_cpx
                0x080015dc       0x78 ./Core/Src/c64/cpu.o
                0x080015dc                exec_cpx
 .text.exec_cpy
                0x08001654       0x78 ./Core/Src/c64/cpu.o
                0x08001654                exec_cpy
 .text.exec_dec
                0x080016cc       0x5c ./Core/Src/c64/cpu.o
                0x080016cc                exec_dec
 .text.exec_inc
                0x08001728       0x5c ./Core/Src/c64/cpu.o
                0x08001728                exec_inc
 .text.exec_asl
                0x08001784       0x74 ./Core/Src/c64/cpu.o
                0x08001784                exec_asl
 .text.exec_rol
                0x080017f8       0x80 ./Core/Src/c64/cpu.o
                0x080017f8                exec_rol
 .text.exec_lsr
                0x08001878       0x78 ./Core/Src/c64/cpu.o
                0x08001878                exec_lsr
 .text.exec_ror
                0x080018f0       0x88 ./Core/Src/c64/cpu.o
                0x080018f0                exec_ror
 .text.exec_lda
                0x08001978       0x50 ./Core/Src/c64/cpu.o
                0x08001978                exec_lda
 .text.exec_sta
                0x080019c8       0x50 ./Core/Src/c64/cpu.o
                0x080019c8                exec_sta
 .text.exec_ldx
                0x08001a18       0x50 ./Core/Src/c64/cpu.o
                0x08001a18                exec_ldx
 .text.exec_stx
                0x08001a68       0x50 ./Core/Src/c64/cpu.o
                0x08001a68                exec_stx
 .text.exec_ldy
                0x08001ab8       0x50 ./Core/Src/c64/cpu.o
                0x08001ab8                exec_ldy
 .text.exec_sty
                0x08001b08       0x50 ./Core/Src/c64/cpu.o
                0x08001b08                exec_sty
 .text.exec_ins
                0x08001b58      0xc60 ./Core/Src/c64/cpu.o
                0x08001b58                exec_ins
 .text.display_write
                0x080027b8       0x16 ./Core/Src/c64/display.o
                0x080027b8                display_write
 .text.display_write16
                0x080027ce       0x2a ./Core/Src/c64/display.o
                0x080027ce                display_write16
 .text.display_write_c
                0x080027f8       0x1a ./Core/Src/c64/display.o
                0x080027f8                display_write_c
 .text.display_set_space
                0x08002812       0x52 ./Core/Src/c64/display.o
                0x08002812                display_set_space
 .text.display_write_pixel
                0x08002864       0x54 ./Core/Src/c64/display.o
                0x08002864                display_write_pixel
 .text.display_init_write
                0x080028b8       0xe8 ./Core/Src/c64/display.o
                0x080028b8                display_init_write
 .text.mem_read
                0x080029a0      0x184 ./Core/Src/c64/memory.o
                0x080029a0                mem_read
 .text.mem_read16
                0x08002b24       0x3a ./Core/Src/c64/memory.o
                0x08002b24                mem_read16
 *fill*         0x08002b5e        0x2 
 .text.mem_write
                0x08002b60      0x24c ./Core/Src/c64/memory.o
                0x08002b60                mem_write
 .text.vic_read
                0x08002dac       0x80 ./Core/Src/c64/vic.o
                0x08002dac                vic_read
 .text.vic_write
                0x08002e2c       0x44 ./Core/Src/c64/vic.o
                0x08002e2c                vic_write
 .text.vic_write_screen
                0x08002e70       0xe8 ./Core/Src/c64/vic.o
                0x08002e70                vic_write_screen
 .text.main     0x08002f58      0x610 ./Core/Src/main.o
                0x08002f58                main
 .text.SystemClock_Config
                0x08003568       0xa2 ./Core/Src/main.o
                0x08003568                SystemClock_Config
 *fill*         0x0800360a        0x2 
 .text.MX_DAC1_Init
                0x0800360c       0x64 ./Core/Src/main.o
 .text.MX_TIM2_Init
                0x08003670       0xf0 ./Core/Src/main.o
 .text.MX_TIM4_Init
                0x08003760       0x9c ./Core/Src/main.o
 .text.MX_USART2_UART_Init
                0x080037fc       0x60 ./Core/Src/main.o
 .text.MX_DMA_Init
                0x0800385c       0x3c ./Core/Src/main.o
 .text.MX_GPIO_Init
                0x08003898       0xcc ./Core/Src/main.o
 .text.HAL_DAC_ConvHalfCpltCallbackCh1
                0x08003964      0x128 ./Core/Src/main.o
                0x08003964                HAL_DAC_ConvHalfCpltCallbackCh1
 .text.HAL_DAC_ConvCpltCallbackCh1
                0x08003a8c      0x1b8 ./Core/Src/main.o
                0x08003a8c                HAL_DAC_ConvCpltCallbackCh1
 .text.Error_Handler
                0x08003c44        0xc ./Core/Src/main.o
                0x08003c44                Error_Handler
 .text.HAL_MspInit
                0x08003c50       0x48 ./Core/Src/stm32l4xx_hal_msp.o
                0x08003c50                HAL_MspInit
 .text.HAL_DAC_MspInit
                0x08003c98       0xe8 ./Core/Src/stm32l4xx_hal_msp.o
                0x08003c98                HAL_DAC_MspInit
 .text.HAL_TIM_Base_MspInit
                0x08003d80       0x64 ./Core/Src/stm32l4xx_hal_msp.o
                0x08003d80                HAL_TIM_Base_MspInit
 .text.HAL_TIM_MspPostInit
                0x08003de4       0x6c ./Core/Src/stm32l4xx_hal_msp.o
                0x08003de4                HAL_TIM_MspPostInit
 .text.HAL_UART_MspInit
                0x08003e50       0xb8 ./Core/Src/stm32l4xx_hal_msp.o
                0x08003e50                HAL_UART_MspInit
 .text.NMI_Handler
                0x08003f08        0x8 ./Core/Src/stm32l4xx_it.o
                0x08003f08                NMI_Handler
 .text.HardFault_Handler
                0x08003f10        0x8 ./Core/Src/stm32l4xx_it.o
                0x08003f10                HardFault_Handler
 .text.MemManage_Handler
                0x08003f18        0x8 ./Core/Src/stm32l4xx_it.o
                0x08003f18                MemManage_Handler
 .text.BusFault_Handler
                0x08003f20        0x8 ./Core/Src/stm32l4xx_it.o
                0x08003f20                BusFault_Handler
 .text.UsageFault_Handler
                0x08003f28        0x8 ./Core/Src/stm32l4xx_it.o
                0x08003f28                UsageFault_Handler
 .text.SVC_Handler
                0x08003f30        0xe ./Core/Src/stm32l4xx_it.o
                0x08003f30                SVC_Handler
 .text.DebugMon_Handler
                0x08003f3e        0xe ./Core/Src/stm32l4xx_it.o
                0x08003f3e                DebugMon_Handler
 .text.PendSV_Handler
                0x08003f4c        0xe ./Core/Src/stm32l4xx_it.o
                0x08003f4c                PendSV_Handler
 .text.SysTick_Handler
                0x08003f5a        0xc ./Core/Src/stm32l4xx_it.o
                0x08003f5a                SysTick_Handler
 *fill*         0x08003f66        0x2 
 .text.DMA1_Channel3_IRQHandler
                0x08003f68       0x14 ./Core/Src/stm32l4xx_it.o
                0x08003f68                DMA1_Channel3_IRQHandler
 .text.TIM6_DAC_IRQHandler
                0x08003f7c       0x14 ./Core/Src/stm32l4xx_it.o
                0x08003f7c                TIM6_DAC_IRQHandler
 .text.SystemInit
                0x08003f90       0x24 ./Core/Src/system_stm32l4xx.o
                0x08003f90                SystemInit
 .text.Reset_Handler
                0x08003fb4       0x50 ./Core/Startup/startup_stm32l476rgtx.o
                0x08003fb4                Reset_Handler
 .text.Default_Handler
                0x08004004        0x2 ./Core/Startup/startup_stm32l476rgtx.o
                0x08004004                RTC_Alarm_IRQHandler
                0x08004004                EXTI2_IRQHandler
                0x08004004                TIM8_TRG_COM_IRQHandler
                0x08004004                TIM8_CC_IRQHandler
                0x08004004                TIM1_CC_IRQHandler
                0x08004004                TSC_IRQHandler
                0x08004004                TAMP_STAMP_IRQHandler
                0x08004004                EXTI3_IRQHandler
                0x08004004                LPTIM2_IRQHandler
                0x08004004                DFSDM1_FLT1_IRQHandler
                0x08004004                I2C3_ER_IRQHandler
                0x08004004                DFSDM1_FLT2_IRQHandler
                0x08004004                EXTI0_IRQHandler
                0x08004004                I2C2_EV_IRQHandler
                0x08004004                CAN1_RX0_IRQHandler
                0x08004004                FPU_IRQHandler
                0x08004004                TIM1_UP_TIM16_IRQHandler
                0x08004004                ADC1_2_IRQHandler
                0x08004004                SPI1_IRQHandler
                0x08004004                TIM8_UP_IRQHandler
                0x08004004                DMA2_Channel2_IRQHandler
                0x08004004                DMA1_Channel4_IRQHandler
                0x08004004                SAI2_IRQHandler
                0x08004004                DFSDM1_FLT3_IRQHandler
                0x08004004                USART3_IRQHandler
                0x08004004                DMA1_Channel7_IRQHandler
                0x08004004                CAN1_RX1_IRQHandler
                0x08004004                LCD_IRQHandler
                0x08004004                UART5_IRQHandler
                0x08004004                ADC3_IRQHandler
                0x08004004                TIM4_IRQHandler
                0x08004004                DMA2_Channel1_IRQHandler
                0x08004004                QUADSPI_IRQHandler
                0x08004004                I2C1_EV_IRQHandler
                0x08004004                DMA1_Channel6_IRQHandler
                0x08004004                UART4_IRQHandler
                0x08004004                DMA2_Channel4_IRQHandler
                0x08004004                TIM3_IRQHandler
                0x08004004                RCC_IRQHandler
                0x08004004                DMA1_Channel1_IRQHandler
                0x08004004                Default_Handler
                0x08004004                DMA2_Channel7_IRQHandler
                0x08004004                EXTI15_10_IRQHandler
                0x08004004                TIM7_IRQHandler
                0x08004004                SDMMC1_IRQHandler
                0x08004004                TIM5_IRQHandler
                0x08004004                I2C3_EV_IRQHandler
                0x08004004                EXTI9_5_IRQHandler
                0x08004004                RTC_WKUP_IRQHandler
                0x08004004                PVD_PVM_IRQHandler
                0x08004004                SPI2_IRQHandler
                0x08004004                CAN1_TX_IRQHandler
                0x08004004                DMA2_Channel5_IRQHandler
                0x08004004                DMA1_Channel5_IRQHandler
                0x08004004                EXTI4_IRQHandler
                0x08004004                RNG_IRQHandler
                0x08004004                TIM1_TRG_COM_TIM17_IRQHandler
                0x08004004                COMP_IRQHandler
                0x08004004                WWDG_IRQHandler
                0x08004004                LPUART1_IRQHandler
                0x08004004                DMA2_Channel6_IRQHandler
                0x08004004                TIM2_IRQHandler
                0x08004004                EXTI1_IRQHandler
                0x08004004                USART2_IRQHandler
                0x08004004                DFSDM1_FLT0_IRQHandler
                0x08004004                I2C2_ER_IRQHandler
                0x08004004                DMA1_Channel2_IRQHandler
                0x08004004                TIM8_BRK_IRQHandler
                0x08004004                CAN1_SCE_IRQHandler
                0x08004004                FLASH_IRQHandler
                0x08004004                USART1_IRQHandler
                0x08004004                OTG_FS_IRQHandler
                0x08004004                SPI3_IRQHandler
                0x08004004                I2C1_ER_IRQHandler
                0x08004004                FMC_IRQHandler
                0x08004004                SWPMI1_IRQHandler
                0x08004004                LPTIM1_IRQHandler
                0x08004004                SAI1_IRQHandler
                0x08004004                DMA2_Channel3_IRQHandler
                0x08004004                TIM1_BRK_TIM15_IRQHandler
 *fill*         0x08004006        0x2 
 .text.HAL_Init
                0x08004008       0x40 ./Drivers/STM32L4xx_HAL_Driver/Src/stm32l4xx_hal.o
                0x08004008                HAL_Init
 .text.HAL_InitTick
                0x08004048       0x78 ./Drivers/STM32L4xx_HAL_Driver/Src/stm32l4xx_hal.o
                0x08004048                HAL_InitTick
 .text.HAL_IncTick
                0x080040c0       0x28 ./Drivers/STM32L4xx_HAL_Driver/Src/stm32l4xx_hal.o
                0x080040c0                HAL_IncTick
 .text.HAL_GetTick
                0x080040e8       0x18 ./Drivers/STM32L4xx_HAL_Driver/Src/stm32l4xx_hal.o
                0x080040e8                HAL_GetTick
 .text.HAL_Delay
                0x08004100       0x48 ./Drivers/STM32L4xx_HAL_Driver/Src/stm32l4xx_hal.o
                0x08004100                HAL_Delay
 .text.__NVIC_SetPriorityGrouping
                0x08004148       0x48 ./Drivers/STM32L4xx_HAL_Driver/Src/stm32l4xx_hal_cortex.o
 .text.__NVIC_GetPriorityGrouping
                0x08004190       0x1c ./Drivers/STM32L4xx_HAL_Driver/Src/stm32l4xx_hal_cortex.o
 .text.__NVIC_EnableIRQ
                0x080041ac       0x3c ./Drivers/STM32L4xx_HAL_Driver/Src/stm32l4xx_hal_cortex.o
 .text.__NVIC_SetPriority
                0x080041e8       0x54 ./Drivers/STM32L4xx_HAL_Driver/Src/stm32l4xx_hal_cortex.o
 .text.NVIC_EncodePriority
                0x0800423c       0x66 ./Drivers/STM32L4xx_HAL_Driver/Src/stm32l4xx_hal_cortex.o
 *fill*         0x080042a2        0x2 
 .text.SysTick_Config
                0x080042a4       0x44 ./Drivers/STM32L4xx_HAL_Driver/Src/stm32l4xx_hal_cortex.o
 .text.HAL_NVIC_SetPriorityGrouping
                0x080042e8       0x16 ./Drivers/STM32L4xx_HAL_Driver/Src/stm32l4xx_hal_cortex.o
                0x080042e8                HAL_NVIC_SetPriorityGrouping
 .text.HAL_NVIC_SetPriority
                0x080042fe       0x38 ./Drivers/STM32L4xx_HAL_Driver/Src/stm32l4xx_hal_cortex.o
                0x080042fe                HAL_NVIC_SetPriority
 .text.HAL_NVIC_EnableIRQ
                0x08004336       0x1c ./Drivers/STM32L4xx_HAL_Driver/Src/stm32l4xx_hal_cortex.o
                0x08004336                HAL_NVIC_EnableIRQ
 .text.HAL_SYSTICK_Config
                0x08004352       0x18 ./Drivers/STM32L4xx_HAL_Driver/Src/stm32l4xx_hal_cortex.o
                0x08004352                HAL_SYSTICK_Config
 .text.HAL_DAC_Init
                0x0800436a       0x44 ./Drivers/STM32L4xx_HAL_Driver/Src/stm32l4xx_hal_dac.o
                0x0800436a                HAL_DAC_Init
 *fill*         0x080043ae        0x2 
 .text.HAL_DAC_Start_DMA
                0x080043b0      0x198 ./Drivers/STM32L4xx_HAL_Driver/Src/stm32l4xx_hal_dac.o
                0x080043b0                HAL_DAC_Start_DMA
 .text.HAL_DAC_IRQHandler
                0x08004548       0xb4 ./Drivers/STM32L4xx_HAL_Driver/Src/stm32l4xx_hal_dac.o
                0x08004548                HAL_DAC_IRQHandler
 .text.HAL_DAC_ErrorCallbackCh1
                0x080045fc       0x14 ./Drivers/STM32L4xx_HAL_Driver/Src/stm32l4xx_hal_dac.o
                0x080045fc                HAL_DAC_ErrorCallbackCh1
 .text.HAL_DAC_DMAUnderrunCallbackCh1
                0x08004610       0x14 ./Drivers/STM32L4xx_HAL_Driver/Src/stm32l4xx_hal_dac.o
                0x08004610                HAL_DAC_DMAUnderrunCallbackCh1
 .text.HAL_DAC_ConfigChannel
                0x08004624      0x24e ./Drivers/STM32L4xx_HAL_Driver/Src/stm32l4xx_hal_dac.o
                0x08004624                HAL_DAC_ConfigChannel
 .text.DAC_DMAConvCpltCh1
                0x08004872       0x22 ./Drivers/STM32L4xx_HAL_Driver/Src/stm32l4xx_hal_dac.o
                0x08004872                DAC_DMAConvCpltCh1
 .text.DAC_DMAHalfConvCpltCh1
                0x08004894       0x1c ./Drivers/STM32L4xx_HAL_Driver/Src/stm32l4xx_hal_dac.o
                0x08004894                DAC_DMAHalfConvCpltCh1
 .text.DAC_DMAErrorCh1
                0x080048b0       0x2e ./Drivers/STM32L4xx_HAL_Driver/Src/stm32l4xx_hal_dac.o
                0x080048b0                DAC_DMAErrorCh1
 .text.HAL_DACEx_ConvCpltCallbackCh2
                0x080048de       0x14 ./Drivers/STM32L4xx_HAL_Driver/Src/stm32l4xx_hal_dac_ex.o
                0x080048de                HAL_DACEx_ConvCpltCallbackCh2
 .text.HAL_DACEx_ConvHalfCpltCallbackCh2
                0x080048f2       0x14 ./Drivers/STM32L4xx_HAL_Driver/Src/stm32l4xx_hal_dac_ex.o
                0x080048f2                HAL_DACEx_ConvHalfCpltCallbackCh2
 .text.HAL_DACEx_ErrorCallbackCh2
                0x08004906       0x14 ./Drivers/STM32L4xx_HAL_Driver/Src/stm32l4xx_hal_dac_ex.o
                0x08004906                HAL_DACEx_ErrorCallbackCh2
 .text.HAL_DACEx_DMAUnderrunCallbackCh2
                0x0800491a       0x14 ./Drivers/STM32L4xx_HAL_Driver/Src/stm32l4xx_hal_dac_ex.o
                0x0800491a                HAL_DACEx_DMAUnderrunCallbackCh2
 .text.DAC_DMAConvCpltCh2
                0x0800492e       0x22 ./Drivers/STM32L4xx_HAL_Driver/Src/stm32l4xx_hal_dac_ex.o
                0x0800492e                DAC_DMAConvCpltCh2
 .text.DAC_DMAHalfConvCpltCh2
                0x08004950       0x1c ./Drivers/STM32L4xx_HAL_Driver/Src/stm32l4xx_hal_dac_ex.o
                0x08004950                DAC_DMAHalfConvCpltCh2
 .text.DAC_DMAErrorCh2
                0x0800496c       0x2e ./Drivers/STM32L4xx_HAL_Driver/Src/stm32l4xx_hal_dac_ex.o
                0x0800496c                DAC_DMAErrorCh2
 *fill*         0x0800499a        0x2 
 .text.HAL_DMA_Init
                0x0800499c      0x170 ./Drivers/STM32L4xx_HAL_Driver/Src/stm32l4xx_hal_dma.o
                0x0800499c                HAL_DMA_Init
 .text.HAL_DMA_Start_IT
                0x08004b0c       0xc0 ./Drivers/STM32L4xx_HAL_Driver/Src/stm32l4xx_hal_dma.o
                0x08004b0c                HAL_DMA_Start_IT
 .text.HAL_DMA_IRQHandler
                0x08004bcc      0x15e ./Drivers/STM32L4xx_HAL_Driver/Src/stm32l4xx_hal_dma.o
                0x08004bcc                HAL_DMA_IRQHandler
 .text.DMA_SetConfig
                0x08004d2a       0x60 ./Drivers/STM32L4xx_HAL_Driver/Src/stm32l4xx_hal_dma.o
 *fill*         0x08004d8a        0x2 
 .text.HAL_GPIO_Init
                0x08004d8c      0x354 ./Drivers/STM32L4xx_HAL_Driver/Src/stm32l4xx_hal_gpio.o
                0x08004d8c                HAL_GPIO_Init
 .text.HAL_GPIO_WritePin
                0x080050e0       0x30 ./Drivers/STM32L4xx_HAL_Driver/Src/stm32l4xx_hal_gpio.o
                0x080050e0                HAL_GPIO_WritePin
 .text.HAL_PWREx_GetVoltageRange
                0x08005110       0x1c ./Drivers/STM32L4xx_HAL_Driver/Src/stm32l4xx_hal_pwr_ex.o
                0x08005110                HAL_PWREx_GetVoltageRange
 .text.HAL_PWREx_ControlVoltageScaling
                0x0800512c       0xac ./Drivers/STM32L4xx_HAL_Driver/Src/stm32l4xx_hal_pwr_ex.o
                0x0800512c                HAL_PWREx_ControlVoltageScaling
 .text.HAL_RCC_OscConfig
                0x080051d8      0x7b8 ./Drivers/STM32L4xx_HAL_Driver/Src/stm32l4xx_hal_rcc.o
                0x080051d8                HAL_RCC_OscConfig
 .text.HAL_RCC_ClockConfig
                0x08005990      0x200 ./Drivers/STM32L4xx_HAL_Driver/Src/stm32l4xx_hal_rcc.o
                0x08005990                HAL_RCC_ClockConfig
 .text.HAL_RCC_GetSysClockFreq
                0x08005b90      0x118 ./Drivers/STM32L4xx_HAL_Driver/Src/stm32l4xx_hal_rcc.o
                0x08005b90                HAL_RCC_GetSysClockFreq
 .text.HAL_RCC_GetHCLKFreq
                0x08005ca8       0x18 ./Drivers/STM32L4xx_HAL_Driver/Src/stm32l4xx_hal_rcc.o
                0x08005ca8                HAL_RCC_GetHCLKFreq
 .text.HAL_RCC_GetPCLK1Freq
                0x08005cc0       0x2c ./Drivers/STM32L4xx_HAL_Driver/Src/stm32l4xx_hal_rcc.o
                0x08005cc0                HAL_RCC_GetPCLK1Freq
 .text.HAL_RCC_GetPCLK2Freq
                0x08005cec       0x2c ./Drivers/STM32L4xx_HAL_Driver/Src/stm32l4xx_hal_rcc.o
                0x08005cec                HAL_RCC_GetPCLK2Freq
 .text.RCC_SetFlashLatencyFromMSIRange
                0x08005d18       0xc0 ./Drivers/STM32L4xx_HAL_Driver/Src/stm32l4xx_hal_rcc.o
 .text.HAL_RCCEx_PeriphCLKConfig
                0x08005dd8      0x5d4 ./Drivers/STM32L4xx_HAL_Driver/Src/stm32l4xx_hal_rcc_ex.o
                0x08005dd8                HAL_RCCEx_PeriphCLKConfig
 .text.RCCEx_PLLSAI1_Config
                0x080063ac      0x1e8 ./Drivers/STM32L4xx_HAL_Driver/Src/stm32l4xx_hal_rcc_ex.o
 .text.RCCEx_PLLSAI2_Config
                0x08006594      0x1bc ./Drivers/STM32L4xx_HAL_Driver/Src/stm32l4xx_hal_rcc_ex.o
 .text.HAL_TIM_Base_Init
                0x08006750       0xae ./Drivers/STM32L4xx_HAL_Driver/Src/stm32l4xx_hal_tim.o
                0x08006750                HAL_TIM_Base_Init
 *fill*         0x080067fe        0x2 
 .text.HAL_TIM_Base_Start
                0x08006800       0xd0 ./Drivers/STM32L4xx_HAL_Driver/Src/stm32l4xx_hal_tim.o
                0x08006800                HAL_TIM_Base_Start
 .text.HAL_TIM_PWM_Init
                0x080068d0       0xae ./Drivers/STM32L4xx_HAL_Driver/Src/stm32l4xx_hal_tim.o
                0x080068d0                HAL_TIM_PWM_Init
 .text.HAL_TIM_PWM_MspInit
                0x0800697e       0x14 ./Drivers/STM32L4xx_HAL_Driver/Src/stm32l4xx_hal_tim.o
                0x0800697e                HAL_TIM_PWM_MspInit
 *fill*         0x08006992        0x2 
 .text.HAL_TIM_PWM_ConfigChannel
                0x08006994      0x228 ./Drivers/STM32L4xx_HAL_Driver/Src/stm32l4xx_hal_tim.o
                0x08006994                HAL_TIM_PWM_ConfigChannel
 .text.HAL_TIM_ConfigClockSource
                0x08006bbc      0x192 ./Drivers/STM32L4xx_HAL_Driver/Src/stm32l4xx_hal_tim.o
                0x08006bbc                HAL_TIM_ConfigClockSource
 *fill*         0x08006d4e        0x2 
 .text.TIM_Base_SetConfig
                0x08006d50      0x14c ./Drivers/STM32L4xx_HAL_Driver/Src/stm32l4xx_hal_tim.o
                0x08006d50                TIM_Base_SetConfig
 .text.TIM_OC1_SetConfig
                0x08006e9c      0x120 ./Drivers/STM32L4xx_HAL_Driver/Src/stm32l4xx_hal_tim.o
 .text.TIM_OC2_SetConfig
                0x08006fbc      0x114 ./Drivers/STM32L4xx_HAL_Driver/Src/stm32l4xx_hal_tim.o
                0x08006fbc                TIM_OC2_SetConfig
 .text.TIM_OC3_SetConfig
                0x080070d0      0x110 ./Drivers/STM32L4xx_HAL_Driver/Src/stm32l4xx_hal_tim.o
 .text.TIM_OC4_SetConfig
                0x080071e0       0xd4 ./Drivers/STM32L4xx_HAL_Driver/Src/stm32l4xx_hal_tim.o
 .text.TIM_OC5_SetConfig
                0x080072b4       0xc8 ./Drivers/STM32L4xx_HAL_Driver/Src/stm32l4xx_hal_tim.o
 .text.TIM_OC6_SetConfig
                0x0800737c       0xcc ./Drivers/STM32L4xx_HAL_Driver/Src/stm32l4xx_hal_tim.o
 .text.TIM_TI1_ConfigInputStage
                0x08007448       0x5e ./Drivers/STM32L4xx_HAL_Driver/Src/stm32l4xx_hal_tim.o
 .text.TIM_TI2_ConfigInputStage
                0x080074a6       0x60 ./Drivers/STM32L4xx_HAL_Driver/Src/stm32l4xx_hal_tim.o
 .text.TIM_ITRx_SetConfig
                0x08007506       0x36 ./Drivers/STM32L4xx_HAL_Driver/Src/stm32l4xx_hal_tim.o
 .text.TIM_ETR_SetConfig
                0x0800753c       0x40 ./Drivers/STM32L4xx_HAL_Driver/Src/stm32l4xx_hal_tim.o
                0x0800753c                TIM_ETR_SetConfig
 .text.HAL_TIMEx_MasterConfigSynchronization
                0x0800757c      0x110 ./Drivers/STM32L4xx_HAL_Driver/Src/stm32l4xx_hal_tim_ex.o
                0x0800757c                HAL_TIMEx_MasterConfigSynchronization
 .text.HAL_UART_Init
                0x0800768c       0x9c ./Drivers/STM32L4xx_HAL_Driver/Src/stm32l4xx_hal_uart.o
                0x0800768c                HAL_UART_Init
 .text.UART_SetConfig
                0x08007728      0x570 ./Drivers/STM32L4xx_HAL_Driver/Src/stm32l4xx_hal_uart.o
                0x08007728                UART_SetConfig
 .text.UART_AdvFeatureConfig
                0x08007c98      0x144 ./Drivers/STM32L4xx_HAL_Driver/Src/stm32l4xx_hal_uart.o
                0x08007c98                UART_AdvFeatureConfig
 .text.UART_CheckIdleState
                0x08007ddc      0x150 ./Drivers/STM32L4xx_HAL_Driver/Src/stm32l4xx_hal_uart.o
                0x08007ddc                UART_CheckIdleState
 .text.UART_WaitOnFlagUntilTimeout
                0x08007f2c       0xda ./Drivers/STM32L4xx_HAL_Driver/Src/stm32l4xx_hal_uart.o
                0x08007f2c                UART_WaitOnFlagUntilTimeout
 .text.UART_EndRxTransfer
                0x08008006       0xc8 ./Drivers/STM32L4xx_HAL_Driver/Src/stm32l4xx_hal_uart.o
 .text.memset   0x080080ce       0x10 C:/ST/STM32CubeIDE_1.15.1/STM32CubeIDE/plugins/com.st.stm32cube.ide.mcu.externaltools.gnu-tools-for-stm32.12.3.rel1.win32_1.0.100.202403111256/tools/bin/../lib/gcc/arm-none-eabi/12.3.1/../../../../arm-none-eabi/lib/thumb/v7e-m+fp/hard\libc_nano.a(libc_a-memset.o)
                0x080080ce                memset
 *fill*         0x080080de        0x2 
 .text.__libc_init_array
                0x080080e0       0x48 C:/ST/STM32CubeIDE_1.15.1/STM32CubeIDE/plugins/com.st.stm32cube.ide.mcu.externaltools.gnu-tools-for-stm32.12.3.rel1.win32_1.0.100.202403111256/tools/bin/../lib/gcc/arm-none-eabi/12.3.1/../../../../arm-none-eabi/lib/thumb/v7e-m+fp/hard\libc_nano.a(libc_a-init.o)
                0x080080e0                __libc_init_array
 .text.memcpy   0x08008128       0x1c C:/ST/STM32CubeIDE_1.15.1/STM32CubeIDE/plugins/com.st.stm32cube.ide.mcu.externaltools.gnu-tools-for-stm32.12.3.rel1.win32_1.0.100.202403111256/tools/bin/../lib/gcc/arm-none-eabi/12.3.1/../../../../arm-none-eabi/lib/thumb/v7e-m+fp/hard\libc_nano.a(libc_a-memcpy-stub.o)
                0x08008128                memcpy
 *fill*         0x08008144        0x4 
 .text.cos      0x08008148       0xa8 C:/ST/STM32CubeIDE_1.15.1/STM32CubeIDE/plugins/com.st.stm32cube.ide.mcu.externaltools.gnu-tools-for-stm32.12.3.rel1.win32_1.0.100.202403111256/tools/bin/../lib/gcc/arm-none-eabi/12.3.1/../../../../arm-none-eabi/lib/thumb/v7e-m+fp/hard\libm.a(libm_a-s_cos.o)
                0x08008148                cos
 .text.sin      0x080081f0       0xa8 C:/ST/STM32CubeIDE_1.15.1/STM32CubeIDE/plugins/com.st.stm32cube.ide.mcu.externaltools.gnu-tools-for-stm32.12.3.rel1.win32_1.0.100.202403111256/tools/bin/../lib/gcc/arm-none-eabi/12.3.1/../../../../arm-none-eabi/lib/thumb/v7e-m+fp/hard\libm.a(libm_a-s_sin.o)
                0x080081f0                sin
 .text.__kernel_cos
                0x08008298      0x18c C:/ST/STM32CubeIDE_1.15.1/STM32CubeIDE/plugins/com.st.stm32cube.ide.mcu.externaltools.gnu-tools-for-stm32.12.3.rel1.win32_1.0.100.202403111256/tools/bin/../lib/gcc/arm-none-eabi/12.3.1/../../../../arm-none-eabi/lib/thumb/v7e-m+fp/hard\libm.a(libm_a-k_cos.o)
                0x08008298                __kernel_cos
 *fill*         0x08008424        0x4 
 .text.__kernel_sin
                0x08008428      0x174 C:/ST/STM32CubeIDE_1.15.1/STM32CubeIDE/plugins/com.st.stm32cube.ide.mcu.externaltools.gnu-tools-for-stm32.12.3.rel1.win32_1.0.100.202403111256/tools/bin/../lib/gcc/arm-none-eabi/12.3.1/../../../../arm-none-eabi/lib/thumb/v7e-m+fp/hard\libm.a(libm_a-k_sin.o)
                0x08008428                __kernel_sin
 *fill*         0x0800859c        0x4 
 .text.__ieee754_rem_pio2
                0x080085a0      0x3f8 C:/ST/STM32CubeIDE_1.15.1/STM32CubeIDE/plugins/com.st.stm32cube.ide.mcu.externaltools.gnu-tools-for-stm32.12.3.rel1.win32_1.0.100.202403111256/tools/bin/../lib/gcc/arm-none-eabi/12.3.1/../../../../arm-none-eabi/lib/thumb/v7e-m+fp/hard\libm.a(libm_a-e_rem_pio2.o)
                0x080085a0                __ieee754_rem_pio2
 .text.fabs     0x08008998       0x10 C:/ST/STM32CubeIDE_1.15.1/STM32CubeIDE/plugins/com.st.stm32cube.ide.mcu.externaltools.gnu-tools-for-stm32.12.3.rel1.win32_1.0.100.202403111256/tools/bin/../lib/gcc/arm-none-eabi/12.3.1/../../../../arm-none-eabi/lib/thumb/v7e-m+fp/hard\libm.a(libm_a-s_fabs.o)
                0x08008998                fabs
 .text.__kernel_rem_pio2
                0x080089a8      0x6b0 C:/ST/STM32CubeIDE_1.15.1/STM32CubeIDE/plugins/com.st.stm32cube.ide.mcu.externaltools.gnu-tools-for-stm32.12.3.rel1.win32_1.0.100.202403111256/tools/bin/../lib/gcc/arm-none-eabi/12.3.1/../../../../arm-none-eabi/lib/thumb/v7e-m+fp/hard\libm.a(libm_a-k_rem_pio2.o)
                0x080089a8                __kernel_rem_pio2
 .text.scalbn   0x08009058       0xfc C:/ST/STM32CubeIDE_1.15.1/STM32CubeIDE/plugins/com.st.stm32cube.ide.mcu.externaltools.gnu-tools-for-stm32.12.3.rel1.win32_1.0.100.202403111256/tools/bin/../lib/gcc/arm-none-eabi/12.3.1/../../../../arm-none-eabi/lib/thumb/v7e-m+fp/hard\libm.a(libm_a-s_scalbn.o)
                0x08009058                scalbn
 *fill*         0x08009154        0x4 
 .text.floor    0x08009158       0xf8 C:/ST/STM32CubeIDE_1.15.1/STM32CubeIDE/plugins/com.st.stm32cube.ide.mcu.externaltools.gnu-tools-for-stm32.12.3.rel1.win32_1.0.100.202403111256/tools/bin/../lib/gcc/arm-none-eabi/12.3.1/../../../../arm-none-eabi/lib/thumb/v7e-m+fp/hard\libm.a(libm_a-s_floor.o)
                0x08009158                floor
 *(.glue_7)
 .glue_7        0x08009250        0x0 linker stubs
 *(.glue_7t)
 .glue_7t       0x08009250        0x0 linker stubs
 *(.eh_frame)
 .eh_frame      0x08009250        0x0 C:/ST/STM32CubeIDE_1.15.1/STM32CubeIDE/plugins/com.st.stm32cube.ide.mcu.externaltools.gnu-tools-for-stm32.12.3.rel1.win32_1.0.100.202403111256/tools/bin/../lib/gcc/arm-none-eabi/12.3.1/thumb/v7e-m+fp/hard/crtbegin.o
 *(.init)
 .init          0x08009250        0x4 C:/ST/STM32CubeIDE_1.15.1/STM32CubeIDE/plugins/com.st.stm32cube.ide.mcu.externaltools.gnu-tools-for-stm32.12.3.rel1.win32_1.0.100.202403111256/tools/bin/../lib/gcc/arm-none-eabi/12.3.1/thumb/v7e-m+fp/hard/crti.o
                0x08009250                _init
 .init          0x08009254        0x8 C:/ST/STM32CubeIDE_1.15.1/STM32CubeIDE/plugins/com.st.stm32cube.ide.mcu.externaltools.gnu-tools-for-stm32.12.3.rel1.win32_1.0.100.202403111256/tools/bin/../lib/gcc/arm-none-eabi/12.3.1/thumb/v7e-m+fp/hard/crtn.o
 *(.fini)
 .fini          0x0800925c        0x4 C:/ST/STM32CubeIDE_1.15.1/STM32CubeIDE/plugins/com.st.stm32cube.ide.mcu.externaltools.gnu-tools-for-stm32.12.3.rel1.win32_1.0.100.202403111256/tools/bin/../lib/gcc/arm-none-eabi/12.3.1/thumb/v7e-m+fp/hard/crti.o
                0x0800925c                _fini
 .fini          0x08009260        0x8 C:/ST/STM32CubeIDE_1.15.1/STM32CubeIDE/plugins/com.st.stm32cube.ide.mcu.externaltools.gnu-tools-for-stm32.12.3.rel1.win32_1.0.100.202403111256/tools/bin/../lib/gcc/arm-none-eabi/12.3.1/thumb/v7e-m+fp/hard/crtn.o
                0x08009268                        . = ALIGN (0x4)
                0x08009268                        _etext = .

.vfp11_veneer   0x08009268        0x0
 .vfp11_veneer  0x08009268        0x0 linker stubs

.v4_bx          0x08009268        0x0
 .v4_bx         0x08009268        0x0 linker stubs

.iplt           0x08009268        0x0
 .iplt          0x08009268        0x0 C:/ST/STM32CubeIDE_1.15.1/STM32CubeIDE/plugins/com.st.stm32cube.ide.mcu.externaltools.gnu-tools-for-stm32.12.3.rel1.win32_1.0.100.202403111256/tools/bin/../lib/gcc/arm-none-eabi/12.3.1/thumb/v7e-m+fp/hard/crtbegin.o

.rodata         0x08009268     0x5220
                0x08009268                        . = ALIGN (0x4)
 *(.rodata)
 *(.rodata*)
 .rodata.basic  0x08009268     0x2000 ./Core/Src/c64/basic.o
                0x08009268                basic
 .rodata.characters
                0x0800b268     0x1000 ./Core/Src/c64/characters.o
                0x0800b268                characters
 .rodata.kernal
                0x0800c268     0x2000 ./Core/Src/c64/kernal.o
                0x0800c268                kernal
 .rodata.AHBPrescTable
                0x0800e268       0x10 ./Core/Src/system_stm32l4xx.o
                0x0800e268                AHBPrescTable
 .rodata.APBPrescTable
                0x0800e278        0x8 ./Core/Src/system_stm32l4xx.o
                0x0800e278                APBPrescTable
 .rodata.MSIRangeTable
                0x0800e280       0x30 ./Core/Src/system_stm32l4xx.o
                0x0800e280                MSIRangeTable
 .rodata.npio2_hw
                0x0800e2b0       0x80 C:/ST/STM32CubeIDE_1.15.1/STM32CubeIDE/plugins/com.st.stm32cube.ide.mcu.externaltools.gnu-tools-for-stm32.12.3.rel1.win32_1.0.100.202403111256/tools/bin/../lib/gcc/arm-none-eabi/12.3.1/../../../../arm-none-eabi/lib/thumb/v7e-m+fp/hard\libm.a(libm_a-e_rem_pio2.o)
 .rodata.two_over_pi
                0x0800e330      0x108 C:/ST/STM32CubeIDE_1.15.1/STM32CubeIDE/plugins/com.st.stm32cube.ide.mcu.externaltools.gnu-tools-for-stm32.12.3.rel1.win32_1.0.100.202403111256/tools/bin/../lib/gcc/arm-none-eabi/12.3.1/../../../../arm-none-eabi/lib/thumb/v7e-m+fp/hard\libm.a(libm_a-e_rem_pio2.o)
 .rodata.PIo2   0x0800e438       0x40 C:/ST/STM32CubeIDE_1.15.1/STM32CubeIDE/plugins/com.st.stm32cube.ide.mcu.externaltools.gnu-tools-for-stm32.12.3.rel1.win32_1.0.100.202403111256/tools/bin/../lib/gcc/arm-none-eabi/12.3.1/../../../../arm-none-eabi/lib/thumb/v7e-m+fp/hard\libm.a(libm_a-k_rem_pio2.o)
 .rodata.init_jk
                0x0800e478       0x10 C:/ST/STM32CubeIDE_1.15.1/STM32CubeIDE/plugins/com.st.stm32cube.ide.mcu.externaltools.gnu-tools-for-stm32.12.3.rel1.win32_1.0.100.202403111256/tools/bin/../lib/gcc/arm-none-eabi/12.3.1/../../../../arm-none-eabi/lib/thumb/v7e-m+fp/hard\libm.a(libm_a-k_rem_pio2.o)
                0x0800e488                        . = ALIGN (0x4)

.ARM.extab      0x0800e488        0x0
                0x0800e488                        . = ALIGN (0x4)
 *(.ARM.extab* .gnu.linkonce.armextab.*)
                0x0800e488                        . = ALIGN (0x4)

.ARM            0x0800e488        0x8
                0x0800e488                        . = ALIGN (0x4)
                0x0800e488                        __exidx_start = .
 *(.ARM.exidx*)
 .ARM.exidx     0x0800e488        0x8 C:/ST/STM32CubeIDE_1.15.1/STM32CubeIDE/plugins/com.st.stm32cube.ide.mcu.externaltools.gnu-tools-for-stm32.12.3.rel1.win32_1.0.100.202403111256/tools/bin/../lib/gcc/arm-none-eabi/12.3.1/thumb/v7e-m+fp/hard\libgcc.a(_udivmoddi4.o)
                0x0800e490                        __exidx_end = .
                0x0800e490                        . = ALIGN (0x4)

.preinit_array  0x0800e490        0x0
                0x0800e490                        . = ALIGN (0x4)
                0x0800e490                        PROVIDE (__preinit_array_start = .)
 *(.preinit_array*)
                0x0800e490                        PROVIDE (__preinit_array_end = .)
                0x0800e490                        . = ALIGN (0x4)

.init_array     0x0800e490        0x4
                0x0800e490                        . = ALIGN (0x4)
                0x0800e490                        PROVIDE (__init_array_start = .)
 *(SORT_BY_NAME(.init_array.*))
 *(.init_array*)
 .init_array    0x0800e490        0x4 C:/ST/STM32CubeIDE_1.15.1/STM32CubeIDE/plugins/com.st.stm32cube.ide.mcu.externaltools.gnu-tools-for-stm32.12.3.rel1.win32_1.0.100.202403111256/tools/bin/../lib/gcc/arm-none-eabi/12.3.1/thumb/v7e-m+fp/hard/crtbegin.o
                0x0800e494                        PROVIDE (__init_array_end = .)
                0x0800e494                        . = ALIGN (0x4)

.fini_array     0x0800e494        0x4
                0x0800e494                        . = ALIGN (0x4)
                [!provide]                        PROVIDE (__fini_array_start = .)
 *(SORT_BY_NAME(.fini_array.*))
 *(.fini_array*)
 .fini_array    0x0800e494        0x4 C:/ST/STM32CubeIDE_1.15.1/STM32CubeIDE/plugins/com.st.stm32cube.ide.mcu.externaltools.gnu-tools-for-stm32.12.3.rel1.win32_1.0.100.202403111256/tools/bin/../lib/gcc/arm-none-eabi/12.3.1/thumb/v7e-m+fp/hard/crtbegin.o
                [!provide]                        PROVIDE (__fini_array_end = .)
                0x0800e498                        . = ALIGN (0x4)
                0x0800e498                        _sidata = LOADADDR (.data)

.rel.dyn        0x0800e498        0x0
 .rel.iplt      0x0800e498        0x0 C:/ST/STM32CubeIDE_1.15.1/STM32CubeIDE/plugins/com.st.stm32cube.ide.mcu.externaltools.gnu-tools-for-stm32.12.3.rel1.win32_1.0.100.202403111256/tools/bin/../lib/gcc/arm-none-eabi/12.3.1/thumb/v7e-m+fp/hard/crtbegin.o

.data           0x20000000     0x1100 load address 0x0800e498
                0x20000000                        . = ALIGN (0x4)
                0x20000000                        _sdata = .
 *(.data)
 *(.data*)
 .data.v_ora    0x20000000        0xb ./Core/Src/c64/cpu.o
                0x20000000                v_ora
 *fill*         0x2000000b        0x1 
 .data.v_and    0x2000000c        0xb ./Core/Src/c64/cpu.o
                0x2000000c                v_and
 *fill*         0x20000017        0x1 
 .data.v_eor    0x20000018        0xb ./Core/Src/c64/cpu.o
                0x20000018                v_eor
 *fill*         0x20000023        0x1 
 .data.v_adc    0x20000024        0xb ./Core/Src/c64/cpu.o
                0x20000024                v_adc
 *fill*         0x2000002f        0x1 
 .data.v_sbc    0x20000030        0xb ./Core/Src/c64/cpu.o
                0x20000030                v_sbc
 *fill*         0x2000003b        0x1 
 .data.v_cmp    0x2000003c        0xb ./Core/Src/c64/cpu.o
                0x2000003c                v_cmp
 *fill*         0x20000047        0x1 
 .data.v_cpx    0x20000048        0xb ./Core/Src/c64/cpu.o
                0x20000048                v_cpx
 *fill*         0x20000053        0x1 
 .data.v_cpy    0x20000054        0xb ./Core/Src/c64/cpu.o
                0x20000054                v_cpy
 *fill*         0x2000005f        0x1 
 .data.v_dec    0x20000060        0xb ./Core/Src/c64/cpu.o
                0x20000060                v_dec
 *fill*         0x2000006b        0x1 
 .data.v_inc    0x2000006c        0xb ./Core/Src/c64/cpu.o
                0x2000006c                v_inc
 *fill*         0x20000077        0x1 
 .data.v_asl    0x20000078        0xb ./Core/Src/c64/cpu.o
                0x20000078                v_asl
 *fill*         0x20000083        0x1 
 .data.v_rol    0x20000084        0xb ./Core/Src/c64/cpu.o
                0x20000084                v_rol
 *fill*         0x2000008f        0x1 
 .data.v_lsr    0x20000090        0xb ./Core/Src/c64/cpu.o
                0x20000090                v_lsr
 *fill*         0x2000009b        0x1 
 .data.v_ror    0x2000009c        0xb ./Core/Src/c64/cpu.o
                0x2000009c                v_ror
 *fill*         0x200000a7        0x1 
 .data.v_lda    0x200000a8        0xb ./Core/Src/c64/cpu.o
                0x200000a8                v_lda
 *fill*         0x200000b3        0x1 
 .data.v_sta    0x200000b4        0xb ./Core/Src/c64/cpu.o
                0x200000b4                v_sta
 *fill*         0x200000bf        0x1 
 .data.v_ldx    0x200000c0        0xb ./Core/Src/c64/cpu.o
                0x200000c0                v_ldx
 *fill*         0x200000cb        0x1 
 .data.v_stx    0x200000cc        0xb ./Core/Src/c64/cpu.o
                0x200000cc                v_stx
 *fill*         0x200000d7        0x1 
 .data.v_ldy    0x200000d8        0xb ./Core/Src/c64/cpu.o
                0x200000d8                v_ldy
 *fill*         0x200000e3        0x1 
 .data.v_sty    0x200000e4        0xb ./Core/Src/c64/cpu.o
                0x200000e4                v_sty
 *fill*         0x200000ef        0x1 
 .data.color_bright
                0x200000f0        0x2 ./Core/Src/c64/display.o
                0x200000f0                color_bright
 .data.color_dark
                0x200000f2        0x2 ./Core/Src/c64/display.o
                0x200000f2                color_dark
 .data.ram      0x200000f4     0x1000 ./Core/Src/c64/memory.o
                0x200000f4                ram
 .data.SystemCoreClock
                0x200010f4        0x4 ./Core/Src/system_stm32l4xx.o
                0x200010f4                SystemCoreClock
 .data.uwTickPrio
                0x200010f8        0x4 ./Drivers/STM32L4xx_HAL_Driver/Src/stm32l4xx_hal.o
                0x200010f8                uwTickPrio
 .data.uwTickFreq
                0x200010fc        0x1 ./Drivers/STM32L4xx_HAL_Driver/Src/stm32l4xx_hal.o
                0x200010fc                uwTickFreq
 *(.RamFunc)
 *(.RamFunc*)
                0x20001100                        . = ALIGN (0x4)
 *fill*         0x200010fd        0x3 
                0x20001100                        _edata = .

.igot.plt       0x20001100        0x0 load address 0x0800f598
 .igot.plt      0x20001100        0x0 C:/ST/STM32CubeIDE_1.15.1/STM32CubeIDE/plugins/com.st.stm32cube.ide.mcu.externaltools.gnu-tools-for-stm32.12.3.rel1.win32_1.0.100.202403111256/tools/bin/../lib/gcc/arm-none-eabi/12.3.1/thumb/v7e-m+fp/hard/crtbegin.o
                0x20001100                        . = ALIGN (0x4)

.bss            0x20001100     0xd200 load address 0x0800f598
                0x20001100                        _sbss = .
                0x20001100                        __bss_start__ = _sbss
 *(.bss)
 .bss           0x20001100       0x1c C:/ST/STM32CubeIDE_1.15.1/STM32CubeIDE/plugins/com.st.stm32cube.ide.mcu.externaltools.gnu-tools-for-stm32.12.3.rel1.win32_1.0.100.202403111256/tools/bin/../lib/gcc/arm-none-eabi/12.3.1/thumb/v7e-m+fp/hard/crtbegin.o
 *(.bss*)
 .bss.port_a    0x2000111c        0x1 ./Core/Src/c64/cia.o
                0x2000111c                port_a
 *fill*         0x2000111d        0x1 
 .bss.pc        0x2000111e        0x2 ./Core/Src/c64/cpu.o
                0x2000111e                pc
 .bss.a         0x20001120        0x1 ./Core/Src/c64/cpu.o
                0x20001120                a
 .bss.x         0x20001121        0x1 ./Core/Src/c64/cpu.o
                0x20001121                x
 .bss.y         0x20001122        0x1 ./Core/Src/c64/cpu.o
                0x20001122                y
 .bss.fN        0x20001123        0x1 ./Core/Src/c64/cpu.o
                0x20001123                fN
 .bss.fV        0x20001124        0x1 ./Core/Src/c64/cpu.o
                0x20001124                fV
 .bss.fB        0x20001125        0x1 ./Core/Src/c64/cpu.o
                0x20001125                fB
 .bss.fD        0x20001126        0x1 ./Core/Src/c64/cpu.o
                0x20001126                fD
 .bss.fI        0x20001127        0x1 ./Core/Src/c64/cpu.o
                0x20001127                fI
 .bss.fZ        0x20001128        0x1 ./Core/Src/c64/cpu.o
                0x20001128                fZ
 .bss.fC        0x20001129        0x1 ./Core/Src/c64/cpu.o
                0x20001129                fC
 .bss.stack_pointer
                0x2000112a        0x1 ./Core/Src/c64/cpu.o
                0x2000112a                stack_pointer
 *fill*         0x2000112b        0x1 
 .bss.ins_buf   0x2000112c        0x3 ./Core/Src/c64/cpu.o
                0x2000112c                ins_buf
 *fill*         0x2000112f        0x1 
 .bss.useless_addr
                0x20001130        0x2 ./Core/Src/c64/cpu.o
                0x20001130                useless_addr
 .bss.display_zoom
                0x20001132        0x1 ./Core/Src/c64/display.o
                0x20001132                display_zoom
 *fill*         0x20001133        0x1 
 .bss.zeropage  0x20001134      0x100 ./Core/Src/c64/memory.o
                0x20001134                zeropage
 .bss.stack     0x20001234      0x100 ./Core/Src/c64/memory.o
                0x20001234                stack
 .bss.sysvar    0x20001334      0x200 ./Core/Src/c64/memory.o
                0x20001334                sysvar
 .bss.screen    0x20001534      0x400 ./Core/Src/c64/memory.o
                0x20001534                screen
 .bss.cia2_reg  0x20001934       0x10 ./Core/Src/c64/memory.o
                0x20001934                cia2_reg
 .bss.basicram  0x20001944     0x9800 ./Core/Src/c64/memory.o
                0x20001944                basicram
 .bss.vic_reg   0x2000b144       0x30 ./Core/Src/c64/vic.o
                0x2000b144                vic_reg
 .bss.vic_line  0x2000b174        0x1 ./Core/Src/c64/vic.o
                0x2000b174                vic_line
 *fill*         0x2000b175        0x3 
 .bss.hdac1     0x2000b178       0x14 ./Core/Src/main.o
                0x2000b178                hdac1
 .bss.hdma_dac_ch1
                0x2000b18c       0x48 ./Core/Src/main.o
                0x2000b18c                hdma_dac_ch1
 .bss.htim2     0x2000b1d4       0x4c ./Core/Src/main.o
                0x2000b1d4                htim2
 .bss.htim4     0x2000b220       0x4c ./Core/Src/main.o
                0x2000b220                htim4
 .bss.huart2    0x2000b26c       0x88 ./Core/Src/main.o
                0x2000b26c                huart2
 .bss.pal_line_len
                0x2000b2f4        0x4 ./Core/Src/main.o
                0x2000b2f4                pal_line_len
 .bss.pal_state
                0x2000b2f8        0x1 ./Core/Src/main.o
                0x2000b2f8                pal_state
 .bss.pal_offset
                0x2000b2f9        0x1 ./Core/Src/main.o
                0x2000b2f9                pal_offset
 .bss.pal_line_counter
                0x2000b2fa        0x2 ./Core/Src/main.o
                0x2000b2fa                pal_line_counter
 .bss.pal_buffer
                0x2000b2fc     0x2800 ./Core/Src/main.o
                0x2000b2fc                pal_buffer
 .bss.pal_dma   0x2000dafc      0x800 ./Core/Src/main.o
                0x2000dafc                pal_dma
 .bss.uwTick    0x2000e2fc        0x4 ./Drivers/STM32L4xx_HAL_Driver/Src/stm32l4xx_hal.o
                0x2000e2fc                uwTick
 *(COMMON)
                0x2000e300                        . = ALIGN (0x4)
                0x2000e300                        _ebss = .
                0x2000e300                        __bss_end__ = _ebss

._user_heap_stack
                0x2000e300      0x600 load address 0x0800f598
                0x2000e300                        . = ALIGN (0x8)
                [!provide]                        PROVIDE (end = .)
                0x2000e300                        PROVIDE (_end = .)
                0x2000e500                        . = (. + _Min_Heap_Size)
 *fill*         0x2000e300      0x200 
                0x2000e900                        . = (. + _Min_Stack_Size)
 *fill*         0x2000e500      0x400 
                0x2000e900                        . = ALIGN (0x8)

/DISCARD/
 libc.a(*)
 libm.a(*)
 libgcc.a(*)

.ARM.attributes
                0x00000000       0x30
 *(.ARM.attributes)
 .ARM.attributes
                0x00000000       0x22 C:/ST/STM32CubeIDE_1.15.1/STM32CubeIDE/plugins/com.st.stm32cube.ide.mcu.externaltools.gnu-tools-for-stm32.12.3.rel1.win32_1.0.100.202403111256/tools/bin/../lib/gcc/arm-none-eabi/12.3.1/thumb/v7e-m+fp/hard/crti.o
 .ARM.attributes
                0x00000022       0x34 C:/ST/STM32CubeIDE_1.15.1/STM32CubeIDE/plugins/com.st.stm32cube.ide.mcu.externaltools.gnu-tools-for-stm32.12.3.rel1.win32_1.0.100.202403111256/tools/bin/../lib/gcc/arm-none-eabi/12.3.1/thumb/v7e-m+fp/hard/crtbegin.o
 .ARM.attributes
                0x00000056       0x34 ./Core/Src/c64/basic.o
 .ARM.attributes
                0x0000008a       0x34 ./Core/Src/c64/characters.o
 .ARM.attributes
                0x000000be       0x34 ./Core/Src/c64/cia.o
 .ARM.attributes
                0x000000f2       0x34 ./Core/Src/c64/cpu.o
 .ARM.attributes
                0x00000126       0x34 ./Core/Src/c64/display.o
 .ARM.attributes
                0x0000015a       0x34 ./Core/Src/c64/kernal.o
 .ARM.attributes
                0x0000018e       0x34 ./Core/Src/c64/memory.o
 .ARM.attributes
                0x000001c2       0x34 ./Core/Src/c64/vic.o
 .ARM.attributes
                0x000001f6       0x34 ./Core/Src/main.o
 .ARM.attributes
                0x0000022a       0x34 ./Core/Src/stm32l4xx_hal_msp.o
 .ARM.attributes
                0x0000025e       0x34 ./Core/Src/stm32l4xx_it.o
 .ARM.attributes
                0x00000292       0x34 ./Core/Src/system_stm32l4xx.o
 .ARM.attributes
                0x000002c6       0x21 ./Core/Startup/startup_stm32l476rgtx.o
 .ARM.attributes
                0x000002e7       0x34 ./Drivers/STM32L4xx_HAL_Driver/Src/stm32l4xx_hal.o
 .ARM.attributes
                0x0000031b       0x34 ./Drivers/STM32L4xx_HAL_Driver/Src/stm32l4xx_hal_cortex.o
 .ARM.attributes
                0x0000034f       0x34 ./Drivers/STM32L4xx_HAL_Driver/Src/stm32l4xx_hal_dac.o
 .ARM.attributes
                0x00000383       0x34 ./Drivers/STM32L4xx_HAL_Driver/Src/stm32l4xx_hal_dac_ex.o
 .ARM.attributes
                0x000003b7       0x34 ./Drivers/STM32L4xx_HAL_Driver/Src/stm32l4xx_hal_dma.o
 .ARM.attributes
                0x000003eb       0x34 ./Drivers/STM32L4xx_HAL_Driver/Src/stm32l4xx_hal_gpio.o
 .ARM.attributes
                0x0000041f       0x34 ./Drivers/STM32L4xx_HAL_Driver/Src/stm32l4xx_hal_pwr_ex.o
 .ARM.attributes
                0x00000453       0x34 ./Drivers/STM32L4xx_HAL_Driver/Src/stm32l4xx_hal_rcc.o
 .ARM.attributes
                0x00000487       0x34 ./Drivers/STM32L4xx_HAL_Driver/Src/stm32l4xx_hal_rcc_ex.o
 .ARM.attributes
                0x000004bb       0x34 ./Drivers/STM32L4xx_HAL_Driver/Src/stm32l4xx_hal_tim.o
 .ARM.attributes
                0x000004ef       0x34 ./Drivers/STM32L4xx_HAL_Driver/Src/stm32l4xx_hal_tim_ex.o
 .ARM.attributes
                0x00000523       0x34 ./Drivers/STM32L4xx_HAL_Driver/Src/stm32l4xx_hal_uart.o
 .ARM.attributes
                0x00000557       0x34 C:/ST/STM32CubeIDE_1.15.1/STM32CubeIDE/plugins/com.st.stm32cube.ide.mcu.externaltools.gnu-tools-for-stm32.12.3.rel1.win32_1.0.100.202403111256/tools/bin/../lib/gcc/arm-none-eabi/12.3.1/../../../../arm-none-eabi/lib/thumb/v7e-m+fp/hard\libc_nano.a(libc_a-memset.o)
 .ARM.attributes
                0x0000058b       0x34 C:/ST/STM32CubeIDE_1.15.1/STM32CubeIDE/plugins/com.st.stm32cube.ide.mcu.externaltools.gnu-tools-for-stm32.12.3.rel1.win32_1.0.100.202403111256/tools/bin/../lib/gcc/arm-none-eabi/12.3.1/../../../../arm-none-eabi/lib/thumb/v7e-m+fp/hard\libc_nano.a(libc_a-init.o)
 .ARM.attributes
                0x000005bf       0x34 C:/ST/STM32CubeIDE_1.15.1/STM32CubeIDE/plugins/com.st.stm32cube.ide.mcu.externaltools.gnu-tools-for-stm32.12.3.rel1.win32_1.0.100.202403111256/tools/bin/../lib/gcc/arm-none-eabi/12.3.1/../../../../arm-none-eabi/lib/thumb/v7e-m+fp/hard\libc_nano.a(libc_a-memcpy-stub.o)
 .ARM.attributes
                0x000005f3       0x34 C:/ST/STM32CubeIDE_1.15.1/STM32CubeIDE/plugins/com.st.stm32cube.ide.mcu.externaltools.gnu-tools-for-stm32.12.3.rel1.win32_1.0.100.202403111256/tools/bin/../lib/gcc/arm-none-eabi/12.3.1/../../../../arm-none-eabi/lib/thumb/v7e-m+fp/hard\libm.a(libm_a-s_cos.o)
 .ARM.attributes
                0x00000627       0x34 C:/ST/STM32CubeIDE_1.15.1/STM32CubeIDE/plugins/com.st.stm32cube.ide.mcu.externaltools.gnu-tools-for-stm32.12.3.rel1.win32_1.0.100.202403111256/tools/bin/../lib/gcc/arm-none-eabi/12.3.1/../../../../arm-none-eabi/lib/thumb/v7e-m+fp/hard\libm.a(libm_a-s_sin.o)
 .ARM.attributes
                0x0000065b       0x34 C:/ST/STM32CubeIDE_1.15.1/STM32CubeIDE/plugins/com.st.stm32cube.ide.mcu.externaltools.gnu-tools-for-stm32.12.3.rel1.win32_1.0.100.202403111256/tools/bin/../lib/gcc/arm-none-eabi/12.3.1/../../../../arm-none-eabi/lib/thumb/v7e-m+fp/hard\libm.a(libm_a-k_cos.o)
 .ARM.attributes
                0x0000068f       0x34 C:/ST/STM32CubeIDE_1.15.1/STM32CubeIDE/plugins/com.st.stm32cube.ide.mcu.externaltools.gnu-tools-for-stm32.12.3.rel1.win32_1.0.100.202403111256/tools/bin/../lib/gcc/arm-none-eabi/12.3.1/../../../../arm-none-eabi/lib/thumb/v7e-m+fp/hard\libm.a(libm_a-k_sin.o)
 .ARM.attributes
                0x000006c3       0x34 C:/ST/STM32CubeIDE_1.15.1/STM32CubeIDE/plugins/com.st.stm32cube.ide.mcu.externaltools.gnu-tools-for-stm32.12.3.rel1.win32_1.0.100.202403111256/tools/bin/../lib/gcc/arm-none-eabi/12.3.1/../../../../arm-none-eabi/lib/thumb/v7e-m+fp/hard\libm.a(libm_a-e_rem_pio2.o)
 .ARM.attributes
                0x000006f7       0x34 C:/ST/STM32CubeIDE_1.15.1/STM32CubeIDE/plugins/com.st.stm32cube.ide.mcu.externaltools.gnu-tools-for-stm32.12.3.rel1.win32_1.0.100.202403111256/tools/bin/../lib/gcc/arm-none-eabi/12.3.1/../../../../arm-none-eabi/lib/thumb/v7e-m+fp/hard\libm.a(libm_a-s_fabs.o)
 .ARM.attributes
                0x0000072b       0x34 C:/ST/STM32CubeIDE_1.15.1/STM32CubeIDE/plugins/com.st.stm32cube.ide.mcu.externaltools.gnu-tools-for-stm32.12.3.rel1.win32_1.0.100.202403111256/tools/bin/../lib/gcc/arm-none-eabi/12.3.1/../../../../arm-none-eabi/lib/thumb/v7e-m+fp/hard\libm.a(libm_a-k_rem_pio2.o)
 .ARM.attributes
                0x0000075f       0x34 C:/ST/STM32CubeIDE_1.15.1/STM32CubeIDE/plugins/com.st.stm32cube.ide.mcu.externaltools.gnu-tools-for-stm32.12.3.rel1.win32_1.0.100.202403111256/tools/bin/../lib/gcc/arm-none-eabi/12.3.1/../../../../arm-none-eabi/lib/thumb/v7e-m+fp/hard\libm.a(libm_a-s_scalbn.o)
 .ARM.attributes
                0x00000793       0x34 C:/ST/STM32CubeIDE_1.15.1/STM32CubeIDE/plugins/com.st.stm32cube.ide.mcu.externaltools.gnu-tools-for-stm32.12.3.rel1.win32_1.0.100.202403111256/tools/bin/../lib/gcc/arm-none-eabi/12.3.1/../../../../arm-none-eabi/lib/thumb/v7e-m+fp/hard\libm.a(libm_a-s_floor.o)
 .ARM.attributes
                0x000007c7       0x22 C:/ST/STM32CubeIDE_1.15.1/STM32CubeIDE/plugins/com.st.stm32cube.ide.mcu.externaltools.gnu-tools-for-stm32.12.3.rel1.win32_1.0.100.202403111256/tools/bin/../lib/gcc/arm-none-eabi/12.3.1/thumb/v7e-m+fp/hard\libgcc.a(_arm_addsubdf3.o)
 .ARM.attributes
                0x000007e9       0x22 C:/ST/STM32CubeIDE_1.15.1/STM32CubeIDE/plugins/com.st.stm32cube.ide.mcu.externaltools.gnu-tools-for-stm32.12.3.rel1.win32_1.0.100.202403111256/tools/bin/../lib/gcc/arm-none-eabi/12.3.1/thumb/v7e-m+fp/hard\libgcc.a(_arm_muldivdf3.o)
 .ARM.attributes
                0x0000080b       0x22 C:/ST/STM32CubeIDE_1.15.1/STM32CubeIDE/plugins/com.st.stm32cube.ide.mcu.externaltools.gnu-tools-for-stm32.12.3.rel1.win32_1.0.100.202403111256/tools/bin/../lib/gcc/arm-none-eabi/12.3.1/thumb/v7e-m+fp/hard\libgcc.a(_arm_cmpdf2.o)
 .ARM.attributes
                0x0000082d       0x22 C:/ST/STM32CubeIDE_1.15.1/STM32CubeIDE/plugins/com.st.stm32cube.ide.mcu.externaltools.gnu-tools-for-stm32.12.3.rel1.win32_1.0.100.202403111256/tools/bin/../lib/gcc/arm-none-eabi/12.3.1/thumb/v7e-m+fp/hard\libgcc.a(_arm_fixdfsi.o)
 .ARM.attributes
                0x0000084f       0x22 C:/ST/STM32CubeIDE_1.15.1/STM32CubeIDE/plugins/com.st.stm32cube.ide.mcu.externaltools.gnu-tools-for-stm32.12.3.rel1.win32_1.0.100.202403111256/tools/bin/../lib/gcc/arm-none-eabi/12.3.1/thumb/v7e-m+fp/hard\libgcc.a(_arm_fixunsdfsi.o)
 .ARM.attributes
                0x00000871       0x22 C:/ST/STM32CubeIDE_1.15.1/STM32CubeIDE/plugins/com.st.stm32cube.ide.mcu.externaltools.gnu-tools-for-stm32.12.3.rel1.win32_1.0.100.202403111256/tools/bin/../lib/gcc/arm-none-eabi/12.3.1/thumb/v7e-m+fp/hard\libgcc.a(_aeabi_uldivmod.o)
 .ARM.attributes
                0x00000893       0x34 C:/ST/STM32CubeIDE_1.15.1/STM32CubeIDE/plugins/com.st.stm32cube.ide.mcu.externaltools.gnu-tools-for-stm32.12.3.rel1.win32_1.0.100.202403111256/tools/bin/../lib/gcc/arm-none-eabi/12.3.1/thumb/v7e-m+fp/hard\libgcc.a(_udivmoddi4.o)
 .ARM.attributes
                0x000008c7       0x22 C:/ST/STM32CubeIDE_1.15.1/STM32CubeIDE/plugins/com.st.stm32cube.ide.mcu.externaltools.gnu-tools-for-stm32.12.3.rel1.win32_1.0.100.202403111256/tools/bin/../lib/gcc/arm-none-eabi/12.3.1/thumb/v7e-m+fp/hard\libgcc.a(_dvmd_tls.o)
 .ARM.attributes
                0x000008e9       0x22 C:/ST/STM32CubeIDE_1.15.1/STM32CubeIDE/plugins/com.st.stm32cube.ide.mcu.externaltools.gnu-tools-for-stm32.12.3.rel1.win32_1.0.100.202403111256/tools/bin/../lib/gcc/arm-none-eabi/12.3.1/thumb/v7e-m+fp/hard/crtn.o
OUTPUT(esc_pwm_gen.elf elf32-littlearm)
LOAD linker stubs
LOAD C:/ST/STM32CubeIDE_1.15.1/STM32CubeIDE/plugins/com.st.stm32cube.ide.mcu.externaltools.gnu-tools-for-stm32.12.3.rel1.win32_1.0.100.202403111256/tools/bin/../lib/gcc/arm-none-eabi/12.3.1/../../../../arm-none-eabi/lib/thumb/v7e-m+fp/hard\libc.a
LOAD C:/ST/STM32CubeIDE_1.15.1/STM32CubeIDE/plugins/com.st.stm32cube.ide.mcu.externaltools.gnu-tools-for-stm32.12.3.rel1.win32_1.0.100.202403111256/tools/bin/../lib/gcc/arm-none-eabi/12.3.1/../../../../arm-none-eabi/lib/thumb/v7e-m+fp/hard\libm.a
LOAD C:/ST/STM32CubeIDE_1.15.1/STM32CubeIDE/plugins/com.st.stm32cube.ide.mcu.externaltools.gnu-tools-for-stm32.12.3.rel1.win32_1.0.100.202403111256/tools/bin/../lib/gcc/arm-none-eabi/12.3.1/thumb/v7e-m+fp/hard\libgcc.a

.debug_info     0x00000000    0x13287
 .debug_info    0x00000000       0xb6 ./Core/Src/c64/basic.o
 .debug_info    0x000000b6       0xb6 ./Core/Src/c64/characters.o
 .debug_info    0x0000016c      0x15d ./Core/Src/c64/cia.o
 .debug_info    0x000002c9      0xd03 ./Core/Src/c64/cpu.o
 .debug_info    0x00000fcc      0x354 ./Core/Src/c64/display.o
 .debug_info    0x00001320       0xb6 ./Core/Src/c64/kernal.o
 .debug_info    0x000013d6      0x337 ./Core/Src/c64/memory.o
 .debug_info    0x0000170d      0x271 ./Core/Src/c64/vic.o
 .debug_info    0x0000197e     0x1bc8 ./Core/Src/main.o
 .debug_info    0x00003546     0x1682 ./Core/Src/stm32l4xx_hal_msp.o
 .debug_info    0x00004bc8      0x552 ./Core/Src/stm32l4xx_it.o
 .debug_info    0x0000511a      0x5b1 ./Core/Src/system_stm32l4xx.o
 .debug_info    0x000056cb       0x30 ./Core/Startup/startup_stm32l476rgtx.o
 .debug_info    0x000056fb      0xc09 ./Drivers/STM32L4xx_HAL_Driver/Src/stm32l4xx_hal.o
 .debug_info    0x00006304      0xd81 ./Drivers/STM32L4xx_HAL_Driver/Src/stm32l4xx_hal_cortex.o
 .debug_info    0x00007085      0xa6f ./Drivers/STM32L4xx_HAL_Driver/Src/stm32l4xx_hal_dac.o
 .debug_info    0x00007af4      0x8e4 ./Drivers/STM32L4xx_HAL_Driver/Src/stm32l4xx_hal_dac_ex.o
 .debug_info    0x000083d8      0x6f4 ./Drivers/STM32L4xx_HAL_Driver/Src/stm32l4xx_hal_dma.o
 .debug_info    0x00008acc      0x757 ./Drivers/STM32L4xx_HAL_Driver/Src/stm32l4xx_hal_gpio.o
 .debug_info    0x00009223      0x99e ./Drivers/STM32L4xx_HAL_Driver/Src/stm32l4xx_hal_pwr_ex.o
 .debug_info    0x00009bc1      0xc14 ./Drivers/STM32L4xx_HAL_Driver/Src/stm32l4xx_hal_rcc.o
 .debug_info    0x0000a7d5      0xe11 ./Drivers/STM32L4xx_HAL_Driver/Src/stm32l4xx_hal_rcc_ex.o
 .debug_info    0x0000b5e6     0x2a9a ./Drivers/STM32L4xx_HAL_Driver/Src/stm32l4xx_hal_tim.o
 .debug_info    0x0000e080     0x169e ./Drivers/STM32L4xx_HAL_Driver/Src/stm32l4xx_hal_tim_ex.o
 .debug_info    0x0000f71e     0x3b69 ./Drivers/STM32L4xx_HAL_Driver/Src/stm32l4xx_hal_uart.o

.debug_abbrev   0x00000000     0x2d3f
 .debug_abbrev  0x00000000       0x72 ./Core/Src/c64/basic.o
 .debug_abbrev  0x00000072       0x72 ./Core/Src/c64/characters.o
 .debug_abbrev  0x000000e4       0xec ./Core/Src/c64/cia.o
 .debug_abbrev  0x000001d0      0x278 ./Core/Src/c64/cpu.o
 .debug_abbrev  0x00000448      0x135 ./Core/Src/c64/display.o
 .debug_abbrev  0x0000057d       0x72 ./Core/Src/c64/kernal.o
 .debug_abbrev  0x000005ef      0x151 ./Core/Src/c64/memory.o
 .debug_abbrev  0x00000740      0x144 ./Core/Src/c64/vic.o
 .debug_abbrev  0x00000884      0x30a ./Core/Src/main.o
 .debug_abbrev  0x00000b8e      0x260 ./Core/Src/stm32l4xx_hal_msp.o
 .debug_abbrev  0x00000dee      0x170 ./Core/Src/stm32l4xx_it.o
 .debug_abbrev  0x00000f5e      0x11a ./Core/Src/system_stm32l4xx.o
 .debug_abbrev  0x00001078       0x24 ./Core/Startup/startup_stm32l476rgtx.o
 .debug_abbrev  0x0000109c      0x243 ./Drivers/STM32L4xx_HAL_Driver/Src/stm32l4xx_hal.o
 .debug_abbrev  0x000012df      0x31c ./Drivers/STM32L4xx_HAL_Driver/Src/stm32l4xx_hal_cortex.o
 .debug_abbrev  0x000015fb      0x21b ./Drivers/STM32L4xx_HAL_Driver/Src/stm32l4xx_hal_dac.o
 .debug_abbrev  0x00001816      0x245 ./Drivers/STM32L4xx_HAL_Driver/Src/stm32l4xx_hal_dac_ex.o
 .debug_abbrev  0x00001a5b      0x1e4 ./Drivers/STM32L4xx_HAL_Driver/Src/stm32l4xx_hal_dma.o
 .debug_abbrev  0x00001c3f      0x1cb ./Drivers/STM32L4xx_HAL_Driver/Src/stm32l4xx_hal_gpio.o
 .debug_abbrev  0x00001e0a      0x1f9 ./Drivers/STM32L4xx_HAL_Driver/Src/stm32l4xx_hal_pwr_ex.o
 .debug_abbrev  0x00002003      0x2cb ./Drivers/STM32L4xx_HAL_Driver/Src/stm32l4xx_hal_rcc.o
 .debug_abbrev  0x000022ce      0x2a6 ./Drivers/STM32L4xx_HAL_Driver/Src/stm32l4xx_hal_rcc_ex.o
 .debug_abbrev  0x00002574      0x278 ./Drivers/STM32L4xx_HAL_Driver/Src/stm32l4xx_hal_tim.o
 .debug_abbrev  0x000027ec      0x283 ./Drivers/STM32L4xx_HAL_Driver/Src/stm32l4xx_hal_tim_ex.o
 .debug_abbrev  0x00002a6f      0x2d0 ./Drivers/STM32L4xx_HAL_Driver/Src/stm32l4xx_hal_uart.o

.debug_aranges  0x00000000     0x1298
 .debug_aranges
                0x00000000       0x18 ./Core/Src/c64/basic.o
 .debug_aranges
                0x00000018       0x18 ./Core/Src/c64/characters.o
 .debug_aranges
                0x00000030       0x30 ./Core/Src/c64/cia.o
 .debug_aranges
                0x00000060      0x110 ./Core/Src/c64/cpu.o
 .debug_aranges
                0x00000170       0x78 ./Core/Src/c64/display.o
 .debug_aranges
                0x000001e8       0x18 ./Core/Src/c64/kernal.o
 .debug_aranges
                0x00000200       0x30 ./Core/Src/c64/memory.o
 .debug_aranges
                0x00000230       0x30 ./Core/Src/c64/vic.o
 .debug_aranges
                0x00000260       0x70 ./Core/Src/main.o
 .debug_aranges
                0x000002d0       0x58 ./Core/Src/stm32l4xx_hal_msp.o
 .debug_aranges
                0x00000328       0x70 ./Core/Src/stm32l4xx_it.o
 .debug_aranges
                0x00000398       0x28 ./Core/Src/system_stm32l4xx.o
 .debug_aranges
                0x000003c0       0x28 ./Core/Startup/startup_stm32l476rgtx.o
 .debug_aranges
                0x000003e8      0x130 ./Drivers/STM32L4xx_HAL_Driver/Src/stm32l4xx_hal.o
 .debug_aranges
                0x00000518      0x128 ./Drivers/STM32L4xx_HAL_Driver/Src/stm32l4xx_hal_cortex.o
 .debug_aranges
                0x00000640       0xc0 ./Drivers/STM32L4xx_HAL_Driver/Src/stm32l4xx_hal_dac.o
 .debug_aranges
                0x00000700       0x88 ./Drivers/STM32L4xx_HAL_Driver/Src/stm32l4xx_hal_dac_ex.o
 .debug_aranges
                0x00000788       0x80 ./Drivers/STM32L4xx_HAL_Driver/Src/stm32l4xx_hal_dma.o
 .debug_aranges
                0x00000808       0x58 ./Drivers/STM32L4xx_HAL_Driver/Src/stm32l4xx_hal_gpio.o
 .debug_aranges
                0x00000860      0x160 ./Drivers/STM32L4xx_HAL_Driver/Src/stm32l4xx_hal_pwr_ex.o
 .debug_aranges
                0x000009c0       0x90 ./Drivers/STM32L4xx_HAL_Driver/Src/stm32l4xx_hal_rcc.o
 .debug_aranges
                0x00000a50       0xc0 ./Drivers/STM32L4xx_HAL_Driver/Src/stm32l4xx_hal_rcc_ex.o
 .debug_aranges
                0x00000b10      0x3e0 ./Drivers/STM32L4xx_HAL_Driver/Src/stm32l4xx_hal_tim.o
 .debug_aranges
                0x00000ef0      0x180 ./Drivers/STM32L4xx_HAL_Driver/Src/stm32l4xx_hal_tim_ex.o
 .debug_aranges
                0x00001070      0x228 ./Drivers/STM32L4xx_HAL_Driver/Src/stm32l4xx_hal_uart.o

.debug_macro    0x00000000    0x2783b
 .debug_macro   0x00000000       0x67 ./Core/Src/c64/basic.o
 .debug_macro   0x00000067      0xab4 ./Core/Src/c64/basic.o
 .debug_macro   0x00000b1b       0x22 ./Core/Src/c64/basic.o
 .debug_macro   0x00000b3d       0x8e ./Core/Src/c64/basic.o
 .debug_macro   0x00000bcb       0x51 ./Core/Src/c64/basic.o
 .debug_macro   0x00000c1c      0x103 ./Core/Src/c64/basic.o
 .debug_macro   0x00000d1f       0x6a ./Core/Src/c64/basic.o
 .debug_macro   0x00000d89      0x1df ./Core/Src/c64/basic.o
 .debug_macro   0x00000f68       0x67 ./Core/Src/c64/characters.o
 .debug_macro   0x00000fcf       0x70 ./Core/Src/c64/cia.o
 .debug_macro   0x0000103f       0x22 ./Core/Src/c64/cia.o
 .debug_macro   0x00001061      0x164 ./Core/Src/c64/cpu.o
 .debug_macro   0x000011c5       0x61 ./Core/Src/c64/cpu.o
 .debug_macro   0x00001226       0x2a ./Core/Src/c64/cpu.o
 .debug_macro   0x00001250       0x43 ./Core/Src/c64/cpu.o
 .debug_macro   0x00001293       0x34 ./Core/Src/c64/cpu.o
 .debug_macro   0x000012c7      0x189 ./Core/Src/c64/cpu.o
 .debug_macro   0x00001450       0x16 ./Core/Src/c64/cpu.o
 .debug_macro   0x00001466       0x43 ./Core/Src/c64/cpu.o
 .debug_macro   0x000014a9       0x34 ./Core/Src/c64/cpu.o
 .debug_macro   0x000014dd       0x10 ./Core/Src/c64/cpu.o
 .debug_macro   0x000014ed       0x58 ./Core/Src/c64/cpu.o
 .debug_macro   0x00001545       0x8e ./Core/Src/c64/cpu.o
 .debug_macro   0x000015d3       0x1c ./Core/Src/c64/cpu.o
 .debug_macro   0x000015ef      0x177 ./Core/Src/c64/cpu.o
 .debug_macro   0x00001766      0x369 ./Core/Src/c64/cpu.o
 .debug_macro   0x00001acf       0x10 ./Core/Src/c64/cpu.o
 .debug_macro   0x00001adf       0x35 ./Core/Src/c64/cpu.o
 .debug_macro   0x00001b14       0x20 ./Core/Src/c64/cpu.o
 .debug_macro   0x00001b34       0x52 ./Core/Src/c64/cpu.o
 .debug_macro   0x00001b86      0x148 ./Core/Src/c64/display.o
 .debug_macro   0x00001cce       0x67 ./Core/Src/c64/kernal.o
 .debug_macro   0x00001d35      0x160 ./Core/Src/c64/memory.o
 .debug_macro   0x00001e95      0x150 ./Core/Src/c64/vic.o
 .debug_macro   0x00001fe5      0x33a ./Core/Src/main.o
 .debug_macro   0x0000231f      0x1ad ./Core/Src/main.o
 .debug_macro   0x000024cc       0x2e ./Core/Src/main.o
 .debug_macro   0x000024fa       0x28 ./Core/Src/main.o
 .debug_macro   0x00002522       0x1c ./Core/Src/main.o
 .debug_macro   0x0000253e       0x22 ./Core/Src/main.o
 .debug_macro   0x00002560       0xfb ./Core/Src/main.o
 .debug_macro   0x0000265b     0x1011 ./Core/Src/main.o
 .debug_macro   0x0000366c      0x11f ./Core/Src/main.o
 .debug_macro   0x0000378b    0x1a17a ./Core/Src/main.o
 .debug_macro   0x0001d905       0x6d ./Core/Src/main.o
 .debug_macro   0x0001d972     0x38fb ./Core/Src/main.o
 .debug_macro   0x0002126d       0x5c ./Core/Src/main.o
 .debug_macro   0x000212c9     0x159e ./Core/Src/main.o
 .debug_macro   0x00022867      0x5a5 ./Core/Src/main.o
 .debug_macro   0x00022e0c      0x1b9 ./Core/Src/main.o
 .debug_macro   0x00022fc5      0x18b ./Core/Src/main.o
 .debug_macro   0x00023150      0x26b ./Core/Src/main.o
 .debug_macro   0x000233bb      0x23d ./Core/Src/main.o
 .debug_macro   0x000235f8      0x153 ./Core/Src/main.o
 .debug_macro   0x0002374b       0xd8 ./Core/Src/main.o
 .debug_macro   0x00023823      0x241 ./Core/Src/main.o
 .debug_macro   0x00023a64      0x37c ./Core/Src/main.o
 .debug_macro   0x00023de0       0xd6 ./Core/Src/main.o
 .debug_macro   0x00023eb6      0x122 ./Core/Src/main.o
 .debug_macro   0x00023fd8      0x3ef ./Core/Src/main.o
 .debug_macro   0x000243c7      0xa98 ./Core/Src/main.o
 .debug_macro   0x00024e5f      0x1e6 ./Core/Src/main.o
 .debug_macro   0x00025045      0x5cf ./Core/Src/main.o
 .debug_macro   0x00025614       0x44 ./Core/Src/main.o
 .debug_macro   0x00025658      0x330 ./Core/Src/main.o
 .debug_macro   0x00025988       0x58 ./Core/Src/main.o
 .debug_macro   0x000259e0      0x19b ./Core/Src/main.o
 .debug_macro   0x00025b7b      0x1e3 ./Core/Src/stm32l4xx_hal_msp.o
 .debug_macro   0x00025d5e      0x1ed ./Core/Src/stm32l4xx_it.o
 .debug_macro   0x00025f4b      0x1d4 ./Core/Src/system_stm32l4xx.o
 .debug_macro   0x0002611f      0x222 ./Drivers/STM32L4xx_HAL_Driver/Src/stm32l4xx_hal.o
 .debug_macro   0x00026341      0x1d4 ./Drivers/STM32L4xx_HAL_Driver/Src/stm32l4xx_hal_cortex.o
 .debug_macro   0x00026515      0x1e3 ./Drivers/STM32L4xx_HAL_Driver/Src/stm32l4xx_hal_dac.o
 .debug_macro   0x000266f8      0x1d4 ./Drivers/STM32L4xx_HAL_Driver/Src/stm32l4xx_hal_dac_ex.o
 .debug_macro   0x000268cc      0x1d4 ./Drivers/STM32L4xx_HAL_Driver/Src/stm32l4xx_hal_dma.o
 .debug_macro   0x00026aa0      0x1db ./Drivers/STM32L4xx_HAL_Driver/Src/stm32l4xx_hal_gpio.o
 .debug_macro   0x00026c7b      0x1f8 ./Drivers/STM32L4xx_HAL_Driver/Src/stm32l4xx_hal_pwr_ex.o
 .debug_macro   0x00026e73      0x216 ./Drivers/STM32L4xx_HAL_Driver/Src/stm32l4xx_hal_rcc.o
 .debug_macro   0x00027089      0x20a ./Drivers/STM32L4xx_HAL_Driver/Src/stm32l4xx_hal_rcc_ex.o
 .debug_macro   0x00027293      0x1d5 ./Drivers/STM32L4xx_HAL_Driver/Src/stm32l4xx_hal_tim.o
 .debug_macro   0x00027468      0x1d4 ./Drivers/STM32L4xx_HAL_Driver/Src/stm32l4xx_hal_tim_ex.o
 .debug_macro   0x0002763c      0x1ff ./Drivers/STM32L4xx_HAL_Driver/Src/stm32l4xx_hal_uart.o

.debug_line     0x00000000    0x16ae4
 .debug_line    0x00000000      0x41a ./Core/Src/c64/basic.o
 .debug_line    0x0000041a      0x424 ./Core/Src/c64/characters.o
 .debug_line    0x0000083e      0x48e ./Core/Src/c64/cia.o
 .debug_line    0x00000ccc     0x1170 ./Core/Src/c64/cpu.o
 .debug_line    0x00001e3c      0x7df ./Core/Src/c64/display.o
 .debug_line    0x0000261b      0x41c ./Core/Src/c64/kernal.o
 .debug_line    0x00002a37      0x7f5 ./Core/Src/c64/memory.o
 .debug_line    0x0000322c      0x6cc ./Core/Src/c64/vic.o
 .debug_line    0x000038f8      0xece ./Core/Src/main.o
 .debug_line    0x000047c6      0x8d7 ./Core/Src/stm32l4xx_hal_msp.o
 .debug_line    0x0000509d      0x873 ./Core/Src/stm32l4xx_it.o
 .debug_line    0x00005910      0x81b ./Core/Src/system_stm32l4xx.o
 .debug_line    0x0000612b       0x7a ./Core/Startup/startup_stm32l476rgtx.o
 .debug_line    0x000061a5      0xb77 ./Drivers/STM32L4xx_HAL_Driver/Src/stm32l4xx_hal.o
 .debug_line    0x00006d1c      0xd3f ./Drivers/STM32L4xx_HAL_Driver/Src/stm32l4xx_hal_cortex.o
 .debug_line    0x00007a5b      0xc5c ./Drivers/STM32L4xx_HAL_Driver/Src/stm32l4xx_hal_dac.o
 .debug_line    0x000086b7      0xa7c ./Drivers/STM32L4xx_HAL_Driver/Src/stm32l4xx_hal_dac_ex.o
 .debug_line    0x00009133      0xd7b ./Drivers/STM32L4xx_HAL_Driver/Src/stm32l4xx_hal_dma.o
 .debug_line    0x00009eae      0xc02 ./Drivers/STM32L4xx_HAL_Driver/Src/stm32l4xx_hal_gpio.o
 .debug_line    0x0000aab0      0xd68 ./Drivers/STM32L4xx_HAL_Driver/Src/stm32l4xx_hal_pwr_ex.o
 .debug_line    0x0000b818      0xfef ./Drivers/STM32L4xx_HAL_Driver/Src/stm32l4xx_hal_rcc.o
 .debug_line    0x0000c807     0x1561 ./Drivers/STM32L4xx_HAL_Driver/Src/stm32l4xx_hal_rcc_ex.o
 .debug_line    0x0000dd68     0x3e85 ./Drivers/STM32L4xx_HAL_Driver/Src/stm32l4xx_hal_tim.o
 .debug_line    0x00011bed     0x1c6f ./Drivers/STM32L4xx_HAL_Driver/Src/stm32l4xx_hal_tim_ex.o
 .debug_line    0x0001385c     0x3288 ./Drivers/STM32L4xx_HAL_Driver/Src/stm32l4xx_hal_uart.o

.debug_str      0x00000000    0xf493f
 .debug_str     0x00000000     0x3bb8 ./Core/Src/c64/basic.o
                               0x3d20 (size before relaxing)
 .debug_str     0x00003bb8       0x28 ./Core/Src/c64/characters.o
                               0x3d2a (size before relaxing)
 .debug_str     0x00003be0       0x98 ./Core/Src/c64/cia.o
                               0x3da8 (size before relaxing)
 .debug_str     0x00003c78     0x3704 ./Core/Src/c64/cpu.o
                               0x74fc (size before relaxing)
 .debug_str     0x0000737c      0x139 ./Core/Src/c64/display.o
                               0x7433 (size before relaxing)
 .debug_str     0x000074b5       0x20 ./Core/Src/c64/kernal.o
                               0x3d22 (size before relaxing)
 .debug_str     0x000074d5       0x65 ./Core/Src/c64/memory.o
                               0x73d3 (size before relaxing)
 .debug_str     0x0000753a       0x5d ./Core/Src/c64/vic.o
                               0x73bf (size before relaxing)
 .debug_str     0x00007597    0xe95b0 ./Core/Src/main.o
                              0xf0b02 (size before relaxing)
 .debug_str     0x000f0b47      0x367 ./Core/Src/stm32l4xx_hal_msp.o
                              0xecc0c (size before relaxing)
 .debug_str     0x000f0eae      0x108 ./Core/Src/stm32l4xx_it.o
                              0xebce2 (size before relaxing)
 .debug_str     0x000f0fb6       0xf2 ./Core/Src/system_stm32l4xx.o
                              0xeb9d4 (size before relaxing)
 .debug_str     0x000f10a8       0x44 ./Core/Startup/startup_stm32l476rgtx.o
                                 0x75 (size before relaxing)
 .debug_str     0x000f10ec      0x6a3 ./Drivers/STM32L4xx_HAL_Driver/Src/stm32l4xx_hal.o
                              0xec5d3 (size before relaxing)
 .debug_str     0x000f178f      0x355 ./Drivers/STM32L4xx_HAL_Driver/Src/stm32l4xx_hal_cortex.o
                              0xec24d (size before relaxing)
 .debug_str     0x000f1ae4      0x1fb ./Drivers/STM32L4xx_HAL_Driver/Src/stm32l4xx_hal_dac.o
                              0xebea0 (size before relaxing)
 .debug_str     0x000f1cdf      0x18d ./Drivers/STM32L4xx_HAL_Driver/Src/stm32l4xx_hal_dac_ex.o
                              0xebdcf (size before relaxing)
 .debug_str     0x000f1e6c      0x205 ./Drivers/STM32L4xx_HAL_Driver/Src/stm32l4xx_hal_dma.o
                              0xebc3e (size before relaxing)
 .debug_str     0x000f2071      0x123 ./Drivers/STM32L4xx_HAL_Driver/Src/stm32l4xx_hal_gpio.o
                              0xebb4d (size before relaxing)
 .debug_str     0x000f2194      0x4e3 ./Drivers/STM32L4xx_HAL_Driver/Src/stm32l4xx_hal_pwr_ex.o
                              0xebf2f (size before relaxing)
 .debug_str     0x000f2677      0x33f ./Drivers/STM32L4xx_HAL_Driver/Src/stm32l4xx_hal_rcc.o
                              0xec01a (size before relaxing)
 .debug_str     0x000f29b6      0x3bf ./Drivers/STM32L4xx_HAL_Driver/Src/stm32l4xx_hal_rcc_ex.o
                              0xec193 (size before relaxing)
 .debug_str     0x000f2d75      0xd90 ./Drivers/STM32L4xx_HAL_Driver/Src/stm32l4xx_hal_tim.o
                              0xecd14 (size before relaxing)
 .debug_str     0x000f3b05      0x588 ./Drivers/STM32L4xx_HAL_Driver/Src/stm32l4xx_hal_tim_ex.o
                              0xec628 (size before relaxing)
 .debug_str     0x000f408d      0x8b2 ./Drivers/STM32L4xx_HAL_Driver/Src/stm32l4xx_hal_uart.o
                              0xec72c (size before relaxing)

.comment        0x00000000       0x43
 .comment       0x00000000       0x43 ./Core/Src/c64/basic.o
                                 0x44 (size before relaxing)
 .comment       0x00000043       0x44 ./Core/Src/c64/characters.o
 .comment       0x00000043       0x44 ./Core/Src/c64/cia.o
 .comment       0x00000043       0x44 ./Core/Src/c64/cpu.o
 .comment       0x00000043       0x44 ./Core/Src/c64/display.o
 .comment       0x00000043       0x44 ./Core/Src/c64/kernal.o
 .comment       0x00000043       0x44 ./Core/Src/c64/memory.o
 .comment       0x00000043       0x44 ./Core/Src/c64/vic.o
 .comment       0x00000043       0x44 ./Core/Src/main.o
 .comment       0x00000043       0x44 ./Core/Src/stm32l4xx_hal_msp.o
 .comment       0x00000043       0x44 ./Core/Src/stm32l4xx_it.o
 .comment       0x00000043       0x44 ./Core/Src/system_stm32l4xx.o
 .comment       0x00000043       0x44 ./Drivers/STM32L4xx_HAL_Driver/Src/stm32l4xx_hal.o
 .comment       0x00000043       0x44 ./Drivers/STM32L4xx_HAL_Driver/Src/stm32l4xx_hal_cortex.o
 .comment       0x00000043       0x44 ./Drivers/STM32L4xx_HAL_Driver/Src/stm32l4xx_hal_dac.o
 .comment       0x00000043       0x44 ./Drivers/STM32L4xx_HAL_Driver/Src/stm32l4xx_hal_dac_ex.o
 .comment       0x00000043       0x44 ./Drivers/STM32L4xx_HAL_Driver/Src/stm32l4xx_hal_dma.o
 .comment       0x00000043       0x44 ./Drivers/STM32L4xx_HAL_Driver/Src/stm32l4xx_hal_gpio.o
 .comment       0x00000043       0x44 ./Drivers/STM32L4xx_HAL_Driver/Src/stm32l4xx_hal_pwr_ex.o
 .comment       0x00000043       0x44 ./Drivers/STM32L4xx_HAL_Driver/Src/stm32l4xx_hal_rcc.o
 .comment       0x00000043       0x44 ./Drivers/STM32L4xx_HAL_Driver/Src/stm32l4xx_hal_rcc_ex.o
 .comment       0x00000043       0x44 ./Drivers/STM32L4xx_HAL_Driver/Src/stm32l4xx_hal_tim.o
 .comment       0x00000043       0x44 ./Drivers/STM32L4xx_HAL_Driver/Src/stm32l4xx_hal_tim_ex.o
 .comment       0x00000043       0x44 ./Drivers/STM32L4xx_HAL_Driver/Src/stm32l4xx_hal_uart.o

.debug_rnglists
                0x00000000      0xe32
 .debug_rnglists
                0x00000000       0x1f ./Core/Src/c64/cia.o
 .debug_rnglists
                0x0000001f       0xcf ./Core/Src/c64/cpu.o
 .debug_rnglists
                0x000000ee       0x56 ./Core/Src/c64/display.o
 .debug_rnglists
                0x00000144       0x21 ./Core/Src/c64/memory.o
 .debug_rnglists
                0x00000165       0x21 ./Core/Src/c64/vic.o
 .debug_rnglists
                0x00000186       0x56 ./Core/Src/main.o
 .debug_rnglists
                0x000001dc       0x3f ./Core/Src/stm32l4xx_hal_msp.o
 .debug_rnglists
                0x0000021b       0x4f ./Core/Src/stm32l4xx_it.o
 .debug_rnglists
                0x0000026a       0x1a ./Core/Src/system_stm32l4xx.o
 .debug_rnglists
                0x00000284       0x19 ./Core/Startup/startup_stm32l476rgtx.o
 .debug_rnglists
                0x0000029d       0xdf ./Drivers/STM32L4xx_HAL_Driver/Src/stm32l4xx_hal.o
 .debug_rnglists
                0x0000037c       0xda ./Drivers/STM32L4xx_HAL_Driver/Src/stm32l4xx_hal_cortex.o
 .debug_rnglists
                0x00000456       0x90 ./Drivers/STM32L4xx_HAL_Driver/Src/stm32l4xx_hal_dac.o
 .debug_rnglists
                0x000004e6       0x62 ./Drivers/STM32L4xx_HAL_Driver/Src/stm32l4xx_hal_dac_ex.o
 .debug_rnglists
                0x00000548       0x64 ./Drivers/STM32L4xx_HAL_Driver/Src/stm32l4xx_hal_dma.o
 .debug_rnglists
                0x000005ac       0x3f ./Drivers/STM32L4xx_HAL_Driver/Src/stm32l4xx_hal_gpio.o
 .debug_rnglists
                0x000005eb      0x109 ./Drivers/STM32L4xx_HAL_Driver/Src/stm32l4xx_hal_pwr_ex.o
 .debug_rnglists
                0x000006f4       0x6d ./Drivers/STM32L4xx_HAL_Driver/Src/stm32l4xx_hal_rcc.o
 .debug_rnglists
                0x00000761       0x95 ./Drivers/STM32L4xx_HAL_Driver/Src/stm32l4xx_hal_rcc_ex.o
 .debug_rnglists
                0x000007f6      0x328 ./Drivers/STM32L4xx_HAL_Driver/Src/stm32l4xx_hal_tim.o
 .debug_rnglists
                0x00000b1e      0x139 ./Drivers/STM32L4xx_HAL_Driver/Src/stm32l4xx_hal_tim_ex.o
 .debug_rnglists
                0x00000c57      0x1db ./Drivers/STM32L4xx_HAL_Driver/Src/stm32l4xx_hal_uart.o

.debug_frame    0x00000000     0x507c
 .debug_frame   0x00000000       0x84 ./Core/Src/c64/cia.o
 .debug_frame   0x00000084      0x464 ./Core/Src/c64/cpu.o
 .debug_frame   0x000004e8      0x1c4 ./Core/Src/c64/display.o
 .debug_frame   0x000006ac       0x84 ./Core/Src/c64/memory.o
 .debug_frame   0x00000730       0x84 ./Core/Src/c64/vic.o
 .debug_frame   0x000007b4      0x184 ./Core/Src/main.o
 .debug_frame   0x00000938      0x140 ./Core/Src/stm32l4xx_hal_msp.o
 .debug_frame   0x00000a78      0x13c ./Core/Src/stm32l4xx_it.o
 .debug_frame   0x00000bb4       0x58 ./Core/Src/system_stm32l4xx.o
 .debug_frame   0x00000c0c      0x498 ./Drivers/STM32L4xx_HAL_Driver/Src/stm32l4xx_hal.o
 .debug_frame   0x000010a4      0x4e8 ./Drivers/STM32L4xx_HAL_Driver/Src/stm32l4xx_hal_cortex.o
 .debug_frame   0x0000158c      0x338 ./Drivers/STM32L4xx_HAL_Driver/Src/stm32l4xx_hal_dac.o
 .debug_frame   0x000018c4      0x234 ./Drivers/STM32L4xx_HAL_Driver/Src/stm32l4xx_hal_dac_ex.o
 .debug_frame   0x00001af8      0x204 ./Drivers/STM32L4xx_HAL_Driver/Src/stm32l4xx_hal_dma.o
 .debug_frame   0x00001cfc      0x14c ./Drivers/STM32L4xx_HAL_Driver/Src/stm32l4xx_hal_gpio.o
 .debug_frame   0x00001e48      0x584 ./Drivers/STM32L4xx_HAL_Driver/Src/stm32l4xx_hal_pwr_ex.o
 .debug_frame   0x000023cc      0x21c ./Drivers/STM32L4xx_HAL_Driver/Src/stm32l4xx_hal_rcc.o
 .debug_frame   0x000025e8      0x2fc ./Drivers/STM32L4xx_HAL_Driver/Src/stm32l4xx_hal_rcc_ex.o
 .debug_frame   0x000028e4     0x121c ./Drivers/STM32L4xx_HAL_Driver/Src/stm32l4xx_hal_tim.o
 .debug_frame   0x00003b00      0x6b0 ./Drivers/STM32L4xx_HAL_Driver/Src/stm32l4xx_hal_tim_ex.o
 .debug_frame   0x000041b0      0x9f4 ./Drivers/STM32L4xx_HAL_Driver/Src/stm32l4xx_hal_uart.o
 .debug_frame   0x00004ba4       0x20 C:/ST/STM32CubeIDE_1.15.1/STM32CubeIDE/plugins/com.st.stm32cube.ide.mcu.externaltools.gnu-tools-for-stm32.12.3.rel1.win32_1.0.100.202403111256/tools/bin/../lib/gcc/arm-none-eabi/12.3.1/../../../../arm-none-eabi/lib/thumb/v7e-m+fp/hard\libc_nano.a(libc_a-memset.o)
 .debug_frame   0x00004bc4       0x2c C:/ST/STM32CubeIDE_1.15.1/STM32CubeIDE/plugins/com.st.stm32cube.ide.mcu.externaltools.gnu-tools-for-stm32.12.3.rel1.win32_1.0.100.202403111256/tools/bin/../lib/gcc/arm-none-eabi/12.3.1/../../../../arm-none-eabi/lib/thumb/v7e-m+fp/hard\libc_nano.a(libc_a-init.o)
 .debug_frame   0x00004bf0       0x28 C:/ST/STM32CubeIDE_1.15.1/STM32CubeIDE/plugins/com.st.stm32cube.ide.mcu.externaltools.gnu-tools-for-stm32.12.3.rel1.win32_1.0.100.202403111256/tools/bin/../lib/gcc/arm-none-eabi/12.3.1/../../../../arm-none-eabi/lib/thumb/v7e-m+fp/hard\libc_nano.a(libc_a-memcpy-stub.o)
 .debug_frame   0x00004c18       0x38 C:/ST/STM32CubeIDE_1.15.1/STM32CubeIDE/plugins/com.st.stm32cube.ide.mcu.externaltools.gnu-tools-for-stm32.12.3.rel1.win32_1.0.100.202403111256/tools/bin/../lib/gcc/arm-none-eabi/12.3.1/../../../../arm-none-eabi/lib/thumb/v7e-m+fp/hard\libm.a(libm_a-s_cos.o)
 .debug_frame   0x00004c50       0x38 C:/ST/STM32CubeIDE_1.15.1/STM32CubeIDE/plugins/com.st.stm32cube.ide.mcu.externaltools.gnu-tools-for-stm32.12.3.rel1.win32_1.0.100.202403111256/tools/bin/../lib/gcc/arm-none-eabi/12.3.1/../../../../arm-none-eabi/lib/thumb/v7e-m+fp/hard\libm.a(libm_a-s_sin.o)