../Core/Src/c64/cpu.c:9:6:reset	8	static
../Core/Src/c64/cpu.c:18:6:irq	8	static
../Core/Src/c64/cpu.c:30:6:nmi	8	static
../Core/Src/c64/cpu.c:38:9:s_pop	4	static
../Core/Src/c64/cpu.c:43:6:s_push	16	static
../Core/Src/c64/cpu.c:48:10:s_pop16	16	static
../Core/Src/c64/cpu.c:55:6:s_push16	16	static
../Core/Src/c64/cpu.c:61:6:load_ins_buf	32	static
../Core/Src/c64/cpu.c:68:6:get_operand	32	static
../Core/Src/c64/cpu.c:196:6:exec_ora	24	static
../Core/Src/c64/cpu.c:207:6:exec_and	24	static
../Core/Src/c64/cpu.c:218:6:exec_eor	24	static
../Core/Src/c64/cpu.c:229:8:setCV	24	static
../Core/Src/c64/cpu.c:240:6:exec_adc	24	static
../Core/Src/c64/cpu.c:251:6:exec_sbc	24	static
../Core/Src/c64/cpu.c:262:6:exec_cmp	24	static
../Core/Src/c64/cpu.c:274:6:exec_cpx	24	static
../Core/Src/c64/cpu.c:286:6:exec_cpy	24	static
../Core/Src/c64/cpu.c:298:6:exec_dec	24	static
../Core/Src/c64/cpu.c:310:6:exec_inc	24	static
../Core/Src/c64/cpu.c:322:6:exec_asl	24	static
../Core/Src/c64/cpu.c:335:6:exec_rol	24	static
../Core/Src/c64/cpu.c:349:6:exec_lsr	24	static
../Core/Src/c64/cpu.c:362:6:exec_ror	24	static
../Core/Src/c64/cpu.c:376:6:exec_lda	24	static
../Core/Src/c64/cpu.c:387:6:exec_sta	24	static
../Core/Src/c64/cpu.c:399:6:exec_ldx	24	static
../Core/Src/c64/cpu.c:410:6:exec_stx	24	static
../Core/Src/c64/cpu.c:422:6:exec_ldy	24	static
../Core/Src/c64/cpu.c:433:6:exec_sty	24	static
../Core/Src/c64/cpu.c:445:6:exec_ins	24	static
