../Core/Src/main.c:92:5:main	24	static
../Core/Src/main.c:240:6:SystemClock_Config	96	static
../Core/Src/main.c:292:13:MX_DAC1_Init	48	static
../Core/Src/main.c:336:13:MX_TIM2_Init	64	static
../Core/Src/main.c:398:13:MX_TIM4_Init	40	static
../Core/Src/main.c:445:13:MX_TIM15_Init	40	static
../Core/Src/main.c:493:13:MX_USART2_UART_Init	8	static
../Core/Src/main.c:526:13:MX_DMA_Init	16	static
../Core/Src/main.c:544:13:MX_GPIO_Init	48	static
../Core/Src/main.c:578:5:__io_putchar	16	static
../Core/Src/main.c:583:6:HAL_DAC_ConvHalfCpltCallbackCh1	16	static
../Core/Src/main.c:588:6:HAL_DAC_ConvCpltCallbackCh1	16	static
../Core/Src/main.c:593:6:HAL_TIM_PeriodElapsedCallback	16	static
../Core/Src/main.c:601:9:gpio_read	16	static
../Core/Src/main.c:606:6:gpio_write	16	static
../Core/Src/main.c:611:6:display_set_pixel	16	static
../Core/Src/main.c:637:6:Error_Handler	4	static,ignoring_inline_asm
