../Core/Src/main.c:99:5:main	128	static
../Core/Src/main.c:410:6:SystemClock_Config	96	static
../Core/Src/main.c:462:13:MX_DAC1_Init	48	static
../Core/Src/main.c:506:13:MX_TIM2_Init	64	static
../Core/Src/main.c:568:13:MX_TIM4_Init	40	static
../Core/Src/main.c:615:13:MX_USART2_UART_Init	8	static
../Core/Src/main.c:648:13:MX_DMA_Init	16	static
../Core/Src/main.c:666:13:MX_GPIO_Init	48	static
../Core/Src/main.c:700:6:HAL_DAC_ConvHalfCpltCallbackCh1	16	static
../Core/Src/main.c:751:6:HAL_DAC_ConvCpltCallbackCh1	16	static
../Core/Src/main.c:810:6:Error_Handler	4	static,ignoring_inline_asm
